0.027414 95
0.001459 8
0.000017 96
1.971167 103
34.410412 75
0.806166 332
0.524502 2
0.000011 9
0.003608 8
0.000024 96
63.393594 1
0.114664 1
0.129301 1
0.140042 1
0.628500 2
0.000012 9
0.002831 34
0.066881 29
0.068338 29
0.072752 29
0.073990 8
0.000014 96
3.392984 1
1.476441 1
0.776504 2
0.000014 9
0.001472 222
0.000219 8
0.000020 96
1.623268 1
0.114221 1
0.656556 1
0.244841 5
1.203642 1
0.167173 1
0.852323 2
0.000012 9
0.002154 28
0.000061 84
0.000010 42
0.000008 7
0.000030 104
0.000018 44
0.000020 141
0.000021 7
0.000010 82
0.000056 134
0.000390 8
0.000028 96
9.106743 1
0.106959 1
0.364508 1
0.200236 1
0.239259 5
3.032037 2
0.000013 9
0.002077 69
3.713898 1
0.108471 1
0.471500 2
0.000106 183
4.871449 1
0.180226 1
0.316489 2
0.000065 114
0.000010 69
5.179979 1
0.122948 1
0.588769 2
0.000046 11
0.000482 8
0.000031 96
2.847790 9
1.124988 12
0.567460 1
0.395246 3
0.416754 1
0.102974 1
0.132765 1
0.200087 5
0.843949 1
0.203958 2
0.000020 9
0.002173 28
0.000068 126
0.000019 7
0.000010 104
0.000010 44
0.000018 141
0.000009 7
0.000019 82
0.000009 30
0.000018 104
0.000298 8
0.000027 96
10.920421 1
0.113665 1
0.187790 1
0.140091 5
0.869695 1
0.346194 2
0.000011 9
0.002130 27
0.000043 46
0.000043 94
0.000010 47
0.000009 7
0.000030 82
0.000066 62
0.000303 8
0.000020 96
10.537410 103
11.614553 101
3.428256 101
24.152088 1
0.793242 1
0.208187 1
0.098753 1
0.288275 1
1.037028 1
0.234466 1
0.128051 1
1.764752 1
0.248498 1
0.550221 1
0.280736 1
0.160782 1
0.935266 1
0.755224 1
0.470509 1
0.242716 1
0.327270 1
0.263991 1
1.664303 1
0.493482 1
0.204534 1
0.313973 1
0.471754 1
0.271481 1
0.175978 1
1.203545 1
0.636498 1
0.238709 1
0.154760 1
1.075520 1
0.147784 1
0.114963 1
0.581010 1
0.131248 1
0.249015 1
0.394490 1
0.229241 1
0.906525 1
0.217452 1
0.723509 1
0.212490 1
0.151489 1
0.884789 1
0.751997 1
0.316746 7
1.529786 2
0.000025 9
0.011889 189
0.000203 235
0.000546 171
0.000340 175
0.001107 429
0.000344 188
0.000246 227
0.000250 185
0.000205 201
0.000220 191
0.000238 258
0.000078 244
0.001481 8
0.000026 96
76.297569 1
1.150731 1
0.158948 1
1.185789 1
0.301518 1
0.466958 10
0.898787 2
0.000013 9
0.042970 101
0.004280 51
0.000053 12
0.003686 63
0.000010 18
0.004207 2023
0.001242 843
0.019313 100
0.000010 7
0.000049 166
0.000030 36
1.984940 23
0.000227 39
0.538062 79
0.000184 39
0.092214 79
0.000180 39
0.087421 84
0.000235 41
0.091680 82
0.000150 41
0.092056 82
0.000148 45
0.092637 86
0.000149 42
0.091713 82
0.000225 41
0.083604 82
0.000234 41
0.087750 82
0.000240 41
0.092598 83
0.000234 41
10.063721 32
1.019890 24
0.000277 41
1.775991 24
0.000313 41
0.454477 24
0.000216 41
0.780337 217
0.224332 268
0.021760 301
2.982529 22
0.000071 87
0.863915 88
0.755666 80
9.716236 30
0.711894 30
2.808099 48
0.823705 24
0.000515 57
0.000020 25
0.651661 1
0.630731 1
0.700749 1
0.000055 41
0.000058 13
0.000822 20
0.002457 15
0.000025 55
0.002418 8
0.000029 96
1.414159 15
0.238271 72
1.162215 11
0.013761 235
0.000569 171
0.000356 175
0.001030 429
0.000315 188
0.000229 227
0.000236 185
0.000189 201
0.000204 191
0.000223 258
0.000108 244
0.001313 8
0.000010 96
3.704005 52
0.560984 70
0.767220 11
0.043152 101
0.004253 51
0.000054 12
0.003728 63
0.000020 18
0.004104 2023
0.001300 828
0.084194 107
0.000030 186
0.000017 38
1.174935 218
0.150277 269
0.214732 302
0.181349 227
2.486855 224
2.396605 25
0.000332 43
0.747384 25
0.000308 43
0.231448 25
0.000328 45
0.227444 24
0.000294 47
0.219662 25
0.000314 43
0.191921 25
0.000286 43
0.211964 25
0.000285 43
0.175967 25
0.000271 43
0.181245 25
0.000268 44
0.184743 25
0.000279 43
0.244235 25
0.000229 43
0.199732 25
0.000213 41
0.327379 24
0.000337 41
0.191360 24
0.000272 41
0.203742 24
0.000238 41
0.181736 24
0.000226 41
0.279266 24
0.000216 41
0.780295 22
0.000062 88
2.775733 109
1.040904 109
1.412193 46
0.727207 23
0.000497 56
0.000020 25
1.386173 1
0.183455 1
0.000093 19
0.001171 20
0.000167 40
0.000023 34
3.232431 24
0.000284 41
1.838432 24
0.000289 41
1.255446 24
0.000323 42
0.224149 24
0.000186 41
0.183812 24
0.000287 41
0.211947 24
0.000289 41
0.279460 24
0.000271 41
0.187726 24
0.000272 41
0.184720 24
0.000264 41
0.187533 24
0.000255 42
0.498808 82
0.000236 41
0.091675 90
0.000238 41
0.038989 24
0.000256 41
0.019989 24
0.000254 41
0.088526 83
0.000232 41
0.087751 24
0.000257 41
0.339254 24
0.000297 41
0.432210 24
0.000273 41
0.231713 24
0.000261 41
0.254980 24
0.000787 105
0.233511 24
0.000788 186
0.225937 24
0.000898 175
0.246884 24
0.000855 159
43.851161 32
16.317269 272
0.734999 255
1.780843 224
0.020494 218
7.108201 337
0.019678 216
128.963108 30
1.341044 25
0.000278 43
0.843682 23
0.000290 90
3.375795 50
1.717253 48
1.001073 24
0.000433 35
1.852452 23
0.000023 25
0.641255 1
0.163157 1
1.284284 1
0.000060 41
0.000063 13
0.000723 20
0.002388 15
0.000019 55
0.002725 8
0.000029 96
0.930013 15
0.468016 72
1.383723 11
0.014025 165
0.000275 171
0.000333 175
0.001078 429
0.000374 188
0.000210 227
0.000247 185
0.000198 201
0.000218 191
0.000236 258
0.000075 244
0.001417 8
0.000027 96
190.628948 75
1.159936 1
0.000014 166
1.127555 166
0.499717 6
0.000013 3
0.092209 9
0.083740 6
0.000014 3
0.102529 3
0.000010 6
0.020891 3
0.088264 3
0.000008 3
0.000015 3
0.092482 6
0.000011 3
0.088065 3
0.000009 3
0.020696 3
0.020005 3
0.020233 3
0.091037 3
0.000006 3
0.000015 3
0.091757 3
0.000010 3
0.000018 3
0.088197 6
0.000018 3
0.088221 6
0.021005 3
0.020756 3
0.020457 3
0.090035 9
0.087752 3
0.000011 6
0.091480 3
0.000012 6
0.094236 6
0.000019 3
0.085989 6
0.000011 3
0.092320 3
0.000014 6
0.087709 3
0.000010 6
0.095450 3
0.000007 3
0.000013 3
0.084947 3
0.544791 52
0.670818 70
0.580918 11
0.043404 101
0.004266 51
0.000055 12
0.003783 63
0.000021 18
0.005071 2003
0.001171 737
0.019285 100
0.000009 7
0.000047 186
0.000030 38
1.166156 487
0.088130 293
0.416446 258
0.368575 233
0.083424 166
4.613690 25
0.000292 43
1.214985 25
0.000282 43
0.474683 25
0.000246 43
0.575267 25
0.000257 43
3.191272 23
0.000068 90
0.481410 76
2.489099 46
0.734715 24
0.000518 56
0.000014 25
1.778447 1
0.991968 1
0.720016 1
0.000065 41
0.000067 13
0.000752 20
0.002395 15
0.000019 55
0.002874 8
0.000027 96
0.588308 15
0.467224 72
0.770011 11
0.013304 171
0.000443 175
0.001015 429
0.000347 188
0.000249 227
0.000255 185
0.000220 201
0.000219 191
0.000227 258
0.000076 244
0.001389 8
0.000028 96
273.023360 52
0.736960 55
1.000565 52
0.195775 70
0.759992 11
0.042129 101
0.004655 51
0.000050 12
0.003973 67
0.000014 14
0.005309 2003
0.001166 750
0.034388 107
0.000031 186
0.000013 38
0.795803 25
0.000891 163
0.544357 139
0.000508 130
0.019167 25
0.000526 107
0.021216 24
0.000763 188
0.019764 25
0.000897 177
0.083462 173
0.000759 188
0.019094 25
0.000723 144
0.019793 25
0.000704 140
0.083716 317
0.000686 137
0.086363 142
0.000473 166
0.384728 25
0.000362 43
0.250723 25
0.000323 43
0.259004 25
0.000343 43
37.545981 166
0.021169 337
22.882165 25
0.000297 41
0.443416 24
0.000274 43
56.417223 141
0.102023 12
1.536329 92
1.366103 25
0.000023 37
0.000998 122
1.141054 23
0.000022 25
0.620666 1
0.147212 1
0.104785 1
0.000078 41
0.000064 13
0.000923 20
0.002351 15
0.000019 55
0.002727 8
0.000011 96
0.474314 15
0.406497 72
0.723750 11
0.013346 175
0.001123 429
0.000349 188
0.000252 227
0.000276 185
0.000206 201
0.000223 191
0.000223 302
0.000033 258
0.000075 244
0.001394 8
0.000029 96
13.647802 1
0.103924 1
0.108007 1
0.118972 1
1.985088 1
0.403920 1
0.183770 1
0.111033 1
0.121234 1
0.187025 1
0.556490 1
0.189740 1
13.569816 1
1.996763 1
0.503055 1
0.000021 1
0.000022 1
0.091858 1
0.000027 1
0.000013 1
0.083480 1
0.000013 1
0.000022 1
0.100944 1
0.000012 1
0.000013 1
0.083436 1
1.365627 5
0.638450 1
0.499990 1
0.000013 1
0.000024 1
0.090692 1
0.000013 1
0.000026 1
0.097491 1
0.000014 1
0.000013 1
0.021174 1
0.094264 1
0.000012 1
0.000022 1
0.085209 1
0.000012 1
1.241023 1
1.294550 1
0.203977 1
0.220721 1
0.295741 1
0.420230 1
0.155278 1
0.113719 1
0.123245 1
0.255270 1
2.843310 1
0.216446 1
0.145743 1
0.205489 1
0.093581 1
0.575214 1
0.475021 1
0.261224 1
0.389023 1
0.021459 1
0.220758 1
0.125772 1
0.399742 1
0.162722 1
0.115983 1
0.731813 2
0.000015 9
0.000121 8
0.000023 96
1.472367 39
0.408502 91
0.755523 70
0.659698 11
0.043488 101
0.004191 51
0.000052 12
0.003919 63
0.000010 18
0.005716 1970
0.001470 958
0.020662 100
0.000010 7
0.787369 24
0.000396 41
0.552915 53
0.000657 133
0.595267 24
0.000358 41
0.860393 24
0.000029 35
0.001015 120
0.282886 24
0.000033 35
0.000870 119
0.218080 24
0.000031 35
0.000847 104
0.239906 24
0.000032 35
0.000868 109
0.327083 24
0.000040 35
0.000828 94
2.502159 22
0.000322 85
0.848458 29
0.508966 29
0.483732 29
1.003660 96
0.445233 90
0.675568 104
0.340457 99
1.447664 85
19.057108 30
0.422606 30
1.436261 102
2.287859 46
0.751689 24
0.000474 56
0.000017 25
0.382463 1
0.277048 1
0.838720 1
0.000055 41
0.000057 13
0.000760 20
0.002347 15
0.000020 55
0.002827 8
0.000029 96
1.050159 15
0.285262 54
0.734751 91
0.780002 11
0.013010 164
0.000310 175
0.001114 429
0.000348 188
0.000249 227
0.000267 185
0.000201 201
0.000227 191
0.000232 293
0.000013 258
0.000059 244
0.001378 8
0.000029 96
76.352337 52
0.659456 70
1.559762 11
0.042449 101
0.004169 51
0.000051 12
0.003759 63
0.000012 4
0.000005 14
0.005493 1970
0.001451 950
0.018898 100
0.000010 7
0.000079 186
0.000012 38
0.704429 25
0.000486 135
0.282498 25
0.000653 130
0.171321 25
0.000919 166
0.208403 25
0.000839 128
0.173418 25
0.000832 130
0.196431 25
0.000707 107
0.162277 24
0.000938 188
0.640565 25
0.000387 45
1.163640 24
0.000420 48
0.502626 85
0.000293 43
0.087061 25
0.000300 43
0.227945 25
0.000310 43
1.972258 23
0.000091 90
1.745005 85
0.903456 48
0.723696 24
0.000498 58
0.000016 25
0.661944 1
0.364499 1
0.400729 1
0.000068 41
0.000069 13
0.000722 20
0.002412 41
0.000016 29
0.002926 8
0.000013 96
0.804803 15
0.256239 72
0.744257 11
0.012943 175
0.001122 429
0.000347 188
0.000267 227
0.000259 185
0.000212 201
0.000207 191
0.000243 258
0.000059 244
0.001407 8
0.000022 96
79.171185 52
0.504032 70
1.843942 11
0.043280 101
0.004294 51
0.000049 12
0.003977 67
0.000011 14
0.005585 1970
0.001473 945
0.019389 100
0.000009 7
0.000086 186
0.000011 38
1.363200 231
0.146183 166
0.425514 606
0.018408 266
0.132088 251
3.632212 34
31.645429 25
0.000223 44
3.085805 25
0.000313 43
1.057378 25
0.000279 43
0.495985 25
0.000277 43
1.390254 23
0.000073 90
0.529008 86
1.741740 48
1.001117 24
0.000447 35
87.085259 465
0.283148 322
0.269238 529
0.662324 238
0.584560 239
1.783596 264
2.684749 307
0.020255 270
1.340699 499
1.779168 284
0.020198 280
2.757302 573
0.019873 245
0.178102 165
0.500343 311
0.200264 280
0.454356 996
0.018667 485
0.560987 733
0.018237 281
0.021489 276
0.651874 524
0.451712 610
0.017123 230
0.117021 376
0.595702 468
0.564256 936
0.019851 468
0.743036 989
0.017975 272
0.003635 311
0.129115 718
0.019252 585
0.021455 271
0.106627 490
0.118625 1071
0.017294 290
0.003927 257
0.111199 991
0.021967 278
0.021006 296
0.091110 551
0.018791 217
0.100258 1058
0.014869 165
0.007500 270
0.094284 1068
0.015555 291
0.005801 217
0.016649 277
0.021909 269
0.022145 275
0.022457 402
0.022574 210
0.020992 210
0.020968 210
0.098245 998
0.017718 519
0.020072 12
0.019760 12
0.084665 48
0.021839 12
0.020529 24
0.020208 12
0.020249 12
0.084912 36
0.019588 12
0.020509 12
0.020737 12
0.020752 12
0.020505 12
0.020772 24
0.019724 12
0.019760 12
0.020032 12
0.020506 12
0.020089 12
0.950940 489
0.684155 543
0.020910 224
1.145908 265
0.020506 293
1.620415 243
0.849074 736
0.018170 269
0.656592 518
0.503790 246
0.083227 217
0.519074 545
0.098010 303
0.453117 475
0.018692 263
0.604471 306
31.043566 324
0.291585 164
0.470144 878
0.021094 165
2.868299 225
0.132956 304
2.642619 34
1.165413 34
1.710643 25
0.000288 43
1.088446 25
0.000289 43
2.696474 23
0.000067 90
0.882452 30
0.893592 92
0.688218 99
1.067221 97
3.087808 46
0.983670 23
0.000491 56
0.000025 25
1.220694 1
0.267207 1
0.000099 19
0.001020 20
0.000170 40
0.000024 34
4.359139 235
0.175474 238
23.952324 263
0.269218 575
0.125995 225
0.748976 22
0.000025 25
0.570701 1
0.245223 1
0.227232 1
0.000067 41
0.000062 13
0.000719 20
0.002410 15
0.000024 55
0.002949 8
0.000029 96
0.610506 15
0.311489 72
0.800738 11
0.014688 192
0.000260 429
0.000317 188
0.000231 227
0.000234 185
0.000189 201
0.000205 191
0.000275 244
0.001399 8
0.000073 96
8.673467 52
0.931221 70
1.064236 11
0.043698 101
0.004268 51
0.000051 12
0.003847 63
0.000046 18
0.006766 1974
0.001581 1004
0.020245 100
0.000010 7
0.000047 176
0.000028 37
13.951490 215
0.076535 338
0.332957 257
14.007216 35
59.487955 31
53.156784 25
0.000302 43
1.095147 25
0.000274 43
0.395718 25
0.001774 63
0.350477 25
0.000799 61
0.271219 25
0.001775 64
0.242209 25
0.000809 63
0.230925 25
0.000248 43
0.259791 25
0.000284 43
0.266677 25
0.000239 43
0.231528 25
0.000271 43
0.231953 25
0.000233 43
107.030479 253
3.830473 219
0.116100 327
4.388335 34
6.517321 25
0.000357 44
0.472619 25
0.000356 43
0.176890 25
0.000313 43
0.291921 25
0.000229 43
0.206748 25
0.000220 43
0.168054 25
0.000222 43
0.191279 25
0.000255 43
0.172743 25
0.000243 44
0.191758 25
0.000222 43
0.788573 25
0.000294 43
0.898023 25
0.000244 43
1.617197 25
0.000283 43
7.251744 25
0.000297 43
26.671552 25
0.000360 43
0.511681 25
0.000318 43
0.504903 86
0.000210 43
0.085645 85
0.000195 43
0.092575 85
0.000192 43
0.086939 55
0.000100 44
0.020557 25
0.000202 43
0.021290 25
0.000205 43
0.020543 25
0.000205 43
0.089372 85
0.000208 43
0.088236 85
0.000154 43
0.091099 86
0.000190 43
0.087738 85
0.000191 43
0.548599 25
0.000143 43
0.212217 25
0.000329 43
0.831660 25
0.000275 43
2.491550 25
0.000026 37
0.001518 556
1.370407 25
0.000356 46
0.159314 25
0.000242 43
0.500179 85
0.000203 43
0.086848 85
0.000179 44
0.092766 85
0.000191 43
0.086819 85
0.000185 43
0.089421 25
0.000204 43
0.287560 25
0.000219 43
0.227745 25
0.000212 43
0.178545 25
0.000212 44
0.160303 25
0.000210 43
1.215779 25
0.000022 37
0.002237 480
67.370748 28
0.000296 43
0.259655 25
0.000245 44
0.343754 25
0.000334 43
0.499824 88
0.000260 45
0.088635 117
0.000927 66
0.085079 56
0.000851 145
0.019831 25
0.000712 141
0.019519 25
0.000659 137
0.359157 25
0.001025 206
0.279217 25
0.001423 446
0.694565 25
0.002872 182
28.425301 39
1.132442 25
0.000332 46
0.259143 25
0.000342 46
4.383956 284
0.255520 186
8.651416 33
1.098853 25
0.000335 43
0.256398 25
0.000295 43
0.167699 25
0.000269 43
0.164513 25
0.000255 43
0.144263 25
0.000330 43
0.435654 25
0.000207 43
0.183353 25
0.000318 43
0.168358 25
0.000191 43
0.203066 25
0.000296 43
1.095465 23
0.000347 91
1.995475 31
0.504556 30
0.020045 30
0.092087 30
0.283538 30
0.954849 570
1.681744 72
4.459914 250
1.740028 29
0.317841 253
0.378052 30
0.253862 230
4.150509 30
3.887827 30
1.829320 250
0.019492 270
0.511666 268
0.019627 336
1.045444 477
0.018600 292
0.021667 264
0.454968 383
0.018870 302
0.128015 269
0.216572 220
0.108047 319
0.762064 693
0.018612 290
0.613786 805
0.017876 258
0.712911 461
0.106656 219
0.657146 751
0.018751 246
0.735651 216
1.879871 35
0.597072 30
0.570970 30
0.389021 30
0.499290 30
0.101699 30
0.020715 31
0.088017 30
0.020431 30
0.020272 30
0.021960 30
0.086138 30
0.092538 31
0.087661 30
0.021432 30
0.021241 30
0.020008 30
0.089307 30
0.091746 31
0.109771 30
0.459968 30
0.512969 241
0.898183 48
0.514880 24
0.000503 58
0.000019 25
0.349221 1
0.122944 1
0.229257 1
0.000061 41
0.000061 13
0.000806 20
0.002510 15
0.000012 55
0.002759 104
0.609084 15
0.372498 72
0.643239 11
0.014177 188
0.000259 227
0.000263 185
0.000183 201
0.000203 191
0.000250 435
0.000052 244
0.001412 8
0.000028 96
9.252498 52
0.630256 70
0.819715 11
0.043414 101
0.004276 51
0.000052 12
0.003793 63
0.000019 18
0.006512 1968
0.002307 1353
0.018411 100
0.000009 7
0.000058 186
0.000025 38
7.096468 32
1.259539 24
0.000311 41
1.213671 22
0.000069 87
3.004430 99
1.048644 88
1.274984 80
3.817196 18
0.000013 30
0.602928 24
0.000509 58
0.000020 25
0.387680 1
0.323205 1
0.000092 19
0.001048 20
0.000157 41
0.000023 35
1.250033 25
0.000350 43
4.240657 25
0.000282 43
0.735185 25
0.000241 43
0.291750 25
0.000283 43
0.503531 92
0.000256 43
0.019135 25
0.000266 43
0.091799 55
0.000249 43
0.020709 25
0.000257 44
0.020482 25
0.000261 43
0.308280 25
0.000834 126
0.249903 25
0.000808 167
0.478978 25
0.000353 45
1.264652 23
0.000342 87
1.587174 54
5.918984 40
3.015907 48
0.840154 24
0.000471 58
0.000010 25
2.312721 1
0.214955 1
0.000091 19
0.000943 20
0.000155 41
0.000019 35
1.994174 25
0.000382 43
0.416392 25
0.000995 126
0.443232 25
0.000808 130
0.334430 25
0.000666 108
0.232515 24
0.000828 188
0.230261 25
0.000949 174
0.169951 25
0.000888 164
0.181610 25
0.000809 188
0.236512 25
0.000814 144
0.145847 25
0.000751 137
0.193006 25
0.000728 136
0.488306 25
0.000814 157
0.322661 25
0.000852 152
1.607953 25
0.000744 128
0.307485 25
0.000733 130
0.574025 25
0.000318 43
0.192669 25
0.000318 43
0.219949 25
0.000314 43
8.739749 25
0.000297 43
0.206663 25
0.000234 41
0.156731 24
0.000219 41
0.212012 24
0.000220 41
1.195131 24
0.000027 35
0.001104 90
0.507074 24
0.000025 35
0.000976 95
1.473550 24
0.000030 35
0.001040 98
0.972422 24
0.000034 35
0.001086 96
1.290137 24
0.000033 35
0.001058 96
1.691467 24
0.000331 41
0.307601 24
0.000307 41
1.527703 24
0.000338 43
0.331873 25
0.000323 43
0.235656 25
0.000293 43
0.291217 25
0.000296 43
4.311528 25
0.000883 108
0.404060 24
0.000804 188
0.198949 25
0.000942 194
0.219306 25
0.000762 145
0.215006 25
0.000815 188
0.175396 25
0.000748 144
0.226525 25
0.000958 188
5.429287 250
0.393841 275
0.100710 291
0.908283 25
0.000377 43
0.274353 25
0.000299 41
0.299483 24
0.000266 41
0.560729 24
0.000320 41
1.131894 24
0.000279 41
20.790576 22
0.000331 88
0.538087 97
0.819050 92
1.248841 30
41.503819 285
0.386603 210
2.480518 469
0.187481 469
0.116441 469
2.723932 34
0.547819 33
0.280975 33
0.220236 33
0.599645 33
7.243105 33
10.593017 32
0.571687 42
0.232542 185
0.795885 33
0.215898 30
0.494652 30
0.095889 31
0.088992 30
0.083237 30
0.020440 30
0.020256 30
0.020971 30
0.091122 31
0.471806 30
0.184663 30
0.167244 30
0.179669 30
0.180191 30
0.180874 30
0.184035 30
0.182513 30
0.187937 31
0.200097 30
0.726349 185
1.875700 76
2.452013 81
1.943021 30
0.929019 30
0.491914 30
0.302989 30
0.195671 31
0.499390 30
0.104192 30
0.019910 30
0.084778 30
3.877386 30
0.206399 30
0.168962 30
0.494657 30
0.021079 30
0.021242 30
0.020239 30
0.093570 31
0.093005 30
0.424027 30
4.040828 18
0.000013 30
0.649925 24
0.000507 58
0.000011 25
0.773451 1
0.134732 1
0.247485 1
0.000056 41
0.000056 13
0.000701 20
0.002570 15
0.000020 55
0.002756 8
0.000021 96
0.566594 15
0.424058 72
0.823952 11
0.015315 435
0.000109 444
0.066153 8
0.000021 96
188.923555 52
0.599463 70
1.290736 11
0.043267 101
0.004281 51
0.000056 12
0.003780 63
0.000011 4
0.000009 14
0.007329 1975
0.001729 1026
0.039070 107
0.000031 186
0.000021 38
1.778344 467
2.943910 25
0.000341 43
0.474106 25
0.000280 43
0.253203 25
0.000226 43
0.494742 85
0.000193 44
0.088247 85
0.000181 43
0.092053 85
0.000130 43
0.087373 85
0.000153 43
0.091638 86
0.000191 43
0.088038 85
0.000185 43
0.091535 85
0.000182 43
0.088442 25
0.000218 43
0.622792 25
0.000277 43
157.164771 34
43.247479 34
1.476647 23
0.000072 91
0.260205 30
0.817805 174
0.989774 33
0.317356 30
0.494164 30
0.097192 31
0.019615 30
0.103812 30
0.020664 30
0.091102 30
0.088023 31
0.095485 30
0.084351 30
0.088156 31
1.824908 173
0.695488 30
0.499797 30
0.091680 31
0.083976 30
0.092020 30
0.096739 30
0.082780 31
0.092235 30
0.088472 30
0.091776 31
0.092483 30
0.087884 30
0.087890 30
0.093773 29
0.089972 29
0.088732 238
0.097360 129
0.463297 46
0.754737 23
0.000441 56
0.000015 25
0.692563 1
0.874732 1
0.249679 1
0.000061 41
0.000075 13
0.000730 20
0.002428 15
0.000019 55
0.002770 8
0.000024 96
0.595929 15
0.252985 72
0.747752 11
0.015287 212
0.000303 435
0.001407 8
0.000026 96
6.795800 52
0.526988 70
0.575470 2
0.000012 9
0.043380 101
0.004224 51
0.000068 12
0.003791 63
0.000009 4
0.000009 14
0.006625 1969
0.002110 1289
0.019841 107
0.000014 224
0.517454 25
0.000272 43
0.924242 208
0.020269 282
0.173070 785
0.117873 333
0.095875 277
0.132103 244
0.484514 376
0.176042 1404
0.018958 468
0.099531 468
0.020204 468
0.107779 468
1.067894 34
0.995672 23
0.000080 91
0.221940 30
1.483719 31
0.312711 39
0.175905 39
0.820003 48
1.001101 24
0.000540 36
0.121695 23
0.000014 25
0.527487 1
0.139965 1
0.000099 19
0.001075 20
0.000167 42
0.000016 36
0.639509 267
0.132952 326
0.188983 1005
0.016902 166
0.021368 256
0.171712 312
0.151048 218
0.392784 1302
0.015353 325
0.007818 240
0.104572 259
0.428233 1049
0.043768 557
0.511963 269
0.019943 322
0.021642 166
0.429029 1347
0.093734 224
0.308528 780
0.011570 218
0.128984 480
0.315348 1360
0.008785 220
0.013585 318
0.384141 896
0.021222 210
0.156286 210
0.306501 947
0.016675 314
0.124072 206
0.338421 1047
0.016884 166
0.022570 326
0.178256 272
0.198517 1019
0.017129 216
0.004697 300
0.016819 278
0.020875 184
0.549222 1063
0.016732 290
0.004671 165
1.206940 338
0.020203 283
0.331691 291
0.179990 165
0.411900 983
1.186609 700
0.018708 165
0.022295 311
0.105612 281
0.775116 221
0.684628 268
0.107717 284
0.553013 444
0.527059 1001
0.016753 282
0.111726 277
0.900813 508
0.394242 1244
0.015978 469
0.005192 469
0.463317 938
0.509751 837
0.020878 166
0.384185 1034
0.016864 255
0.005121 579
0.127274 220
0.234360 1060
0.017985 556
0.021360 237
0.313863 1148
0.016648 411
0.094188 836
1.740544 34
1.194700 23
0.000387 91
0.339413 30
0.866896 585
0.735460 30
0.708705 40
0.168705 39
0.458531 33
0.191649 30
0.176229 30
0.176916 30
0.498678 30
0.021399 30
0.020988 31
0.021486 30
0.086034 30
0.022470 30
0.021257 30
0.021044 30
0.084786 30
0.092525 31
0.404456 30
0.849643 553
0.635150 48
1.001112 24
0.000447 35
0.616902 25
0.000334 43
0.168394 25
0.000247 43
0.499594 86
0.000232 43
0.086928 55
0.000228 43
0.019542 25
0.000241 43
0.019698 25
0.000235 43
0.019529 25
0.000242 43
0.092900 85
0.000228 44
0.086900 85
0.000226 43
0.095791 25
0.000271 43
0.135984 25
0.000263 43
0.184727 25
0.000262 43
0.158781 25
0.000272 43
0.164694 25
0.000269 43
0.154713 25
0.000248 43
0.159525 25
0.000268 44
0.155787 25
0.000286 43
0.152406 25
0.000274 43
0.156197 25
0.000269 43
0.143266 25
0.000279 43
0.162713 25
0.000264 43
0.525239 25
0.000272 43
0.279723 23
0.000076 91
0.356442 30
0.304294 54
0.451507 33
0.543730 33
0.499498 32
0.087770 33
0.097244 34
0.083637 389
0.092623 457
0.086907 247
0.092214 165
0.088762 313
0.097117 282
0.086727 222
0.088400 269
0.091368 285
0.087671 220
0.092355 226
0.088289 263
0.091964 297
0.093872 246
0.086678 228
0.091265 283
0.093609 278
0.086864 291
0.087385 219
0.093138 335
0.086929 290
0.092396 246
0.087115 119
3.907665 33
0.701559 67
0.960030 48
0.690792 24
0.000486 58
0.000018 25
0.399108 1
0.096251 1
0.179479 1
0.000052 41
0.000061 13
0.000750 20
0.002443 15
0.000022 55
0.002840 8
0.000029 96
2.013614 15
0.241507 72
0.694546 2
0.000013 9
0.079353 104
1.785362 1
0.103179 1
1.009542 1
0.166965 9
0.880553 2
0.000012 9
0.002384 14
0.000027 123
0.000010 46
0.000035 107
0.000379 8
0.000034 96
67.337861 12
1.175250 64
0.835748 70
1.077220 11
0.042488 101
0.004339 51
0.000052 12
0.003773 63
0.000010 18
0.007078 1975
0.001639 1032
0.019402 107
0.000029 186
0.000009 38
0.909228 25
0.000251 43
0.538843 85
0.000201 43
0.087737 85
0.000269 44
0.091461 92
0.000271 43
0.092219 85
0.000270 43
0.087229 55
0.000265 43
0.021209 25
0.000331 43
0.019904 25
0.000297 44
0.020453 25
0.000279 45
0.085370 59
0.000316 43
0.020075 25
0.000306 43
0.019920 25
0.000281 43
0.020201 25
0.000268 43
0.090825 85
0.000278 43
0.091481 86
0.000274 43
0.087940 92
0.000270 43
0.091561 85
0.000281 43
0.087686 86
0.000277 41
0.092927 82
0.000272 41
0.086183 55
0.000275 45
0.020438 24
0.000278 41
0.019476 24
0.000278 41
0.084527 180
0.000877 185
0.087446 318
0.000803 185
0.086166 117
0.000863 127
0.019538 24
0.000792 125
0.020471 24
0.000694 124
0.020059 24
0.001237 190
0.089441 284
0.001079 162
0.087588 568
0.006877 202
0.089104 270
0.000725 141
0.086501 197
0.001007 150
0.018445 24
0.000905 182
0.019585 24
0.000920 185
0.019581 24
0.000650 105
0.087501 252
0.000897 165
0.095793 323
0.000892 149
0.092475 326
0.001265 172
0.018276 24
0.001021 173
0.088557 290
0.000737 127
0.091382 303
0.000780 125
0.086310 191
0.000928 125
0.019031 24
0.000917 178
0.021329 24
0.000768 146
0.019237 24
0.001082 171
0.089902 275
0.006341 141
0.020935 24
0.001187 185
0.091826 328
0.000841 185
0.086125 116
0.000644 127
0.020616 24
0.001039 125
0.019973 24
0.000946 124
0.019789 24
0.000910 189
0.088202 135
0.001040 158
0.017607 24
0.000813 161
0.020922 24
0.001047 172
0.019958 24
0.000796 158
0.090950 266
0.001064 141
0.090280 353
0.001009 175
0.086572 289
0.000909 127
0.092078 288
0.000893 127
0.086550 299
0.000937 132
0.090303 278
0.006276 185
0.020888 24
0.001164 158
0.093156 359
0.000709 104
0.087035 252
0.001002 163
0.089472 24
0.000790 144
0.912237 24
0.000318 41
0.189879 24
0.000274 41
0.188974 24
0.000286 41
0.171496 24
0.000305 43
0.159939 23
0.000272 45
0.172004 24
0.000303 41
0.175201 24
0.000327 41
0.171639 24
0.000273 42
0.163988 24
0.000285 43
0.175461 25
0.000308 43
0.180520 25
0.000321 43
0.175862 25
0.000309 43
0.314953 25
0.000260 41
0.189948 24
0.000223 41
0.153574 24
0.000259 41
0.194966 24
0.000244 41
0.172488 24
0.000245 41
0.399028 24
0.000022 25
1.035732 22
0.000067 88
0.945479 31
0.187019 33
0.203967 33
0.692821 33
0.195725 33
0.150881 30
0.500447 31
0.099643 30
0.020399 30
0.087795 30
0.096801 31
0.083271 29
0.094418 29
1.867092 104
0.556233 104
2.064254 104
1.227746 104
0.203659 105
1.468202 30
1.143317 89
0.227901 88
0.233044 87
0.220181 86
1.175321 85
2.495222 18
0.000012 30
0.931696 24
0.000503 58
0.000023 25
0.435922 1
0.108727 1
0.279966 1
0.000060 41
0.000063 13
0.000713 20
0.002466 15
0.000021 55
0.002308 8
0.000029 96
0.594387 15
0.202015 31
0.576995 64
0.543475 11
0.015839 302
0.066408 8
0.000022 96
3.845558 52
0.425271 70
0.750697 2
0.000007 9
0.040572 101
0.004233 51
0.000052 12
0.003838 63
0.000010 4
0.000009 14
0.005509 1970
0.001517 958
0.019044 100
0.000010 7
0.000046 176
0.000029 37
0.583141 24
0.000287 41
0.542016 82
0.000174 41
0.087805 83
0.000220 41
0.088002 90
0.000230 41
0.091498 82
0.000230 41
0.087506 83
0.000235 41
0.093538 82
0.000235 41
0.086492 57
0.000241 45
0.020009 24
0.000245 41
0.019772 24
0.000249 41
0.019983 24
0.000258 41
0.091013 83
0.000236 41
0.088252 82
0.000234 45
0.091540 86
0.000233 41
0.087268 53
0.000243 42
0.019706 24
0.000251 41
0.019758 24
0.000251 41
0.019737 24
0.000251 41
0.092256 24
0.000252 41
0.419796 24
0.000255 41
0.196479 24
0.000256 41
0.499602 82
0.000237 42
0.087145 82
0.000236 41
0.088009 90
0.000236 41
0.091516 82
0.000237 41
0.087815 83
0.000230 41
0.092045 86
0.000273 45
0.091485 82
0.000269 41
0.087687 83
0.000268 41
0.087588 53
0.000289 41
0.020828 24
0.000286 41
0.020454 24
0.000284 41
0.020461 24
0.000309 45
0.089274 86
0.000263 41
0.091706 83
0.000271 41
0.092439 24
0.000287 41
0.427761 24
0.000346 41
1.222647 24
0.000029 35
0.000747 120
0.204444 24
0.000028 35
0.000682 119
0.205830 24
0.000029 35
0.000655 104
0.268088 24
0.000029 35
0.000652 109
0.535830 24
0.000031 35
0.000692 94
0.994299 22
0.000323 82
0.340334 100
0.249121 94
0.183658 108
0.211202 97
0.271824 86
3.100325 233
0.019559 166
0.622329 713
0.018261 251
0.003224 247
0.419036 824
0.016853 238
0.020988 239
0.021599 263
0.087185 306
0.400298 424
0.019780 272
0.622538 1142
0.016728 375
0.558472 802
0.017729 376
0.111835 217
0.667936 325
0.019222 216
0.530478 621
8.789011 16
0.000013 28
0.682385 23
0.000491 54
0.000021 25
0.350220 2
0.176208 1
0.000057 41
0.000067 13
0.000729 20
0.002517 15
0.000019 55
0.002996 8
0.000030 96
0.787426 15
0.019955 72
0.729262 11
0.082056 8
0.000010 96
1.376673 1
0.120485 1
0.679971 1
0.103215 9
0.592528 2
0.000025 9
0.002215 14
0.000010 38
0.000010 104
0.000009 27
0.000036 107
0.000418 8
0.000027 96
6.562585 12
0.514979 64
0.642009 70
0.955747 11
0.042541 101
0.004235 51
0.000048 12
0.003784 67
0.000010 14
0.006509 1971
0.002313 1396
0.095892 107
0.000040 186
0.000024 38
0.691279 224
0.158253 451
0.122233 326
0.142998 1000
0.017747 305
0.116524 1091
0.015602 282
0.004926 469
0.098460 936
0.108664 1873
0.018829 468
0.001741 469
0.100863 1872
0.018396 468
0.002036 468
0.020228 468
0.019839 12
0.020249 12
0.020062 24
0.019708 12
0.020720 12
0.021005 12
0.020995 12
0.020561 24
0.020187 12
0.020524 12
0.020586 24
0.021672 12
0.020988 12
0.021014 12
0.019970 24
0.020012 12
0.020734 12
0.020770 12
0.020552 24
0.174151 864
1.577365 217
7.004242 25
0.000315 43
1.473934 23
0.000012 25
0.880448 1
1.227997 1
0.002459 41
0.000010 14
0.000025 69
0.002807 8
0.000029 96
2.570965 15
1.103963 2
0.000007 9
0.043334 101
0.004403 51
0.000053 12
0.003958 63
0.000015 18
0.007164 1975
0.001650 1032
0.030892 100
0.000004 7
0.000028 186
0.000012 38
1.447074 267
0.729825 457
0.020625 820
0.100721 280
0.429830 1062
0.023459 570
0.021267 238
0.021720 237
27.242347 23
0.000013 25
0.575475 1
0.167432 1
0.002463 55
0.000028 69
0.002829 8
0.000031 96
142.963172 15
0.561251 31
0.463997 64
1.206525 1
0.492202 1
0.000012 1
0.019702 1
0.020497 1
0.020749 1
0.099538 1
0.000019 1
0.000017 1
0.019689 1
0.096993 1
0.000020 1
0.344010 1
0.756038 5
0.186732 5
0.160243 5
0.161211 5
0.154500 5
0.168282 5
0.160478 5
0.168807 5
0.171783 5
0.643425 5
0.132810 5
0.258528 16
1.056247 5
0.440511 5
0.219978 5
0.220212 5
0.760506 1
0.494238 1
0.000012 1
0.000023 1
0.092967 1
0.000016 1
0.000027 1
0.083436 1
0.000013 1
0.000031 1
0.099290 1
0.000015 1
0.000025 1
0.088859 1
0.552019 3
0.499226 6
0.000008 3
0.100009 3
0.000014 6
0.019732 3
0.092012 6
0.000014 3
0.469262 3
0.495971 1
0.151497 1
0.201229 1
0.191262 1
0.414127 10
1.121677 2
0.000139 9
0.071414 8
0.000015 96
67.074420 1
0.162433 1
0.216299 1
1.291007 1
0.112446 1
0.159511 1
0.213053 9
1.216743 1
0.173469 2
1.118286 2
0.000016 9
0.042696 101
0.004305 53
0.000038 11
0.003715 63
0.000010 4
0.000009 14
0.004267 1981
0.000943 612
0.019515 100
0.000009 7
0.000050 166
0.000031 36
16.514482 28
0.729254 50
0.000017 24
0.432951 1
0.139723 1
0.235240 1
0.000060 41
0.000055 15
0.000712 19
0.002491 15
0.000013 55
0.003033 8
0.000034 96
1.177378 1
0.148475 1
0.598753 1
0.237014 1
0.145886 10
0.633868 2
0.000012 9
0.002185 20
0.000041 89
0.000412 8
0.000029 96
10.518407 14
0.244201 31
0.731504 11
0.043803 101
0.004227 53
0.000037 11
0.003693 63
0.000009 18
0.004257 1981
0.000929 612
0.039822 100
0.000010 7
0.000029 166
0.000021 36
103.747675 180
39.869047 252
8.954232 173
2.396077 34
1.040308 158
0.175070 437
1.255895 469
0.204057 469
10.368404 25
0.000333 46
0.240108 25
0.000276 45
0.179737 24
0.000270 47
0.207208 25
0.000272 43
0.175732 25
0.000241 45
0.180053 24
0.000316 47
0.171672 25
0.001783 68
0.671264 25
0.000779 47
2.747631 211
0.020947 226
0.412275 1000
0.016891 300
0.020171 12
0.962879 773
0.018575 906
0.021818 469
0.084002 469
0.989313 25
0.001714 62
0.498075 88
0.000210 43
0.087216 85
0.000204 43
0.087433 86
0.000195 43
0.097078 55
0.000192 43
0.469151 25
0.000269 43
0.165928 25
0.000218 43
1.180088 25
0.000022 37
0.000983 92
0.422967 25
0.000262 43
0.302482 25
0.000233 43
0.189265 25
0.000235 43
0.216012 25
0.000239 43
0.167286 25
0.000227 43
0.220494 25
0.000217 43
0.419058 25
0.000246 44
0.479998 25
0.000022 37
0.000938 76
2.373325 23
0.000013 25
0.949730 1
0.696261 1
0.454733 1
0.000057 41
0.000055 15
0.000759 19
0.002584 15
0.000020 55
0.002661 8
0.000033 96
0.926337 17
0.600049 35
0.502973 31
0.408733 78
0.957040 11
0.070762 104
2.028174 1
0.099704 1
0.511768 1
0.200246 1
0.156733 10
0.827807 2
0.000022 9
0.002216 20
0.000044 89
0.000431 8
0.000028 96
169.734082 1
0.124433 1
0.207519 1
0.151978 1
0.239518 2
0.000024 9
0.000066 6
