0.027749 95
0.001462 8
0.000017 96
3.139387 1
0.153007 1
0.233585 1
8.452499 1
0.317381 1
0.168744 1
0.144905 1
1.011152 2
0.000012 9
0.004666 9
0.000057 137
0.000010 68
0.000009 66
0.000364 8
0.000030 96
2.013627 1
0.118274 1
0.110396 1
0.151342 1
0.378624 1
0.136709 1
0.196534 4
1.634193 3
1.634149 1
1.345840 1
0.098311 1
0.176100 1
3.773334 2
0.000015 9
0.040695 101
0.004221 54
0.001948 81
0.000464 2035
0.000114 2064
0.012102 7
0.000023 162
0.000020 36
2.356107 21
0.000065 83
0.653862 30
0.208785 27
0.213000 28
0.121534 28
0.066389 28
0.449766 29
0.178981 29
0.168967 29
0.176489 30
0.133305 29
0.161279 29
0.139311 29
0.153218 29
0.267822 29
0.000440 29
0.166198 28
0.839583 28
0.174171 38
0.689445 28
0.964099 29
0.105086 29
0.117861 29
0.102863 30
0.273748 29
0.135388 28
0.425879 29
0.163111 29
0.133665 29
0.917647 28
0.326198 29
2.613807 29
0.747547 46
0.682226 23
0.000485 55
0.000020 25
0.651199 1
0.135045 1
0.245497 1
0.000041 41
0.000054 10
0.000562 22
0.002511 70
0.002854 8
0.000029 96
4.656065 1
0.167276 1
0.116340 1
0.528715 1
0.662075 4
2.294936 1
0.723181 1
0.146448 1
0.126612 1
3.270129 1
0.497459 1
0.030701 1
0.226243 1
0.193854 1
0.210022 1
0.157564 1
0.284408 1
0.653279 7
0.136311 5
0.180532 5
1.398017 5
0.528544 5
0.136675 5
0.115566 5
0.636391 1
0.194795 1
0.151513 1
0.170643 1
0.667693 5
0.511886 1
0.199291 5
1.078699 5
0.516701 1
0.184698 1
0.183838 1
0.228668 5
2.216007 2
0.000013 9
0.002893 8
0.000032 96
1.089355 1
0.158315 1
0.113247 2
0.000018 9
0.002227 68
0.000380 104
3.964059 1
0.097950 1
0.862459 1
0.225162 1
0.037496 1
1.008747 1
0.308698 1
0.175279 1
0.222818 1
0.127857 1
0.524880 1
0.128252 1
0.166726 1
2.458937 1
2.194960 1
0.144017 1
0.473157 1
0.438259 1
0.265609 1
0.138067 1
0.451122 1
0.165299 1
0.184279 1
0.491117 1
0.377089 1
0.705142 1
0.137078 1
0.116955 1
0.693018 1
0.321930 1
0.169767 1
0.526733 1
0.590913 3
0.155745 1
0.393455 1
0.208481 1
1.388896 1
0.122253 1
0.143223 1
1.025430 1
0.887897 2
0.000023 9
0.003946 8
0.000030 96
2.461426 1
0.096871 1
0.116116 1
2.507011 1
0.163810 7
2.219971 3
0.600060 3
0.499855 3
0.028203 3
0.029634 3
0.031364 3
0.028996 3
0.032630 3
0.027204 3
0.030445 3
0.033962 3
0.025615 1
0.029479 1
0.036715 1
0.533729 1
0.114324 1
0.111669 1
4.414245 1
0.191383 1
0.558248 1
0.249877 5
1.860013 2
0.000019 9
0.001347 26
0.000263 8
0.000027 96
9.054138 1
0.149979 1
0.684885 1
0.093072 1
0.191141 1
0.156507 1
1.435017 1
0.250952 1
0.155790 1
0.614299 1
0.300663 1
0.158191 1
0.655187 1
0.271006 5
1.568402 3
0.425097 2
0.000013 9
0.002095 8
0.000026 96
3.326621 1
0.070528 1
0.107063 1
0.126104 1
1.080671 1
0.145231 1
0.100329 1
1.351855 1
0.143534 1
0.733115 1
0.278421 1
0.374027 1
0.764124 1
3.748039 2
0.000013 9
0.002570 57
0.000019 53
0.000030 53
0.000017 52
0.000019 52
0.000008 53
0.000020 53
0.000016 57
0.000016 53
0.000015 53
0.000021 53
0.000053 53
0.000013 161
0.000023 52
0.000034 157
0.000010 56
0.000008 56
0.000009 53
0.000008 53
0.000009 52
0.000018 110
0.000017 104
0.000016 52
0.000009 56
0.000009 57
0.000008 56
0.000009 53
0.042527 76
0.000567 148
0.000009 159
0.000009 74
0.000858 8
0.000025 96
11.473191 13
2.271011 1
1.823876 1
0.202313 1
0.328682 1
0.236741 1
0.645948 2
0.000030 9
0.002375 57
0.000010 53
0.000030 53
0.000020 52
0.000008 52
0.000018 53
0.000018 53
0.000008 57
0.000016 53
0.000018 53
0.000008 53
0.000009 53
0.000022 105
0.000024 56
0.000009 52
0.000017 52
0.000009 52
0.000016 53
0.000008 56
0.000018 56
0.000008 53
0.000019 53
0.000009 52
0.000016 54
0.000010 56
0.000018 52
0.000009 52
0.000016 52
0.000008 56
0.000017 57
0.000009 56
0.000018 53
0.032552 204
0.000010 103
0.000009 96
0.000738 8
0.000026 96
28.736089 1
0.196345 1
0.330803 1
0.162332 1
17.027244 1
0.319096 16
1.581734 16
0.000012 9
0.000215 8
0.000065 96
8.034524 12
0.351956 30
1.435666 11
0.002278 110
0.000013 53
0.000024 104
0.000011 106
0.000025 110
0.000009 53
0.000009 53
0.000007 53
0.000017 105
0.000017 56
0.000009 52
0.000009 52
0.000008 52
0.000008 53
0.000008 56
0.000020 109
0.000019 105
0.000019 110
0.000018 104
0.000019 108
0.000018 110
0.031106 140
0.000011 169
0.000056 30
0.000681 8
0.000025 96
5.999373 1
0.084607 1
0.086782 1
0.450278 2
0.000013 9
0.001786 57
0.000020 53
0.000009 53
0.000018 104
0.000017 53
0.000008 53
0.000017 57
0.000009 53
0.000009 53
0.000008 53
0.000018 53
0.000010 105
0.000021 56
0.000009 52
0.000008 52
0.000018 105
0.000019 56
0.000009 109
0.000022 53
0.000009 52
0.000009 54
0.000008 56
0.000019 104
0.000016 52
0.000008 56
0.000009 57
0.000018 53
0.000266 8
0.000067 96
20.200521 3
1.052878 11
0.002467 57
0.000027 53
0.000027 53
0.000019 52
0.000009 52
0.000023 53
0.000009 53
0.000022 57
0.000018 53
0.000009 53
0.000018 53
0.000016 53
0.000028 52
0.000018 109
0.000018 104
0.000022 105
0.000022 112
0.000009 53
0.000009 53
0.000008 52
0.000017 110
0.000018 104
0.000025 108
0.000008 57
0.000009 56
0.000016 53
0.000298 8
0.000032 96
5.514874 1
0.086531 1
0.589383 1
0.161939 1
0.874194 1
0.976789 1
3.049720 1
0.760566 1
0.182210 1
0.242640 1
0.253407 1
1.392365 2
0.000014 9
0.032384 403
0.000899 8
0.000025 96
8.031864 1
0.254201 1
0.635541 1
0.177097 1
5.013059 1
2.757929 1
0.522451 1
0.284922 1
3.824992 1
0.231833 1
1.330021 1
0.181961 1
1.670279 2
0.000013 9
0.000197 8
0.000026 96
1.703017 12
0.521329 27
0.688763 11
0.032757 243
0.000012 160
0.000800 8
0.000027 96
3.396511 11
0.292908 23
0.569150 27
0.630184 17
1.065892 11
0.002485 57
0.000026 53
0.000027 53
0.000018 52
0.000023 105
0.000024 53
0.000017 57
0.000021 53
0.000009 53
0.000017 53
0.000016 53
0.000016 52
0.000016 53
0.000016 56
0.000017 52
0.000058 52
0.000013 161
0.000009 53
0.000018 53
0.000016 52
0.000016 54
0.000017 56
0.000016 52
0.000017 52
0.000008 52
0.000021 56
0.000018 57
0.000016 56
0.000009 53
0.000341 8
0.000036 96
60.716876 3
0.372293 14
1.505435 17
0.179307 6
0.787234 1
0.194188 1
0.275406 1
0.144049 1
0.700172 1
0.188790 1
0.215827 1
2.435258 1
5.537616 1
0.195473 1
3.246069 1
0.226887 1
2.668539 1
0.220398 1
0.210161 1
1.638172 2
0.000012 9
0.000172 8
0.000029 96
2.244340 15
0.770180 21
0.406097 14
1.703272 11
0.031924 140
0.000010 103
0.000009 96
0.000745 8
0.000024 96
2.242920 11
0.363260 26
0.510102 21
0.761417 2
0.000012 9
0.002260 57
0.000019 53
0.000027 53
0.000017 52
0.000018 52
0.000016 53
0.000016 53
0.000016 57
0.000016 53
0.000009 53
0.000022 53
0.000019 53
0.000008 52
0.000018 53
0.000016 56
0.000018 52
0.000009 52
0.000019 52
0.000017 53
0.000008 52
0.000021 56
0.000016 53
0.000017 53
0.000009 52
0.000020 54
0.000016 56
0.000016 52
0.000016 52
0.000009 52
0.000019 56
0.000016 57
0.000016 53
0.000016 53
0.000254 8
0.000010 96
7.756340 1
0.099892 1
0.105413 1
0.485282 3
0.172338 3
0.153887 3
0.605376 1
0.090545 1
0.104671 1
2.358382 1
1.540697 1
7.954920 1
0.153119 1
0.147385 1
0.727326 1
0.232796 1
0.107258 1
0.770727 3
0.883541 2
0.000021 9
0.043688 101
0.004206 53
0.003398 63
0.000024 18
0.000513 2035
0.000038 2064
0.008925 7
0.000085 162
0.000256 36
0.000410 162
0.000211 36
3.149614 21
0.000065 83
2.015897 30
0.567853 28
0.120597 28
0.635690 28
0.154415 29
0.205434 29
0.167590 29
0.096923 29
0.142573 29
0.962815 57
1.512195 29
0.139258 29
0.551110 29
0.157355 29
0.064252 29
0.642403 29
0.543393 29
0.516261 52
1.718757 53
0.612574 28
0.117423 28
0.146918 46
0.948534 27
0.204798 29
0.163102 29
0.126817 29
0.095081 29
0.769018 30
0.708775 30
0.511455 39
1.711359 32
0.257971 29
0.581203 29
0.511681 38
0.716858 28
0.280297 83
0.613425 79
1.223390 42
0.518976 27
0.925666 29
0.152330 29
0.182786 29
0.110634 29
0.146024 30
0.681675 29
2.022349 29
0.934174 44
0.562094 44
1.044985 29
0.511890 42
0.009149 28
0.279392 37
1.995525 39
0.320645 39
0.317995 39
0.138332 39
0.175643 39
0.790617 39
0.752975 40
0.256125 39
0.261407 39
0.316227 39
1.011026 39
0.203487 39
2.630048 39
2.403446 60
0.120988 60
1.707685 50
0.702179 51
0.558333 28
0.355434 76
0.877292 28
0.166768 28
0.166685 28
0.156212 27
0.174151 27
0.151316 27
0.169352 27
0.158754 27
0.215088 1
2.604827 53
1.063699 57
0.568641 29
0.636208 43
0.607219 31
1.290640 28
0.357745 28
0.181540 28
0.248137 27
1.241030 29
0.096348 29
0.191899 29
0.115766 29
0.111455 30
0.124818 47
0.294653 28
0.285138 37
0.461436 29
0.181030 61
0.582755 27
0.323530 27
0.191169 27
0.196581 27
0.302841 123
0.395297 46
0.832138 23
0.000525 55
0.000013 25
0.523268 1
0.102171 1
0.125799 1
0.000044 41
0.000061 9
0.000550 22
0.002613 70
0.002976 8
0.000026 96
2.228947 1
0.569810 1
0.165611 1
1.030302 1
17.443726 1
0.262502 1
0.889115 1
0.301038 1
0.156603 1
0.275722 1
0.146756 1
0.188040 1
0.983843 1
0.242510 1
0.134960 1
0.796014 1
0.526872 1
0.858809 1
9.468758 1
0.128549 1
0.118428 1
0.059637 1
1.716472 2
0.000013 9
0.047138 8
0.000012 96
3.659976 1
0.093038 1
0.723110 1
0.146402 1
0.252234 3
0.472368 2
0.000021 9
0.001380 15
0.000261 8
0.000026 96
3.997303 1
0.180699 1
0.155302 1
1.142501 1
0.201973 4
1.393865 2
0.000025 9
0.002237 8
0.000031 96
1.514106 1
0.119483 1
0.134265 2
0.000012 9
0.001493 76
0.000277 8
0.000027 96
7.478874 1
0.391838 1
0.358246 1
0.911887 3
0.520590 1
0.163605 1
0.415696 2
0.000022 9
0.000078 6
