0.025449 95
0.001337 8
0.000027 96
2.138551 1
0.122186 1
0.087458 1
0.367571 1
0.262483 1
0.183435 4
2.008346 1
0.164157 4
0.615304 2
0.000013 9
0.044542 101
0.004259 49
0.000046 12
0.004273 63
0.000021 18
0.008418 1073
0.014130 7
0.000209 182
0.000998 38
4.398577 33
1.813379 26
0.000332 44
0.886124 24
0.000092 90
0.609238 92
1.268754 49
0.663438 25
0.000535 59
0.000019 26
0.372153 1
0.136257 1
0.354461 1
0.000058 41
0.000064 11
0.000752 20
0.002524 70
0.003047 8
0.000022 96
1.437057 1
0.145000 1
0.118440 1
0.104751 1
0.175979 2
0.000020 9
0.003416 28
0.584394 104
0.434745 1
0.072268 1
0.686059 1
0.125218 1
0.171379 4
1.778854 1
0.433466 4
1.224749 2
0.000020 9
0.003079 43
0.001208 50
0.000992 50
0.000731 50
0.000705 47
0.000821 50
0.000945 50
0.000717 50
0.000713 50
0.000744 52
0.000621 48
0.000308 135
0.000450 8
0.000015 96
2.997980 12
0.440012 3
0.182755 3
0.164496 3
0.164994 3
0.389234 3
1.137551 1
0.367671 1
0.108469 1
0.307003 2
0.000047 9
0.002427 30
0.000020 31
0.000211 134
0.000034 111
0.000049 81
0.000042 60
0.000049 175
0.000011 52
0.000401 8
0.000020 96
2.366543 1
0.121960 1
0.145936 1
0.089269 1
2.414849 1
0.159697 1
0.662068 1
0.464148 1
0.329274 2
0.000012 9
0.001832 896
0.000010 55
0.000342 8
0.000027 96
9.319892 7
0.173639 17
0.200735 8
0.380369 20
0.742936 17
0.599774 11
0.044533 101
0.004244 49
0.000046 12
0.004307 63
0.000020 18
0.008911 1188
0.013588 7
0.000050 192
0.000478 258
0.000708 192
0.000254 219
0.000232 39
15.000670 31
0.974599 26
0.000403 47
0.500286 26
0.000345 46
0.029818 25
0.000312 48
0.029947 26
0.000298 46
0.027240 25
0.002991 72
0.028239 25
0.001872 64
0.027364 26
0.000326 47
0.030405 26
0.000328 47
0.028664 26
0.003017 64
0.027286 26
0.003756 83
0.025486 24
0.002318 60
0.028467 25
0.002716 61
0.028997 25
0.001816 60
0.027926 25
0.000337 45
0.028394 25
0.000312 45
0.029943 24
0.000315 46
0.029424 25
0.000312 45
0.030943 25
0.000307 45
0.031186 25
0.000850 124
0.026686 25
0.000996 171
0.026735 25
0.000857 123
0.243213 25
0.000928 131
0.196292 25
0.000915 146
0.171806 25
0.000646 105
0.167639 24
0.000751 111
0.163458 25
0.002018 111
0.208743 25
0.000920 139
0.182120 25
0.000901 132
0.509856 25
0.001106 182
0.016851 25
0.004736 179
0.024741 25
0.003693 127
0.054566 25
0.001328 168
0.003691 25
0.003925 138
0.022812 25
0.002104 121
0.027908 24
0.002041 111
0.028203 25
0.000930 139
0.030053 25
0.001062 132
0.029447 25
0.001047 182
0.028198 25
0.004609 179
0.025153 25
0.003652 127
0.026581 25
0.001146 154
0.029121 25
0.003795 139
0.027204 25
0.014268 212
0.013986 25
0.006679 201
0.023552 25
0.000643 105
0.030195 24
0.000839 143
0.029380 25
0.000838 140
0.030342 25
0.000844 135
0.027737 25
0.000676 105
0.028286 24
0.000860 136
0.029361 25
0.000880 156
5.798759 25
0.000819 131
0.478113 25
0.000906 166
0.027549 25
0.000958 193
0.028774 25
0.000952 162
0.028552 25
0.000912 163
0.030078 25
0.000574 105
0.032922 24
0.000951 157
0.026297 25
0.001132 208
0.027875 25
0.000625 105
0.029375 24
0.001788 109
0.028960 24
0.000846 127
0.030158 25
0.000909 179
0.027336 25
0.003752 156
0.028262 25
0.001745 120
0.029503 24
0.004432 209
0.025051 25
0.000588 105
0.027451 24
0.000685 148
0.027549 25
0.000580 105
0.028903 24
0.000721 144
0.030530 25
0.000752 146
0.028748 25
0.000698 144
0.480370 25
0.000287 45
0.498960 25
0.000294 45
0.007663 25
0.000253 44
0.029735 24
0.000246 46
0.031252 25
0.000281 44
0.029954 24
0.001952 46
0.025806 25
0.000262 44
0.030486 24
0.002483 64
0.027304 25
0.001475 63
0.029767 26
0.000277 46
0.032463 26
0.002487 69
0.041015 25
0.001454 62
0.016777 25
0.000298 48
0.039263 26
0.000254 47
0.016444 26
0.000235 46
0.030034 25
0.000245 48
0.027740 26
0.000293 47
0.030718 26
0.000255 48
1.476845 26
0.000347 48
7.762952 26
0.002942 67
5.377806 26
0.001258 60
0.874464 26
0.002524 68
0.673730 26
0.001185 59
0.297341 26
0.000353 45
0.238400 26
0.000314 44
0.500152 26
0.000313 44
0.027859 26
0.000294 45
0.028682 26
0.000227 44
0.029038 26
0.000222 44
0.029521 26
0.000233 44
0.030010 26
0.000212 44
0.028780 26
0.000207 44
0.028814 26
0.000207 44
0.029818 26
0.000240 44
0.029783 26
0.000219 44
0.031998 26
0.000219 44
0.030352 26
0.000268 45
0.027236 26
0.000275 44
0.031172 26
0.000240 44
0.029024 26
0.000264 44
0.031004 26
0.000236 44
0.028508 26
0.000216 44
0.028821 26
0.000282 44
0.031670 26
0.000295 44
0.029406 26
0.000270 44
0.031517 26
0.000299 44
0.027250 26
0.000290 45
0.774976 26
0.000370 45
1.599399 24
0.000102 91
0.409402 31
0.483943 30
0.020808 46
0.031495 30
0.026782 38
0.027869 30
0.030459 30
0.033052 30
0.027232 30
0.029721 30
0.030273 31
0.031225 30
0.030741 30
0.029251 30
0.028755 30
0.030480 30
0.029997 30
0.032765 30
0.027264 30
0.029522 30
0.031251 31
0.031828 53
0.030498 30
0.167809 45
0.493582 186
11.787128 33
1.011114 57
0.809957 48
0.948664 29
0.891748 31
0.154039 31
0.289990 31
0.152465 31
0.572060 31
0.271755 31
0.401239 41
0.318077 31
0.180913 31
0.509505 30
3.007765 39
0.149095 39
0.457886 30
0.639640 40
0.310699 40
0.135220 40
0.106767 40
1.685111 40
0.087647 41
0.476754 40
0.290813 40
0.090442 40
0.228739 40
0.360324 40
0.623673 40
0.444448 40
0.239192 40
0.148415 40
0.151507 41
0.179492 40
0.971318 40
0.093205 40
0.454799 40
1.255016 40
0.161457 40
1.439402 40
0.535528 40
0.086843 40
0.597366 41
0.143394 40
0.896801 40
0.387688 40
0.162717 40
1.892137 40
0.322964 40
0.234271 40
0.097722 40
0.158438 40
1.580546 41
0.933713 30
1.015403 30
0.448530 31
0.922037 56
0.081539 55
0.480287 30
0.319072 30
1.870913 31
0.697806 30
0.186213 30
0.419803 52
0.325965 30
0.195959 31
0.185795 66
0.304735 30
0.250743 30
0.212478 30
1.315325 30
1.865367 18
0.000012 31
0.395897 25
0.000551 61
0.000247 44
0.158960 26
0.000276 47
0.275515 26
0.001098 134
0.392064 26
0.000297 47
0.786977 24
0.000011 6
0.146941 24
0.000025 25
0.235233 26
0.000296 44
0.192218 26
0.000276 44
0.158269 26
0.000248 44
0.729449 24
0.001631 242
0.542899 25
0.000291 42
0.884238 23
0.000011 6
0.882757 24
0.000028 25
0.866001 23
0.000366 86
0.646290 113
0.552057 29
0.167953 29
0.215205 30
0.158042 30
0.169692 30
0.122035 30
1.061345 71
0.242189 71
0.203230 71
0.713306 60
0.289412 60
0.183778 60
2.014203 49
1.001121 25
0.000453 35
19.037728 34
0.707617 24
0.000012 26
0.414440 1
0.134471 1
0.238244 1
0.000051 41
0.000055 11
0.000684 20
0.002595 41
0.000010 29
0.002831 8
0.000029 96
0.667828 13
0.221974 24
0.488527 17
1.257793 21
0.385463 20
1.275750 16
1.253475 1
0.104457 1
0.149484 1
0.146280 1
0.183272 2
0.000011 9
0.002981 28
0.579803 8
0.000009 96
1.158246 1
0.075413 1
0.588092 1
0.124436 1
0.107210 4
0.742849 1
0.463948 1
0.136506 1
0.487748 2
0.000012 9
0.003090 61
0.000202 134
0.000072 111
0.000013 81
0.000045 122
0.000018 113
0.000045 52
0.000387 8
0.000027 96
3.736741 1
0.113730 1
0.151684 1
0.152769 1
0.740280 1
0.209960 1
0.176747 1
0.162228 2
0.000012 9
0.001749 1020
0.000365 8
0.000026 96
127.434500 1
0.760443 7
0.354235 17
0.774789 18
0.673252 17
0.582760 11
0.043535 101
0.004236 49
0.000045 12
0.004454 63
0.000021 18
0.002202 1161
0.019395 7
0.000028 192
0.000726 219
0.000251 219
0.000242 219
0.000270 39
1.262369 220
0.524902 223
0.062171 322
0.040446 262
1.398437 228
0.075826 178
0.103808 230
0.151544 254
0.377629 261
0.027944 186
0.020471 193
0.021499 261
0.040796 187
2.179438 182
0.033474 230
0.471023 223
0.022856 212
0.049940 299
4.711938 260
0.198052 187
0.075718 133
9.371437 159
0.015209 186
0.017494 261
0.034820 193
0.104464 187
0.087704 261
1.093007 224
0.156584 213
0.062960 300
0.045872 260
0.056503 187
20.123544 133
0.041827 294
0.069370 287
18.792606 257
0.035151 277
0.261057 180
3.432334 234
0.075789 199
0.758175 336
0.005564 161
0.030812 292
183.497024 22
0.000024 26
1.153216 1
0.146630 1
0.002509 41
0.000010 14
0.000023 69
0.002920 8
0.000021 96
2.186592 1
0.093173 1
0.149520 1
0.150486 1
0.188534 2
0.000012 9
0.002536 41
0.000305 8
0.000026 96
1.445908 1
0.117921 1
0.119988 1
0.120539 1
0.686227 1
0.464035 3
0.190963 3
0.170513 3
0.166484 3
0.134047 3
0.765507 1
0.084765 1
0.431044 1
0.119923 1
0.164558 1
0.000011 3
0.841701 1
0.324231 1
0.119997 1
0.291308 2
0.000021 9
0.002987 61
0.000017 32
0.000012 102
0.000022 111
0.000017 190
0.000011 126
0.000011 49
0.000078 52
0.000381 8
0.000029 96
23.617558 1
0.153923 1
0.243967 1
1.103555 1
16.974550 1
0.531470 14
0.855014 3
0.733700 1
0.647555 2
0.000022 9
0.002605 61
0.000134 32
0.000007 102
0.000027 111
0.000053 62
0.000005 19
0.000036 60
0.000011 62
0.000006 113
0.000044 52
0.000315 8
0.000015 96
6.405786 10
1.339248 3
0.739175 3
0.335227 1
0.378505 2
0.000035 9
0.003032 60
0.000034 31
0.000012 65
0.000009 29
0.000034 104
0.000055 184
0.000012 163
0.000108 52
0.000510 8
0.000025 96
14.385513 9
1.451687 3
0.191723 3
1.402545 1
0.655969 1
0.099735 1
0.239498 2
0.000042 9
0.002794 61
0.000210 32
0.000010 102
0.000034 111
0.000052 81
0.000041 60
0.000010 175
0.000054 52
0.000423 8
0.000022 96
21.799734 1
0.090156 1
0.130480 1
0.107982 1
0.496529 1
0.257036 1
0.177948 1
0.305497 2
0.000020 9
0.001609 1020
0.000298 8
0.000025 96
3.986420 1
0.098891 1
0.246260 1
0.149583 1
0.156693 2
0.000021 9
0.000075 6
