0.024908 95
0.001400 8
0.000009 96
2.777928 103
9.445801 101
0.901901 176
0.895863 161
0.359984 5
0.000022 9
0.003284 8
0.000021 99
2.597754 1
0.055788 1
0.249419 1
0.265404 1
0.720680 2
0.000057 24
0.000012 99
0.364026 1
0.194306 8
1.067120 3
0.317786 3
0.199226 3
0.174313 3
0.178598 3
3.909088 1
0.693785 1
0.286532 1
0.331335 2
0.000021 9
0.000753 42
0.000670 8
0.000023 96
2.421123 1
0.136586 1
0.109143 2
0.000020 9
0.002231 118
0.000360 8
0.000025 96
3.416728 1
0.094841 1
0.105389 1
0.114605 1
0.129408 2
0.000020 9
0.003387 28
0.573762 8
0.000010 96
0.554274 1
0.091921 1
0.826083 1
0.187855 1
0.165277 4
0.996164 1
0.391607 1
0.136509 1
0.253939 2
0.000011 9
0.002950 2
0.000011 59
0.000030 32
0.000010 102
0.000045 111
0.000019 190
0.000018 62
0.000009 64
0.000009 49
0.000048 54
0.000009 12
0.000070 50
0.000010 55
0.000327 8
0.000022 96
8.762810 10
1.624571 3
0.601782 1
0.209176 2
0.000030 9
0.002524 61
0.000067 61
0.192814 23
0.000029 8
0.000011 96
12.449503 103
2.076480 1
0.173405 1
0.094554 1
3.150156 1
0.788481 1
0.206397 12
2.580598 2
0.000011 9
0.078009 101
0.004306 53
0.000038 11
0.004281 63
0.000011 4
0.000009 14
0.005484 1999
0.007854 7
0.000041 162
0.000657 36
0.000056 162
0.000015 36
2.590758 23
0.000348 38
0.499427 23
0.000261 38
0.027547 23
0.000275 38
0.030832 23
0.000278 42
0.030603 23
0.000259 42
0.029692 23
0.000263 38
0.028320 23
0.000278 42
0.030091 23
0.000261 42
0.031677 23
0.000262 43
0.029128 24
0.000252 40
0.028688 24
0.000255 44
0.030385 24
0.000253 44
0.029978 24
0.000252 44
0.030408 24
0.000251 44
0.029753 24
0.000254 44
0.029167 24
0.000253 44
0.029812 24
0.000251 40
0.032243 24
0.000250 44
0.028104 24
0.000276 45
0.030030 24
0.000252 40
0.028889 24
0.000253 40
0.030153 24
0.000252 40
0.029233 24
0.000250 40
0.030340 24
0.000253 40
0.029629 24
0.000248 40
0.029618 24
0.000250 40
0.387159 24
0.000302 40
0.501949 24
0.000285 40
0.076980 24
0.000242 40
0.273472 24
0.000308 40
0.498491 24
0.000299 40
0.029031 24
0.000278 40
0.029435 24
0.000280 40
0.029342 24
0.000270 40
0.029968 24
0.000282 45
0.030883 24
0.000264 44
0.135379 24
0.000225 40
0.501704 24
0.000271 40
0.030424 24
0.000278 40
0.028287 24
0.000252 42
0.030372 25
0.000227 42
0.030096 25
0.000224 42
0.028311 25
0.000222 42
0.029975 25
0.000228 43
0.030723 25
0.000221 42
0.029813 25
0.000219 42
0.029371 25
0.000222 42
0.263776 25
0.000257 44
0.272969 24
0.000317 47
0.180799 25
0.000289 43
0.145560 24
0.000279 45
0.165087 25
0.000283 42
0.180831 25
0.000330 42
0.821099 23
0.000071 88
0.240524 29
1.012845 29
0.497229 29
0.028987 29
0.030666 29
0.029294 29
0.030336 30
0.030789 29
0.186921 29
0.192773 29
0.198275 29
1.695964 836
0.764634 30
0.171871 31
1.415443 29
0.622706 30
0.153601 30
0.214912 30
0.140704 30
0.135612 30
0.095916 30
0.090193 30
0.168398 30
1.731852 29
0.496463 29
0.028893 29
0.031777 29
0.028360 29
0.033239 29
0.027392 29
0.032331 29
0.029323 29
0.029679 30
0.356277 30
0.636346 29
0.762457 46
0.711844 46
0.343052 46
0.578272 29
0.500704 29
0.027916 29
0.030798 29
0.029543 29
0.031228 30
0.030947 29
0.027910 29
0.031167 1
1.983383 38
0.451508 38
0.874376 38
1.134730 29
0.694247 30
0.145982 30
0.515388 29
0.399192 31
0.178556 30
0.204119 30
0.446077 30
1.335204 30
0.198606 30
0.132981 30
0.183557 30
0.439049 30
0.203059 30
0.115774 31
0.150719 30
8.765248 248
0.039513 210
0.068521 347
0.082224 347
0.068968 346
1.479442 29
0.502102 32
0.029195 32
0.035181 32
0.026816 54
0.030885 46
0.027147 32
0.031791 31
0.027346 32
0.174765 56
0.382047 42
0.320426 29
0.501228 30
0.029473 29
0.032136 29
0.026163 29
0.030604 29
0.028854 29
0.030107 29
0.030115 29
0.418405 29
0.711315 66
0.172430 66
0.102409 66
0.156783 66
0.131021 66
0.101336 104
0.475333 67
0.166514 66
0.137248 66
0.207255 66
1.218820 102
1.047209 80
3.558442 66
0.169875 66
0.135361 66
0.162792 66
1.220715 81
0.169870 80
3.460435 56
0.241675 42
0.345333 32
0.174870 32
0.526566 32
0.211269 32
0.643044 678
1.799692 30
0.031840 30
0.193644 31
1.013140 30
0.640251 30
0.126638 30
1.076719 30
0.716203 30
0.512777 39
0.128561 29
1.014646 51
0.162359 51
0.109964 51
0.154545 51
0.999053 51
0.312631 52
0.111088 51
0.126048 51
3.324766 51
0.148216 51
0.527942 51
0.210371 51
0.144201 51
0.139871 51
0.618557 29
0.813803 46
2.674591 32
0.499957 32
0.035842 56
0.026336 47
0.026605 32
0.030993 29
0.028955 32
8.221100 32
0.500504 56
0.027124 46
2.437889 32
0.195763 32
0.167939 29
0.166822 30
0.346946 30
0.500871 29
0.030852 29
0.030424 29
0.028251 29
0.030611 29
0.029379 29
0.029045 29
0.030717 29
0.029815 29
0.030407 30
0.029930 29
0.028375 29
0.032782 29
0.030010 29
0.029478 29
0.029167 29
0.029590 29
0.032003 29
0.029238 29
0.030647 30
0.029785 29
0.031157 29
0.029275 29
0.182210 28
0.475920 180
0.479971 28
1.020513 30
0.092460 30
0.150694 48
1.322298 45
0.175713 40
0.167967 38
0.155385 28
0.182065 28
0.373167 28
0.221837 28
0.248914 246
0.635502 29
0.698446 258
2.281879 38
0.151660 38
1.451023 38
0.213200 38
0.111029 38
0.179258 39
5.556904 38
0.170609 38
0.516434 29
0.501448 29
0.028551 30
0.029969 29
0.031133 29
0.028318 29
0.031332 29
0.030076 29
0.030429 29
0.030755 29
0.027824 29
0.030764 29
0.031205 30
0.028899 29
0.029924 29
0.031356 29
0.028677 29
0.032210 29
0.028033 29
0.029085 29
0.031173 29
0.030133 29
0.029835 30
0.030117 29
0.032895 29
0.028531 29
0.030022 29
0.029819 29
0.029433 29
0.030989 29
0.029479 29
0.029911 29
0.030201 30
0.028713 29
0.034707 29
0.027156 29
0.029500 29
0.029208 29
0.030148 29
0.031938 29
0.029200 29
0.030407 29
0.029358 30
0.030313 29
0.029665 29
0.030230 29
0.030415 28
0.809642 58
0.213230 58
0.163623 58
0.188481 78
0.172534 67
0.569859 88
0.848291 58
0.448427 58
0.171642 58
0.093827 58
0.123963 58
0.451980 58
0.223957 58
0.117050 58
0.112856 58
0.583096 57
0.748805 100
0.901073 58
0.339805 58
0.106266 58
0.103888 58
1.104950 58
0.251336 58
0.116321 58
0.123260 58
1.210575 58
0.757690 59
0.199909 58
0.128284 141
0.505781 85
0.287524 87
1.170631 86
0.241767 95
0.760176 115
0.514740 76
0.484718 133
1.040862 83
0.498215 83
0.030339 82
0.030319 82
0.030151 82
0.028883 70
0.032044 275
0.028817 54
0.029941 54
0.030410 54
0.029084 54
0.030494 54
0.030905 54
0.029228 54
0.028799 54
0.030434 54
0.031708 54
0.030627 54
0.027737 54
0.030181 54
0.030832 54
0.029428 54
0.030313 54
0.029765 54
0.029365 54
0.029615 54
0.030074 53
0.388988 53
0.177784 53
0.178463 55
0.160400 54
0.174408 53
0.429004 52
1.599566 30
5.293322 18
0.000012 30
1.001127 24
0.000502 34
0.318997 23
0.000021 25
1.972582 1
0.096210 1
0.459542 1
0.000052 41
0.000065 15
0.000770 19
0.002523 15
0.000009 55
0.002353 8
0.000025 96
1.436153 1
0.156351 1
0.092757 1
0.183550 1
0.213463 1
0.229119 5
7.977418 2
0.000013 9
0.045204 101
0.004336 46
0.000046 12
0.004203 63
0.000010 18
0.004137 1971
0.000071 69
0.006252 7
0.000023 162
0.000019 36
54.136530 188
0.034891 256
0.027066 222
0.029118 294
0.032676 205
0.835029 114
0.073976 272
0.057527 279
4.123477 33
1.467199 25
0.000298 43
0.465752 25
0.000278 42
0.623286 25
0.000256 42
0.378425 25
0.000268 42
0.215637 25
0.000294 42
0.167522 25
0.000263 42
0.175053 25
0.000250 42
4.348236 23
0.000346 41
0.190410 23
0.000014 23
1.117729 23
0.000082 88
0.567088 30
0.499242 29
0.029349 29
0.029694 29
0.030647 29
0.028723 29
0.030580 29
0.031033 29
0.032554 29
0.025582 29
0.030877 30
0.030052 29
0.030746 29
0.030337 29
0.029938 29
0.031764 29
0.028827 45
0.032193 29
0.026913 37
0.031053 29
0.030310 30
0.028819 29
0.037847 29
0.023071 29
0.029153 29
0.030329 29
0.032321 29
0.029398 29
0.916974 46
0.190539 46
1.479511 55
1.445896 57
0.215471 29
0.193241 30
3.036671 60
0.243132 59
0.145109 59
0.128075 59
0.862636 59
0.155146 82
2.958682 56
0.588710 49
1.238817 57
0.515749 1
2.106880 1
0.564548 594
1.123761 29
1.750269 30
0.156746 30
0.333250 30
0.171687 31
0.699409 29
0.637832 30
1.046676 30
0.592998 29
0.294829 30
0.226634 30
0.175535 30
0.358107 30
6.327540 30
0.381169 56
0.501277 49
0.027930 29
0.190391 56
0.499524 47
0.025043 28
0.029161 32
0.029451 29
0.030032 29
0.029702 30
0.030547 31
0.031140 178
0.029751 116
0.032681 108
0.027884 124
0.030346 156
0.326999 110
0.494758 112
1.562179 161
0.289146 149
0.214348 126
0.195829 117
0.227088 110
0.226892 112
0.223921 156
0.227934 159
0.220762 147
0.221245 135
0.198402 128
0.180518 108
0.495718 112
0.025599 139
0.030235 131
0.029867 115
0.037297 108
0.025486 112
0.028201 92
0.030341 162
0.029210 139
0.030215 170
0.029449 92
0.031736 108
0.028442 169
0.030672 164
0.033706 112
0.031372 138
0.030845 169
0.023606 110
0.032745 116
0.030776 110
0.028570 112
0.029220 103
0.030278 111
0.032945 132
0.026246 125
0.684369 56
0.494673 33
0.028341 32
0.030805 31
0.031329 55
0.030288 50
0.028473 32
0.030331 32
0.033802 56
0.029803 73
0.026838 49
1.410327 29
0.496132 30
0.030728 29
0.028541 29
0.031727 29
0.031043 45
0.031123 29
0.026955 37
0.029862 29
0.030603 29
0.029754 29
0.029693 30
0.029249 29
0.030464 29
0.030958 29
0.029531 29
0.028900 29
0.355436 29
2.207652 54
0.624102 29
0.836691 55
0.161707 55
0.688034 55
0.257204 55
0.147218 55
0.075139 56
0.710918 55
0.136000 78
4.207842 57
0.501252 80
0.030630 74
0.030854 42
0.025024 32
0.032582 57
0.029404 47
0.027573 32
0.030242 32
0.030106 32
0.030851 32
0.040534 108
0.023715 112
0.026892 161
0.028392 140
0.032162 167
0.029813 92
0.028798 108
0.030231 167
0.032091 167
0.032803 110
0.030494 177
0.026943 113
0.028970 108
0.029768 114
0.030098 109
0.030258 111
0.029391 128
0.030266 117
0.033477 110
0.026648 130
0.028611 117
0.032717 110
0.037511 136
0.508779 75
0.493994 49
0.028180 32
0.032192 56
0.029151 49
0.029236 32
0.028577 31
0.033491 54
0.035179 49
0.022070 32
0.032349 55
0.029567 71
0.031040 71
0.029868 49
0.027964 29
1.087868 29
0.502414 29
0.036096 30
0.022542 29
0.031066 29
0.028208 29
0.136045 29
0.155217 29
0.203048 29
1.178299 46
0.148455 46
0.725414 46
0.227360 46
0.134337 46
0.165904 47
0.852103 46
0.153767 46
0.949159 78
3.906033 18
0.000013 30
0.658547 24
0.000544 58
0.000010 25
0.603744 1
0.138174 1
0.522277 1
0.000055 41
0.000083 8
0.000760 20
0.002449 41
0.000010 29
0.002194 8
0.000027 96
1.390082 1
0.191133 1
0.120020 1
0.133260 1
0.151164 2
0.000020 9
0.002921 28
0.570347 8
0.000008 96
1.118702 1
0.086485 1
0.457840 1
1.373649 1
0.490335 1
0.163716 4
1.020919 1
0.364080 1
0.121130 1
0.583383 2
0.000012 9
0.002960 30
0.000019 31
0.000023 32
0.000010 102
0.000048 111
0.000018 190
0.000022 126
0.000009 49
0.000053 57
0.000009 23
0.000052 107
0.000426 8
0.000024 96
1.387246 10
0.756002 3
3.076164 1
0.582469 2
0.000028 9
0.002912 2
0.000010 59
0.000077 68
0.000010 13
0.000035 61
0.188623 23
0.000047 8
0.000025 96
58.358569 1
0.193348 1
0.107488 1
0.203701 1
0.361495 1
0.156439 4
1.047339 1
0.353460 4
0.529399 2
0.000020 9
0.044273 101
0.004245 49
0.000039 11
0.004153 63
0.000010 4
0.000008 14
0.004423 1970
0.000917 360
0.009467 7
0.000023 162
0.000020 36
3.180104 23
0.000337 38
6.575114 23
0.000300 38
3.615044 33
3.620035 24
0.000384 46
8.051869 25
0.000378 45
0.355906 25
0.000275 44
1.086904 22
0.000076 86
0.624093 773
26.526456 29
0.123545 29
0.099859 30
1.755953 30
0.081018 30
0.199698 30
0.144863 31
1.855828 30
1.474650 38
0.756767 38
0.208980 38
0.212309 38
1.142915 38
1.333814 30
0.110151 29
0.727223 38
0.257914 39
0.558155 30
0.936189 40
0.261561 29
0.895459 30
0.097192 29
0.278617 30
0.286289 30
0.144770 30
0.325002 30
0.226770 30
0.176092 48
2.699625 31
0.513286 44
0.888886 45
7.396171 31
11.519482 803
2.086048 45
0.619501 40
0.860604 29
0.157333 39
0.789920 38
0.240096 38
0.420471 38
0.215051 38
0.127409 39
0.235621 38
0.256571 38
0.098837 38
0.587138 38
0.163091 38
0.092730 38
0.107554 38
0.134597 38
0.124118 38
0.092113 39
0.107485 38
0.441789 38
0.252708 38
0.629942 38
0.221210 38
0.236547 38
0.125599 38
0.164485 38
0.109582 38
3.503802 39
0.257491 38
0.154229 38
0.112665 38
0.151247 38
0.180167 38
0.395313 38
0.598743 38
0.178057 38
0.143018 38
0.101155 39
0.210600 38
0.277907 38
0.211427 38
0.503901 38
0.173875 38
0.209265 38
0.162735 38
0.150148 38
3.802473 48
1.001111 24
0.000471 34
0.293955 23
0.000023 25
0.669016 1
0.167683 1
1.207366 1
0.000054 41
0.000060 11
0.000790 19
0.002536 41
0.000009 29
0.002856 8
0.000026 96
2.802066 13
0.173233 27
0.160909 2
0.458429 18
0.515009 11
0.003126 28
0.569378 104
0.369287 4
0.257397 17
0.594535 27
0.811956 2
0.623351 11
0.002601 61
0.000064 134
0.000027 476
0.000109 51
0.000320 8
0.000026 96
2.530655 1
0.171541 1
0.085786 1
0.133439 1
0.708628 1
0.208577 1
0.719828 1
0.364741 2
0.000024 9
0.001642 136
0.000332 8
0.000029 96
10.863905 7
0.219544 17
0.504090 18
0.331014 14
0.451201 3
0.637574 1
0.379866 2
0.000034 9
0.002729 61
0.176420 23
0.000131 8
0.000033 96
0.471495 10
0.199527 21
1.575299 11
0.001675 81
0.000341 8
0.000023 96
5.267251 1
0.257546 1
0.598817 1
0.470908 1
0.770469 1
0.190363 2
0.000020 9
0.002009 11
0.000319 8
0.000022 96
11.228412 1
0.199380 1
0.167160 1
7.319721 1
0.176139 1
0.184934 4
1.100500 1
0.183449 1
0.154961 3
0.388112 2
0.000018 9
0.044269 101
0.004206 49
0.000041 11
0.004237 63
0.000012 4
0.000011 14
0.004318 1970
0.001238 418
0.001647 7
0.000388 172
0.000215 37
2.139169 195
0.033555 292
0.138165 206
2.902747 24
0.000352 40
0.497210 24
0.000277 41
0.028417 24
0.000255 40
0.032143 24
0.000249 40
0.026542 24
0.000243 40
0.032449 24
0.000245 40
0.028330 24
0.000239 44
0.030951 24
0.000241 44
0.028400 24
0.000234 40
0.030430 24
0.000243 40
0.029098 24
0.000233 44
2.962334 24
0.000318 45
0.257021 24
0.000328 40
0.201968 24
0.000257 40
2.268168 24
0.000269 40
0.294323 24
0.000254 40
1.884587 24
0.000307 40
0.000034 24
0.000249 40
0.316156 24
0.000266 40
0.360897 23
0.003340 66
0.902168 24
0.002169 57
0.407346 24
0.000270 40
0.197968 24
0.000268 40
0.609807 22
0.000061 86
0.302807 459
1.038050 28
0.466069 28
0.478389 506
0.826597 30
0.963035 30
0.112923 30
0.160428 42
1.074036 29
0.483892 49
0.806802 31
0.513662 51
0.369714 1
0.984856 56
0.590849 39
0.298994 31
0.848156 32
0.513589 48
0.275624 46
0.357455 54
0.304152 444
1.147744 393
0.755211 30
0.109825 30
0.133171 42
0.733132 48
0.658640 39
0.854234 30
0.583100 57
1.441939 365
0.785283 29
0.233564 29
0.186639 29
0.198047 29
0.196301 28
0.239348 305
0.484608 30
0.407369 28
0.250236 28
0.184378 28
0.201432 28
0.228833 343
0.231607 29
0.189514 29
0.191928 29
0.160049 28
0.177462 28
0.179524 28
0.281522 28
0.350548 28
0.419513 428
0.281055 39
0.848661 30
0.966080 30
0.514415 263
0.943567 32
0.513599 75
4.592245 46
1.873577 54
1.402981 46
0.180972 29
0.171204 30
0.258741 56
0.703494 47
6.601734 28
1.395061 30
0.128668 30
0.140183 30
0.195927 30
0.884877 47
0.083776 29
1.767477 30
0.794372 30
0.059736 30
0.174008 30
0.123847 30
0.276402 52
1.849671 29
0.360481 30
0.289521 31
0.115042 30
0.803472 30
0.172841 30
0.652998 30
0.337007 30
0.211060 30
0.451967 30
0.163218 30
1.026044 29
1.208490 31
1.102982 30
0.239384 30
0.170445 30
1.054634 31
0.513222 45
2.587829 44
0.349766 48
1.049359 30
0.514409 50
0.595795 29
0.460645 379
0.809109 29
0.271126 285
0.513761 53
0.367858 275
0.670279 45
1.222597 29
0.431531 31
0.163835 30
0.275910 30
0.415692 30
0.569208 29
0.268822 30
0.176279 30
0.093050 29
0.701513 38
0.298966 38
0.491845 57
0.436787 28
0.361556 47
0.315652 55
0.236867 45
0.327480 29
0.499579 29
0.029921 29
0.030266 29
0.029189 30
0.029882 29
0.030205 29
0.029964 29
0.029758 29
0.033533 29
0.026100 29
0.031226 29
0.029813 29
0.028829 29
0.030335 1
0.217124 29
1.365488 39
0.354280 40
0.154233 39
0.253251 39
0.160906 39
0.110675 39
1.553638 39
0.323487 39
0.163619 39
0.181019 39
0.133918 39
27.631539 40
0.248850 39
0.319890 39
0.879882 39
0.185060 39
0.128303 39
0.126605 39
0.129168 39
0.208328 39
1.037264 39
0.170183 40
0.582313 39
0.763839 39
0.163335 39
2.336268 39
0.171151 39
0.750668 39
0.267761 39
0.119138 39
0.115917 39
1.792390 40
0.126416 39
1.326615 29
1.556517 29
0.471984 30
0.155996 30
1.368941 29
0.772605 30
0.546433 30
0.866788 30
0.344398 31
0.099541 30
0.119293 30
1.128632 30
0.145072 53
1.084787 29
0.290546 30
0.205082 30
0.546686 29
0.905091 38
0.317006 39
0.450799 30
8.344186 40
0.637932 39
0.944210 39
0.114740 39
0.192558 39
0.771404 50
0.181306 50
0.168800 50
0.168958 50
0.540807 39
0.270848 39
0.135473 39
0.157085 39
0.378329 39
0.107273 39
0.864807 29
0.498076 29
0.027710 29
0.031078 29
0.028356 29
0.030697 29
0.362506 45
0.272731 29
0.647629 29
0.237441 29
0.204937 29
0.219629 29
0.158302 29
0.172909 28
0.538588 29
1.113450 28
0.431458 29
2.068716 28
0.582310 224
1.542226 30
0.162980 30
0.281509 29
1.895836 30
0.162007 30
1.034225 30
0.115807 31
0.217690 30
0.102033 30
0.777565 30
0.174135 53
1.316002 29
0.529656 30
0.157634 30
0.353937 29
0.389514 30
0.165543 31
0.168400 30
1.105957 30
0.132674 30
1.359797 57
0.529461 49
1.170552 48
0.329825 24
0.000526 59
0.000255 42
0.176937 25
0.000259 42
5.855492 23
0.000575 253
0.753719 25
0.001300 237
0.226884 25
0.001225 171
0.321269 25
0.000845 80
0.814128 23
0.001439 309
0.000250 40
0.306508 24
0.000293 40
0.179892 24
0.000266 40
0.164874 24
0.000294 40
0.182008 24
0.000255 44
0.161840 24
0.000254 45
0.161402 24
0.000253 40
0.158877 24
0.000263 40
0.163801 24
0.000213 40
0.232910 24
0.000211 40
0.171560 24
0.000205 40
0.165559 24
0.002508 65
0.168500 24
0.000022 25
0.720850 22
0.000037 28
0.002782 263
0.000010 33
0.679001 24
0.001473 65
0.604851 24
0.001752 57
0.497803 24
0.000310 40
0.030278 24
0.000279 40
0.031020 24
0.004667 132
0.023932 24
0.001934 119
0.026699 24
0.000609 105
0.029996 24
0.000810 142
0.354369 24
0.000292 44
0.192500 24
0.000274 44
0.212566 24
0.002881 65
0.178652 24
0.001766 57
0.180723 24
0.000294 40
1.182648 24
0.000355 40
0.652054 24
0.000504 40
5.895195 22
0.000023 25
0.408446 1
0.117031 1
0.485729 1
0.000070 41
0.000063 11
0.000637 20
0.002510 41
0.000009 29
0.002209 8
0.000025 96
0.857734 13
0.220965 22
0.410330 10
0.405986 17
0.398123 21
0.339568 17
0.354069 18
0.280701 17
0.292012 20
0.467836 11
0.003347 28
0.573943 104
1.393387 1
0.089531 1
0.283804 1
0.218771 1
0.205831 4
0.895505 1
0.391429 1
0.139041 1
0.466719 2
0.000016 9
0.002680 61
0.000031 32
0.000013 102
0.000077 301
0.000013 175
0.000059 52
0.000376 8
0.000023 96
2.116540 1
0.281028 1
0.157869 1
0.128783 1
0.483437 1
0.213571 1
0.184092 2
0.442875 2
0.000012 9
0.001611 136
0.000330 8
0.000026 96
5.141121 8
0.700202 18
0.715187 3
0.614594 1
0.460989 2
0.000031 9
0.003038 2
0.000010 59
0.000367 32
0.000011 102
0.000055 111
0.182721 23
0.000125 8
0.000033 96
2.562934 1
0.275759 1
0.166852 1
0.086000 1
0.541287 1
0.222166 1
0.573055 1
0.553442 2
0.000015 9
0.001671 623
0.000479 8
0.000028 96
23.334185 7
0.213287 17
0.312824 22
0.425212 18
0.849008 18
0.388372 17
0.630287 11
0.043109 101
0.004261 49
0.000042 12
0.004201 63
0.000010 4
0.000008 14
0.005689 1979
0.001003 382
0.008806 7
0.000040 182
0.000432 208
0.000018 38
1.621215 25
0.000638 138
0.503016 25
0.002766 133
0.023874 24
0.001234 119
0.029282 24
0.000394 105
0.029728 24
0.000514 144
0.030320 25
0.000850 129
0.027780 25
0.000861 121
0.030529 25
0.001004 169
0.029851 25
0.000913 124
0.028291 25
0.001008 167
0.029112 25
0.000896 121
0.030800 25
0.000855 124
0.028854 25
0.000609 105
0.028048 24
0.000970 181
0.216992 25
0.000970 172
0.500010 25
0.001302 196
0.027978 25
0.000853 137
0.028654 25
0.000285 44
0.029721 24
0.000913 173
0.030064 25
0.001178 189
0.027649 25
0.001160 205
0.032037 25
0.000617 105
0.028730 24
0.000981 209
0.026932 25
0.000890 149
0.030256 25
0.000737 123
1.688507 25
0.000798 123
0.496021 25
0.000841 123
0.030807 25
0.000639 104
0.028139 24
0.001924 121
0.027780 25
0.001037 208
0.168247 25
0.000966 148
0.497241 25
0.000924 138
0.027399 25
0.000622 105
0.030055 24
0.000907 163
0.030556 25
0.003419 177
0.025001 25
0.001425 213
0.029836 25
0.000823 138
0.028120 25
0.000659 107
0.029517 24
0.000633 105
0.029557 24
0.000881 162
3.100733 25
0.000370 44
6.090471 24
0.000383 44
0.496335 24
0.000296 44
0.029309 25
0.000276 42
0.030669 25
0.002423 58
0.027169 25
0.001165 57
0.029580 25
0.000289 44
0.028714 24
0.000242 46
0.029927 25
0.000265 42
0.030536 25
0.000264 42
0.029477 25
0.002580 61
0.028023 25
0.001613 59
0.027829 24
0.000329 44
17.473273 25
0.000372 42
0.497227 25
0.000343 43
0.027919 25
0.000271 42
0.030753 25
0.000268 42
0.030529 25
0.000280 44
0.030777 24
0.000266 46
0.027578 25
0.000282 42
0.237702 25
0.000280 42
0.142599 25
0.000259 44
0.173201 24
0.000270 46
0.247212 25
0.000271 42
1.368543 25
0.000286 42
0.194140 25
0.000231 42
0.194019 25
0.000231 42
2.576712 25
0.000295 40
0.212187 24
0.000255 40
0.221835 24
0.000284 40
3.762160 23
0.000325 39
0.871223 24
0.000306 40
0.621753 22
0.000073 86
0.303752 1204
0.495277 28
1.129208 29
0.096671 29
0.131132 42
1.251134 30
2.947692 1208
0.578204 29
0.247375 29
0.230909 30
0.253739 31
0.326697 29
0.195234 29
0.190082 28
0.178732 28
0.179334 28
0.250840 28
0.326241 1091
0.505561 28
0.443549 32
0.513198 47
0.292250 45
0.317980 28
0.465932 118
0.425123 30
0.380754 1269
0.755786 39
0.503487 55
0.421612 1110
1.534185 53
0.501057 45
0.025839 28
0.029602 29
0.029848 28
0.029992 30
0.029863 30
0.030061 28
0.030841 28
0.029484 28
0.030542 28
0.029623 28
0.029701 28
0.030566 29
0.034451 30
0.027781 30
0.027931 27
0.029864 27
0.030411 27
0.030190 27
0.029137 27
0.030184 27
0.030725 27
0.041176 44
0.314170 22
0.000423 55
0.000242 38
0.167744 23
0.000258 38
0.172831 23
0.000251 38
1.121720 21
0.000539 241
0.401947 23
0.001342 241
0.217870 23
0.001167 145
0.294110 23
0.000845 85
0.679219 21
0.001461 313
0.000280 38
0.192653 23
0.000245 38
0.503742 23
0.000361 38
0.023764 23
0.000299 38
0.028553 23
0.000183 40
0.029563 24
0.000164 44
0.031181 24
0.000162 44
0.029647 24
0.000158 41
0.029798 24
0.000154 40
0.030061 24
0.000155 40
0.027799 24
0.000151 40
0.032186 24
0.000257 40
0.029968 24
0.000245 40
0.030406 24
0.000243 40
0.034455 24
0.000246 44
0.025452 24
0.000242 44
0.029509 24
0.000243 40
0.031532 24
0.000246 41
0.028838 24
0.000252 40
0.028939 24
0.000263 40
0.059979 24
0.000212 40
0.217062 24
0.002337 65
0.847301 22
0.000032 28
0.007335 1095
0.000006 33
1.585006 28
0.181269 39
0.006502 1984
0.003615 913
0.279824 21
0.000011 6
0.513485 21
0.000050 40
0.000069 8
0.003677 23
0.007653 31
0.007890 1195
0.747772 23
0.000354 38
0.499592 23
0.000298 38
0.027328 23
0.000256 38
0.030657 23
0.000257 38
0.029438 23
0.000255 38
0.028894 23
0.000255 38
0.032312 23
0.000242 38
0.027815 23
0.000250 40
0.033125 24
0.000246 45
0.026739 24
0.000243 44
0.030125 24
0.000246 40
0.030429 24
0.000242 40
0.028984 24
0.000242 40
0.030001 24
0.000259 44
0.029310 24
0.000245 44
0.030428 24
0.000241 44
0.031348 24
0.000262 44
0.029387 24
0.000251 44
0.031131 24
0.000244 45
0.026310 24
0.000274 40
0.032813 24
0.000256 40
0.027392 24
0.000245 40
0.030153 24
0.000247 44
0.030091 24
0.000247 44
0.029953 24
0.000244 40
0.030396 24
0.000243 44
0.029547 24
0.000239 44
0.030038 24
0.000259 40
0.029304 24
0.000246 41
0.028865 24
0.000242 40
0.030842 24
0.000244 40
0.029495 24
0.000240 40
0.030967 24
0.000242 40
0.029274 24
0.000245 44
0.028765 24
0.000242 44
0.032917 24
0.000245 40
0.026658 24
0.000244 40
0.030245 24
0.000249 44
0.029849 24
0.000245 45
0.036552 24
0.000244 40
0.023395 24
0.000262 40
0.030089 24
0.000246 40
0.029774 24
0.000238 40
0.029473 24
0.000244 40
0.030445 24
0.001071 229
0.029101 24
0.000850 136
0.029518 24
0.000778 123
0.027393 24
0.000279 44
0.030014 24
0.000715 119
0.029298 24
0.001228 165
0.029476 24
0.000684 109
0.035196 24
0.000906 161
0.027777 24
0.001084 231
0.023904 24
0.000859 137
0.030637 24
0.000703 109
0.028032 24
0.000706 109
0.029672 24
0.000615 105
0.030279 24
0.000857 144
0.027158 24
0.000854 129
0.030517 24
0.000789 121
0.029244 24
0.000916 169
0.032098 24
0.000807 124
0.029991 24
0.000899 167
0.030793 24
0.000788 121
0.023321 24
0.000793 124
0.029301 24
0.000594 105
0.028302 24
0.000981 181
0.029963 24
0.001087 203
0.029497 24
0.000288 41
0.029537 24
0.001312 196
0.028463 24
0.000666 109
0.028222 24
0.000880 161
0.030371 24
0.001005 201
0.029108 24
0.000837 137
0.029849 24
0.000660 109
0.034102 24
0.000595 105
0.023949 24
0.000730 122
0.031073 24
0.000593 105
0.028553 24
0.000921 173
0.028137 24
0.001166 189
0.029009 24
0.001156 226
0.028982 24
0.000609 105
0.029539 24
0.000949 209
0.030107 24
0.000872 149
0.029195 24
0.000743 123
0.311424 24
0.000776 123
1.840725 32
0.735074 22
0.000350 86
0.443546 360
5.777840 33
0.688590 293
1.586682 150
0.911249 299
0.040570 229
0.025759 249
2.063428 33
0.770099 1235
6.391995 31
0.643792 71
0.220969 71
0.200979 71
1.717582 70
0.113209 70
0.190600 70
0.506285 70
4.568824 32
0.500597 32
0.033275 57
0.028690 48
0.028272 32
0.035085 31
0.024653 32
0.029954 29
0.030149 29
0.443731 48
0.648323 24
0.000493 57
0.000019 25
0.369955 1
0.159135 1
0.174817 1
0.000049 41
0.000050 11
0.000695 20
0.002546 41
0.000009 29
0.002886 8
0.000029 96
2.948900 13
0.369825 24
0.227937 17
0.363178 22
0.336412 18
0.405278 18
0.552310 11
0.002602 28
0.574139 104
1.602611 4
0.180197 17
0.137134 24
0.319815 17
0.411242 22
0.497715 18
0.496595 2
0.000010 9
0.003040 2
0.000009 59
0.000388 134
0.000034 111
0.000050 81
0.197334 23
0.000119 8
0.000022 96
7.917839 10
0.221214 18
0.415907 17
0.186584 20
0.210654 14
0.673289 3
0.552686 1
0.505753 2
0.000033 9
0.002936 61
0.000061 134
0.000014 363
0.000023 113
0.000091 52
0.000388 8
0.000028 96
3.653142 10
0.412970 2
0.496897 11
0.003027 2
0.000010 59
0.000447 32
0.000010 102
0.000047 111
0.000083 62
0.000009 19
0.193432 23
0.000138 8
0.000035 96
0.746423 1
0.208845 1
0.072655 1
0.203358 1
0.397478 1
0.271395 1
0.118662 1
0.165218 2
0.000011 9
0.001678 760
0.000377 8
0.000023 96
25.384822 103
0.992730 1
0.255393 1
0.578356 3
0.398371 1
0.437402 1
0.223003 1
0.153394 1
0.169856 4
1.047438 1
0.209439 4
0.331111 2
0.000011 9
0.042856 101
0.004161 49
0.000080 12
0.004252 63
0.000009 18
0.010921 1971
0.001059 484
0.000021 7
0.000024 182
0.000010 38
1.200698 25
0.000163 44
0.496311 24
0.000259 46
0.031906 25
0.000280 42
0.027789 25
0.000269 42
0.029185 25
0.000268 43
0.029683 25
0.000273 42
0.031595 25
0.000260 44
0.029504 24
0.002749 63
0.026015 25
0.001753 59
0.028325 25
0.000306 42
0.030442 25
0.000275 42
0.028784 25
0.000268 44
0.030272 24
0.000299 46
0.029297 25
0.000263 42
0.029969 25
0.000296 46
0.029863 25
0.000262 42
0.032562 25
0.000260 44
0.028071 25
0.000267 44
0.027916 24
0.000265 46
0.030233 25
0.000278 42
0.029428 25
0.000270 42
0.030125 25
0.001508 158
0.029316 25
0.003739 133
0.026477 24
0.001834 118
0.027574 24
0.001086 248
0.028930 25
0.000743 118
0.029090 25
0.000611 106
0.066522 24
0.000797 135
0.396872 25
0.007710 105
0.493445 24
0.000026 25
0.027057 24
0.000009 24
0.029942 24
0.000010 24
0.030911 24
0.000010 24
0.029050 24
0.000009 24
0.030428 24
0.000011 24
0.202116 24
0.000340 44
15.418122 25
0.000342 44
0.497499 24
0.000320 46
0.029224 25
0.000274 42
0.030362 25
0.000260 45
0.033443 24
0.002668 69
0.022780 24
0.001647 61
0.027624 25
0.000298 42
0.030945 25
0.000290 42
0.029970 25
0.000263 42
0.029257 25
0.000252 44
0.027794 24
0.000254 46
0.031654 25
0.000254 44
0.030232 25
0.000270 42
0.030110 25
0.000252 46
0.028936 25
0.000253 42
0.029457 25
0.000249 44
0.034284 24
0.000253 46
0.026486 25
0.000245 42
0.028376 25
0.000249 42
0.030899 25
0.002659 59
0.027243 25
0.001700 61
0.029262 24
0.000305 46
0.029087 25
0.000271 42
0.028702 25
0.000262 43
0.030572 25
0.000264 42
0.029751 25
0.000255 42
0.029767 25
0.000276 44
0.030996 24
0.000296 46
0.032758 25
0.000286 42
0.025779 25
0.000285 42
0.030300 25
0.000263 44
0.029533 24
0.000263 46
0.735125 25
0.000309 44
0.205466 24
0.000240 46
0.195421 25
0.000246 42
0.451302 25
0.000191 42
0.212212 25
0.000272 42
0.156377 25
0.000256 42
0.171196 25
0.000280 40
0.704671 22
0.000080 86
1.177693 1600
1.649298 28
1.324572 30
0.950462 30
0.159044 42
2.037975 29
0.407125 31
2.175109 1
0.547763 29
0.246369 29
0.186472 31
0.209331 32
0.616829 31
0.888634 32
0.514669 68
0.597775 46
0.190750 29
0.308788 28
0.205620 28
0.336570 28
0.341381 114
0.717869 29
1.117398 30
0.502942 29
0.032189 29
0.025824 29
0.030209 29
0.030994 29
0.029823 29
0.029485 29
0.029479 29
0.031412 29
0.029396 30
0.030296 29
0.029719 29
0.030160 29
0.028990 29
0.031688 29
0.029494 29
0.030808 29
1.651691 57
1.080174 1
0.714880 1334
1.956839 17
0.000014 29
0.388912 23
0.001663 58
0.003129 69
0.495159 24
0.001151 57
0.027147 24
0.000160 40
0.029962 24
0.000292 40
0.030812 24
0.000272 40
0.031162 24
0.000260 44
0.028253 24
0.000261 44
0.030359 24
0.000252 44
0.029268 24
0.002977 66
0.154315 23
0.002106 53
0.171464 23
0.000320 38
0.155785 23
0.000301 38
0.269290 23
0.000267 38
0.957030 21
0.000542 233
0.352970 23
0.001229 230
0.224038 23
0.001062 138
0.186684 23
0.000944 145
0.144605 23
0.003054 93
1.226516 21
0.001640 359
0.001786 51
0.245330 23
0.000325 38
0.497636 23
0.000286 38
0.030356 23
0.000261 38
0.029199 23
0.000259 38
0.029793 23
0.000281 45
0.030945 24
0.000254 44
0.027902 24
0.000254 44
0.031041 24
0.000264 44
0.028971 24
0.000275 40
0.028882 24
0.000253 40
0.029903 24
0.000246 40
0.031444 24
0.000253 40
0.028775 24
0.000265 44
0.031239 24
0.000250 44
0.029726 24
0.000248 41
0.031227 24
0.000245 40
0.027143 24
0.000245 40
0.032579 24
0.000243 40
0.028759 24
0.000262 44
0.028753 24
0.000250 44
0.029629 24
0.000249 40
0.028870 24
0.000243 40
0.036694 24
0.000251 40
0.635931 24
0.000355 40
0.372016 24
0.000313 40
1.821597 24
0.000346 40
0.255491 24
0.000296 44
7.958373 24
0.000406 44
13.707490 24
0.000365 40
8.578443 24
0.000362 40
0.298020 24
0.000307 40
0.266351 24
0.000299 41
0.661810 24
0.000293 44
0.198852 24
0.000276 44
0.212877 24
0.000225 40
0.269539 24
0.000322 44
0.167076 24
0.000013 25
0.208040 24
0.000027 24
0.705351 22
0.000049 28
0.008409 1527
0.686107 24
0.000259 44
1.065194 22
0.000030 6
0.251373 22
0.008339 1415
0.566301 24
0.000320 40
0.236647 24
0.000320 41
0.199901 24
0.000288 42
0.497418 25
0.000254 42
0.030778 25
0.000229 42
0.029493 25
0.000218 42
0.029377 25
0.000231 43
0.028600 25
0.000212 42
0.029824 25
0.000208 42
0.030730 25
0.000210 42
0.022526 25
0.000265 43
0.232839 25
0.000224 42
0.500582 25
0.000280 42
0.030074 25
0.000179 42
0.030464 25
0.000234 42
0.030025 25
0.000219 42
0.028921 25
0.000217 42
0.070310 55
0.000236 42
0.019493 25
0.000208 42
0.030005 25
0.000206 42
0.029940 25
0.000205 42
0.030835 25
0.000209 42
0.028786 25
0.000211 42
0.030381 25
0.000233 42
0.031101 25
0.000206 42
0.028959 25
0.000208 42
0.029659 25
0.000211 43
0.032450 25
0.000206 42
0.027345 25
0.000206 42
0.028648 25
0.000205 42
0.030576 25
0.000206 42
0.031178 25
0.000210 42
0.027960 25
0.000206 42
0.030548 25
0.000206 42
0.033748 25
0.000209 42
0.026168 25
0.000212 42
0.032091 25
0.000205 43
0.026792 25
0.000205 42
0.030074 25
0.000205 42
0.318287 25
0.000217 42
0.141015 25
0.000209 42
0.173800 25
0.000216 42
0.325326 25
0.000291 42
0.435943 23
0.000348 88
0.292771 71
0.220014 71
0.174185 71
0.156667 71
0.560552 70
0.167516 70
0.212376 70
19.533156 48
1.001148 24
0.000488 34
0.498817 23
0.000021 25
0.454157 1
0.131748 1
0.129344 1
0.000056 41
0.000056 11
0.000737 20
0.002580 41
0.000019 29
0.002909 8
0.000027 96
1.148698 1
0.131198 1
0.261778 1
0.509512 3
0.295508 1
0.051087 1
0.448541 3
0.156600 3
0.263852 1
0.189785 1
0.449394 2
0.000024 9
0.002421 28
0.577720 104
1.444690 4
0.251983 17
0.222527 24
0.308570 17
0.489020 2
0.623355 2
0.000011 9
0.003020 2
0.000012 59
0.000046 32
0.000015 102
0.000057 111
0.000028 190
0.000024 62
0.000027 113
0.000152 52
0.000502 8
0.000026 96
0.984209 10
0.263628 18
0.297986 17
0.373650 24
0.387477 17
0.989568 11
0.003068 30
0.000015 31
0.000355 134
0.000080 111
0.000048 81
0.000064 60
0.000012 62
0.000026 113
0.000064 52
0.000469 8
0.000024 96
32.452096 10
1.079875 11
0.003073 2
0.000013 59
0.000353 32
0.000013 102
0.000043 111
0.000085 81
0.000067 60
0.000013 62
0.000033 113
0.000083 52
0.000419 8
0.000023 96
11.539805 1
0.202099 1
0.126625 1
0.177635 1
0.502743 1
0.216437 1
0.194951 1
0.379053 2
0.000012 9
0.001685 952
0.000358 8
0.000031 96
4.090489 1
0.194666 1
0.188419 1
0.139928 1
0.263023 2
0.000021 9
0.000070 6
