0.028559 95
0.001463 8
0.000017 96
7.141936 75
0.603997 171
0.000016 9
0.002552 8
0.000014 99
1.890951 1
0.217576 1
0.214840 2
0.000021 9
0.002217 95
0.000340 8
0.000026 96
2.041215 1
0.104588 1
0.079236 1
0.538546 1
0.137154 1
0.107946 1
0.139160 1
0.863473 3
0.175530 3
0.130426 3
0.429000 3
0.351045 1
0.258041 1
0.153583 1
0.092452 1
0.255006 1
0.137471 1
0.101630 1
0.096755 1
0.477870 2
0.000012 9
0.040023 101
0.004244 54
0.001934 63
0.000020 18
0.000447 2034
0.000069 1111
0.008303 7
0.000045 162
0.002677 36
1.615197 27
0.949364 21
0.000011 23
0.462072 27
0.127919 21
0.000027 23
0.224998 27
0.247310 21
0.000012 22
0.142151 21
0.000012 22
0.101734 27
0.943651 28
0.792971 21
0.000072 83
0.787461 30
0.338156 28
0.120777 28
0.189041 28
0.147204 29
0.093487 29
0.897143 53
0.092133 41
0.287361 32
0.189363 29
0.116798 29
2.054128 29
0.112275 29
0.525655 66
1.253259 38
0.396766 50
2.736691 27
0.243186 27
0.736650 52
0.241842 51
0.173461 50
0.170955 49
0.183909 48
0.172395 35
0.437573 47
0.197220 47
0.167788 47
0.506767 29
0.295208 27
2.732594 28
0.206433 28
0.142832 28
1.409477 28
0.201161 29
1.630719 51
0.092304 41
9.184057 31
0.086489 30
0.090355 29
0.105108 29
0.680020 29
0.169775 29
0.218496 29
1.553773 29
1.026372 29
0.106030 29
0.111979 29
1.333156 66
1.523517 39
0.287289 39
0.161735 39
0.443080 39
0.283943 40
0.254451 40
0.181647 40
0.949384 41
0.211693 40
0.035291 40
0.101017 40
0.498413 40
0.258389 40
0.140834 40
2.070815 40
0.999077 40
0.123178 40
0.142333 41
0.501072 40
0.534850 40
0.144529 40
0.124049 40
0.972011 40
0.131527 40
0.157411 40
0.147209 40
0.544781 40
0.144593 41
0.170603 40
0.274496 40
0.989438 40
0.242093 40
0.111334 40
0.090517 40
0.113544 40
0.397131 40
0.254530 40
0.139130 41
1.996687 40
0.865118 40
0.137540 40
0.455359 40
0.696863 40
0.219895 40
0.184418 40
0.148182 40
2.151440 40
1.158832 41
0.131871 40
0.198428 40
0.151707 40
0.698328 40
0.121140 40
0.069922 40
0.117762 40
0.662786 40
0.205610 40
0.140162 41
1.223715 68
3.308633 67
0.757803 28
0.451039 28
0.232755 28
0.088886 28
0.072686 29
0.861123 51
0.119831 41
0.878304 66
0.814530 39
0.088675 39
0.123080 39
0.822244 39
0.390757 40
0.077873 40
0.782328 40
0.120453 41
0.098833 40
0.132781 40
0.709295 40
0.252231 40
0.188310 40
1.294815 40
0.275397 40
0.097732 40
0.152615 40
0.545660 41
0.367683 40
0.147321 40
0.077723 40
0.097405 40
0.711199 40
0.316149 40
0.140125 40
0.843044 40
0.275597 40
0.742039 41
0.383387 40
0.132465 40
0.073682 40
0.142848 40
0.689308 40
0.195237 40
0.120268 40
1.452416 46
0.732833 23
0.000513 57
0.000019 25
1.015640 1
0.103563 1
0.097125 1
0.000040 41
0.000061 10
0.000532 23
0.002475 16
0.000010 54
0.002876 8
0.000027 96
8.541221 103
0.494128 1
0.126507 1
0.099314 1
0.090575 1
0.149621 2
0.000024 9
0.002777 60
0.093076 93
0.141850 8
0.000009 96
3.108509 1
0.103045 1
1.199957 1
1.507658 1
0.192528 1
0.228362 5
4.259510 2
0.000012 9
0.003288 5
0.000190 33
0.000010 33
0.000018 37
0.000021 10
0.000010 55
0.000009 8
0.000144 57
0.000010 6
0.000020 14
0.000011 27
0.000009 54
0.000036 43
1.597750 1
0.342067 2
0.000048 9
0.000012 6
0.000010 5
0.000011 7
0.000010 8
0.000010 5
0.000009 4
0.000011 9
0.000022 5
0.000009 8
0.000397 8
0.000028 96
3.316526 1
0.098876 1
0.098727 1
5.251428 1
0.595896 1
0.287019 1
0.354665 3
0.946179 1
0.204298 9
0.886833 2
0.000020 9
0.051603 101
0.004272 50
0.000023 12
0.007909 81
0.002010 1978
0.000288 591
0.005134 7
0.001766 162
0.000228 36
1.284709 446
0.088100 429
0.388125 337
0.061664 324
0.048063 416
5.230882 192
0.051827 274
1.888351 1971
0.000938 694
0.033515 1971
0.001055 824
0.031741 1971
0.001268 933
0.015291 1971
0.001578 1031
0.017448 1971
0.001733 1100
0.011865 1971
0.001731 1114
0.013862 1971
0.001929 1191
0.016383 1971
0.002096 1279
0.013298 1971
0.002244 1362
0.035768 1971
0.002674 1484
0.030077 1971
0.002889 1548
0.044130 1971
0.003038 1589
0.039372 1971
0.003097 1680
0.041414 1971
0.003052 1767
1.472548 67
6.764842 1973
0.003489 2012
10.770211 59
1.509366 25
0.000283 42
0.317941 25
0.000241 42
2.551699 25
0.000338 42
3.552379 208
0.021491 324
0.012737 379
0.014331 315
0.013118 269
0.005581 128
0.007542 367
0.014957 368
0.062672 404
0.058453 355
0.167433 300
0.006800 250
0.007047 204
0.007612 237
0.006715 230
0.006538 173
0.008785 237
0.004955 304
0.007683 327
0.006373 181
0.006727 155
0.006764 247
0.006916 271
0.007242 420
0.013964 425
0.035073 138
0.015687 258
0.016825 219
0.022470 262
0.022700 420
0.040429 226
0.135938 301
0.005804 409
0.007466 247
0.006505 225
0.007058 459
0.007099 247
0.009041 307
0.004534 255
0.006874 150
0.007110 243
0.006962 139
0.008583 307
0.003721 398
0.006957 402
0.009092 402
0.004941 398
0.016416 450
0.135848 402
0.033781 402
0.013809 402
0.014886 402
0.019522 402
0.268486 269
0.022799 400
0.011275 313
0.014229 230
0.013957 407
0.016370 270
0.013214 309
0.018288 348
2.197505 258
0.088374 315
0.036921 185
0.012462 187
0.014223 340
0.005664 442
0.008030 278
0.007087 290
0.008131 244
0.006444 153
0.005824 310
0.007313 326
0.005020 202
0.009404 192
0.005349 187
0.008625 301
0.004732 129
0.008243 273
0.007727 299
0.004448 309
0.008215 437
0.005206 339
0.012623 430
0.019798 170
0.048692 237
0.235138 316
0.007128 335
0.006520 337
0.006522 237
0.007754 293
0.005757 299
0.014612 349
0.020058 259
0.027468 247
0.028542 261
0.041525 368
0.269295 246
0.042250 195
0.020883 430
0.013653 272
0.012588 446
0.013818 460
0.014430 310
0.035190 531
0.577223 329
0.053720 384
0.064266 321
0.027266 275
0.026659 134
0.027694 373
0.923175 374
0.013108 410
0.015192 361
0.014083 306
0.012492 256
0.013282 210
0.014578 242
0.158094 235
0.516944 302
0.068773 353
0.440162 263
0.016807 251
0.011922 228
0.011056 368
0.003076 246
0.006016 200
0.006294 435
0.007963 272
0.005913 446
0.014299 465
1.577446 315
1.495437 36
0.975809 25
0.000282 42
0.398339 23
0.000064 88
0.682355 119
0.225230 119
0.197623 153
0.884811 148
0.103120 111
0.153792 111
1.626929 379
0.013172 315
0.006801 269
0.005580 128
0.006750 367
0.007451 368
0.007409 404
0.006734 354
0.006346 300
0.007495 249
0.007894 204
0.005281 237
0.007020 230
0.014307 173
0.006060 205
0.036275 304
0.016621 327
0.016935 181
0.016248 155
0.017519 247
0.015372 271
0.009188 420
0.018183 425
0.026499 138
0.014759 258
0.015534 217
0.016465 262
0.019738 452
0.013084 226
0.017238 299
0.026067 409
0.025611 247
0.048239 223
0.748094 459
0.013275 247
0.013376 305
0.014688 255
0.013812 150
0.013484 243
0.021656 137
1.891768 180
0.021693 333
0.014255 436
0.013160 272
0.007949 284
0.005409 189
0.006412 147
0.008985 304
0.004744 320
0.006933 200
0.013324 186
0.014278 181
0.014570 299
0.020395 127
0.346071 271
0.013916 299
0.012161 309
0.015361 437
0.016547 339
0.010722 428
0.019706 168
0.033940 237
0.236665 316
0.035242 368
0.054338 337
0.067048 237
0.311738 291
0.026533 299
0.034643 349
0.034535 259
0.047295 247
0.268543 228
0.075482 368
0.049273 246
0.073795 195
0.764232 137
1.144892 137
2.519105 48
0.278911 24
0.000482 57
0.000043 47
0.000654 158
0.000010 34
2.414846 23
0.000074 36
0.004330 1968
0.002380 1607
1.664090 24
0.000343 40
0.575280 24
0.000338 40
0.295514 24
0.000884 153
0.413258 24
0.000339 41
0.862734 22
0.000330 86
0.682549 117
0.210813 117
0.182305 150
0.938448 146
0.109315 110
0.148682 110
0.198574 110
0.175353 110
2.458705 28
0.189997 28
0.184226 29
4.769764 266
0.019144 440
0.021986 460
0.019007 310
0.020990 526
0.027859 315
0.033813 430
0.364906 477
0.028346 148
0.028495 409
1.935186 412
0.019117 311
0.015557 178
0.013462 51
0.012102 51
0.006555 51
0.015312 51
0.011958 51
0.013718 51
0.034572 51
1.133226 51
0.143950 51
0.066869 51
0.047902 51
0.179787 51
0.400477 364
0.012847 224
0.014849 247
0.014268 259
0.012568 349
0.013713 299
0.022871 293
0.044791 237
0.415871 337
0.019915 335
0.012884 315
0.015157 236
0.012847 169
0.014150 429
0.013529 337
0.020587 432
0.611917 529
0.015528 272
0.006302 128
0.014330 300
0.012792 182
0.015050 192
0.034380 201
7.770196 322
0.007616 255
0.023105 331
0.012205 306
0.015424 335
0.012790 176
0.019003 301
0.027443 284
0.043795 275
0.211892 193
0.737100 420
0.027153 326
0.027910 339
0.041359 432
0.047973 448
0.310477 539
1.352833 36
0.935417 29
0.204935 63
0.164572 30
0.553593 30
0.654788 115
0.454662 148
0.176939 147
0.174284 147
0.141817 147
0.154797 147
0.159892 159
0.169309 149
0.197594 147
0.592689 114
0.756441 114
0.139425 114
0.172787 114
0.182515 114
0.114721 114
0.124664 114
14.056858 272
3.059991 353
0.048689 445
0.096977 300
0.384593 328
13.277278 58
0.705524 63
1.595147 140
1.913088 418
0.012834 315
0.029206 263
0.777988 364
0.026620 224
0.049964 247
2.565954 259
0.039108 349
1.228052 299
0.632849 293
0.043425 237
0.019435 337
0.033068 335
0.586021 315
0.012364 236
0.014643 169
0.013404 429
0.022497 337
0.017766 432
1.219830 308
1.320838 300
0.017092 272
0.039897 128
0.497477 300
0.034792 182
0.051136 192
0.554858 201
0.020083 321
0.022183 310
0.019397 153
0.020291 189
1.422468 285
0.027446 278
0.032210 442
1.758911 340
0.011982 183
0.028346 181
0.330601 311
0.035237 254
0.020570 342
0.695840 305
0.014441 266
0.012392 403
0.013846 230
0.014686 309
0.012662 395
0.018401 264
0.016457 272
1.184334 199
0.015112 234
0.013519 191
0.005952 246
0.008094 307
0.008411 285
0.003619 151
0.008700 166
0.005405 272
0.008159 212
0.006029 239
0.011970 318
0.005252 262
0.010989 364
0.014839 410
1.012679 418
0.021488 229
0.020000 201
0.758232 255
0.023440 347
0.045040 316
0.765640 324
0.013968 257
0.013585 332
0.018143 305
0.010546 340
0.012969 177
0.041156 301
1.122725 284
0.049956 280
0.578701 198
0.026203 421
0.030348 325
0.044672 339
0.386899 432
0.027467 448
0.022504 539
0.024710 272
0.722476 353
0.008436 445
0.035833 302
0.446206 328
0.041783 418
1.082255 315
0.077131 263
0.031747 51
0.028585 51
0.177589 51
0.988268 364
0.021674 224
0.020250 247
0.010178 259
0.009364 349
0.014809 299
0.013788 293
0.023769 237
5.316958 272
0.011540 353
0.007493 445
0.006338 300
0.006937 328
0.007215 418
0.006288 315
0.007138 263
0.006128 51
0.014672 51
0.013171 51
0.027448 51
1.560347 66
4.051681 114
0.119172 114
1.026576 58
0.234808 29
0.418859 79
0.149664 29
0.148769 63
2.018071 114
0.555043 147
0.405783 139
0.817785 114
0.743409 114
0.184799 137
0.073494 114
1.510353 114
0.175678 115
0.661805 139
1.174470 114
0.126482 114
0.557343 114
0.158506 114
0.142634 114
0.148425 114
0.184614 114
3.059865 114
0.138700 115
0.881309 114
0.639012 114
0.146891 114
0.116952 114
0.571246 114
0.149967 114
0.115023 114
25.922897 364
0.016992 224
0.579018 247
0.020344 259
0.021342 349
0.027296 299
3.307395 293
2.176932 96
6.550227 29
0.537671 29
0.556503 52
0.306527 58
0.309492 52
0.351018 58
1.026712 131
0.109887 93
0.155543 93
1.745093 93
0.151918 93
0.439404 29
0.202568 29
0.168347 29
0.139379 29
0.134871 58
0.656513 136
0.122222 98
0.641519 98
0.525053 29
0.491574 36
0.029528 35
0.030529 31
0.027439 32
0.031837 29
0.030088 29
0.028835 29
0.031805 32
0.028133 30
0.031167 32
0.030163 30
0.029028 32
0.032491 32
0.027679 31
0.029812 32
0.030043 31
0.030677 32
0.031222 32
0.028097 32
0.031519 29
0.361945 29
0.500363 29
0.029709 30
0.029536 29
0.029376 29
0.030365 29
0.237120 29
0.126075 29
0.151780 29
0.151443 57
0.698721 231
0.164022 194
1.260680 194
5.862006 29
0.499442 32
0.028771 32
0.030036 31
0.030808 32
0.027356 31
0.033912 32
0.028141 29
0.029697 29
0.029074 30
0.030029 31
0.030668 31
0.029382 32
0.031729 29
0.029137 29
0.029659 29
0.030042 31
0.030942 32
0.029396 35
0.029710 36
0.073746 29
0.233385 29
0.158304 29
0.146888 56
0.498360 29
0.029969 52
0.031168 29
0.025848 29
0.030210 29
0.030429 29
0.030682 29
0.028486 29
0.034897 29
1.300732 107
0.114348 93
2.384979 94
0.149014 93
1.368909 105
0.214292 93
0.268361 93
0.158130 93
0.186350 93
0.275085 93
0.236861 93
0.150590 93
12.024714 32
0.231255 52
0.994130 63
1.532851 48
0.231358 24
0.000494 57
0.000070 53
0.000854 39
0.000014 34
0.584504 23
0.000038 36
0.000946 113
0.000014 34
1.501001 23
0.000340 88
1.894611 107
0.583030 93
4.486465 94
0.700937 93
0.603710 93
0.240087 93
0.432730 93
0.109687 93
0.071829 93
2.178174 29
0.167424 29
0.149039 29
0.142297 29
0.133330 29
0.149587 29
0.125196 30
0.678544 101
0.141837 100
0.836978 112
0.704834 29
0.495861 29
0.029402 29
0.031875 29
0.030701 29
0.026904 29
0.031019 29
0.031034 30
0.031412 29
0.369222 29
0.166434 30
0.160545 29
0.220592 29
0.872790 108
0.075378 93
1.941406 93
0.166136 92
0.211801 91
1.158362 90
0.115839 90
0.920757 29
0.499986 29
1.560228 29
0.260768 29
0.232670 29
0.168379 29
0.169743 30
0.153166 29
0.177538 29
0.159882 29
0.167474 29
0.140057 63
0.461100 104
0.145421 104
0.176679 104
0.168940 104
0.154311 116
0.152056 107
0.203387 104
1.270816 90
0.150816 91
6.560769 115
1.221485 90
0.105944 90
0.599552 90
0.137184 90
0.104245 90
0.158364 90
0.189367 90
0.075325 90
0.134605 91
1.506765 90
0.428968 90
0.081997 90
0.226310 90
0.268412 90
0.148833 90
0.098047 90
4.648621 61
0.249403 32
0.215330 32
0.188036 32
0.175432 32
0.207320 32
0.183706 31
0.501202 117
0.025416 125
0.027613 162
0.031170 209
0.029369 120
0.031520 170
0.231507 31
0.181154 35
0.511983 35
0.015901 35
0.030061 36
0.030402 32
0.037393 31
0.022751 32
0.031311 32
0.028128 32
0.029734 32
0.031968 32
0.504866 32
1.139452 32
0.500117 32
0.030561 32
0.028309 32
0.031187 31
0.246846 32
0.941134 32
0.171589 31
0.189100 32
0.216545 32
0.356682 32
0.334055 32
0.434092 32
0.184623 32
0.159818 32
0.157038 32
0.173393 31
0.184750 32
0.222407 36
0.304702 36
0.463592 319
1.124970 41
0.338194 40
0.193960 40
0.179656 51
0.364448 40
31.775152 379
0.008738 316
0.029190 270
0.063957 129
0.128581 368
1.812868 501
9.289198 30
0.138366 40
0.103267 29
8.446154 30
0.137234 41
0.514144 34
0.574092 30
0.107177 30
0.150680 30
0.137434 30
0.181211 30
1.996648 29
10.148643 38
0.086425 29
0.632682 31
0.146985 30
0.138937 30
0.174595 30
0.124765 46
0.729490 29
0.674389 30
0.103639 30
0.101067 30
0.110120 44
1.754098 1017
34.010222 31
0.172012 30
1.972198 40
1.037126 40
0.140500 34
0.992147 30
0.353013 30
0.195329 30
0.450521 30
0.404082 40
0.183748 40
0.151676 40
0.621494 30
0.180854 30
0.113489 30
9.110421 29
0.249502 44
0.995071 44
1.330370 30
0.776684 30
0.198844 40
0.287167 34
1.336655 30
0.818945 30
0.839361 30
0.151334 30
0.476850 29
0.271643 38
0.503201 41
3.624983 44
0.672606 29
0.183879 30
0.272504 65
10.736046 29
78.222816 229
0.073423 418
0.138491 410
1.315760 364
9.615137 262
0.498409 318
0.039863 239
0.027231 211
0.048903 271
1.909650 165
0.459625 155
0.022364 284
0.012645 306
0.013424 245
0.021477 189
0.035331 234
1.281689 127
0.026287 268
0.020657 315
0.020765 378
0.024912 323
0.022929 281
0.027798 256
0.033364 331
42.442869 389
0.026972 335
0.020896 176
0.020067 301
0.387607 284
0.016066 275
0.004061 193
0.007526 501
0.006718 326
0.009294 339
0.004981 432
0.014146 453
0.015418 534
0.013072 272
0.022051 353
0.020462 445
0.003385 302
0.049136 328
0.048199 418
0.178272 315
0.006143 263
0.007779 51
0.006041 51
0.007415 51
0.007352 51
0.006630 51
0.006199 51
0.006189 51
0.015143 51
0.013315 51
0.024621 51
0.023874 51
32.390126 508
0.007611 247
0.010899 259
0.006619 432
0.006319 299
0.006822 293
0.006234 279
0.007930 324
0.006318 316
0.006807 347
0.006833 255
0.047883 202
0.015709 228
0.017505 417
0.016812 409
0.033255 363
0.048608 261
0.089635 317
0.007829 238
0.004994 211
0.006789 271
0.012283 165
0.003357 155
0.006248 284
0.006332 306
0.006601 245
0.006869 189
0.014838 234
0.029909 204
0.015455 384
0.016325 495
0.016109 180
0.015361 191
0.017136 290
0.016632 252
0.017529 261
0.016539 344
0.016291 250
0.016332 409
0.017092 284
0.015858 226
0.013520 366
0.007011 356
0.006587 267
0.009188 251
0.004692 230
0.006813 172
0.006881 179
0.006585 247
0.007612 398
0.006160 398
0.007440 402
0.006465 398
0.013861 402
0.710221 304
0.002361 229
0.026908 424
0.033615 266
0.480724 223
0.048108 262
0.798078 143
2.936244 425
0.028450 420
0.110187 276
0.977739 247
0.068735 160
0.345459 186
0.026856 332
0.054928 309
0.573258 199
0.034253 178
0.543878 235
0.033754 238
2.094323 262
0.027746 345
0.035738 251
3.115622 410
0.012446 285
0.028981 227
2.179549 369
11.193018 182
0.005558 328
0.029146 305
0.019376 201
0.020866 174
0.019581 231
0.027934 238
1.323244 205
0.014049 249
0.012950 299
0.014493 356
0.021115 405
0.040530 367
0.144488 368
0.056596 129
0.357019 268
0.049540 316
0.036972 425
0.023639 322
0.021046 282
0.014845 257
0.012389 332
0.015016 388
0.019975 336
0.021246 177
0.104231 306
0.169963 289
0.029280 275
1.871081 33
0.539823 1423
2.705015 31
0.171067 40
0.127490 34
0.980721 339
0.012579 433
0.013666 309
0.011292 301
0.014415 273
0.012583 128
0.015562 300
0.019341 182
0.030684 192
0.265599 201
0.007292 321
0.006847 310
0.006542 153
0.006874 189
0.006841 285
0.009356 327
0.006948 442
0.004973 340
0.009662 216
0.003678 181
0.014577 311
1.249865 254
0.003242 342
0.028196 305
0.048730 266
0.094901 403
0.027606 226
0.034551 309
2.083946 581
0.018442 272
1.611061 199
0.020706 234
0.014518 191
0.012754 246
0.014801 307
0.013123 285
0.014500 151
0.013660 166
0.012794 272
0.052694 212
0.037447 239
0.151466 318
0.020240 262
0.028588 364
0.970575 410
0.014752 418
0.013680 229
0.015850 201
0.011234 255
0.015578 393
0.356879 316
0.036446 324
0.026500 263
0.398877 257
0.027587 330
0.020385 394
0.020850 336
0.021166 177
0.061067 301
0.261708 289
0.068990 275
1.110202 29
0.702413 30
0.512322 44
3.325136 30
0.169652 40
1.015051 34
0.125716 30
0.444922 40
1.299496 30
0.736580 30
0.164603 31
0.132558 30
1.653299 45
0.511654 55
0.599627 57
1.339231 44
0.727408 44
0.161668 29
3.554650 30
0.190405 30
1.954202 44
0.709838 1323
23.304583 31
0.082601 30
0.174348 30
1.586210 44
3.552126 868
0.103158 38
1.458585 1303
0.292422 44
0.511630 54
1.550265 56
8.620629 60
0.186151 29
0.203186 53
1.681616 57
0.175862 29
1.300390 59
0.252103 29
0.602653 40
0.233671 73
2.060978 48
0.951393 24
0.002065 63
0.154072 23
0.000026 24
1.044886 25
0.000015 26
0.782821 23
0.002927 1254
1.025726 23
0.002895 1145
0.169246 25
0.000342 42
0.184212 25
0.000272 43
0.180053 25
0.000274 42
0.180738 25
0.001247 67
0.083280 25
0.001301 95
0.332532 25
0.000502 63
0.609450 25
0.000277 42
0.725858 23
0.000013 6
0.951389 29
1.523923 23
0.000012 26
0.290740 23
0.003561 1140
1.092238 29
0.350756 29
0.180261 29
0.172864 29
0.150062 29
0.495790 29
0.028721 29
0.030318 29
0.029169 29
0.192204 30
0.182595 29
0.175986 29
0.171911 29
0.178396 28
0.159703 28
0.178673 28
0.154730 28
0.165545 28
0.208854 1123
0.896774 29
0.254995 53
0.365825 29
0.418039 55
0.478853 55
0.069218 55
0.845743 29
0.184964 60
1.213306 30
1.795055 1
0.919737 57
1.173789 62
1.281034 58
3.859407 65
0.225663 29
0.215545 53
0.402880 29
0.339087 29
0.168070 57
0.350385 812
0.188126 72
0.170282 1191
2.887207 76
0.105542 76
0.774333 29
0.847504 67
6.447373 62
0.214977 29
0.374486 53
0.654119 29
3.752100 58
0.185581 55
0.513380 55
0.270937 55
0.201422 58
0.816556 56
0.603757 55
0.161385 55
0.840740 66
0.221410 55
0.138138 55
0.580590 58
0.386872 55
0.153107 55
0.169061 55
0.133683 58
0.345641 55
0.131733 56
0.227875 55
0.143984 55
0.076305 58
0.127012 55
0.089290 55
0.139530 55
0.108784 58
0.758281 55
0.185112 55
0.070488 56
0.393899 55
0.188003 55
0.126005 55
1.170113 29
0.359227 65
0.650560 54
0.771368 63
0.562023 29
0.787646 59
8.084852 1029
3.880424 31
0.289109 30
0.213131 30
0.121247 61
1.935486 1015
13.298942 31
0.071321 30
0.139354 30
1.287612 44
2.179167 686
1.219243 38
0.316276 38
0.109093 38
1.105976 38
0.631434 1017
1.507826 44
0.511726 55
0.799344 58
0.120434 29
1.039900 30
0.189524 30
0.118141 30
0.986460 44
0.871700 30
0.193700 30
0.908708 44
0.511924 71
0.740182 68
0.121225 29
2.345093 30
0.159062 30
0.180387 30
19.085537 229
0.008623 418
0.043382 410
4.009022 364
0.032830 262
0.027877 318
67.110165 33
2.232161 33
0.620753 1969
0.000767 450
202.391853 33
9.542683 33
1.057302 56
1.010298 185
0.881661 185
0.124518 185
0.125794 185
0.147894 185
4.570144 53
0.712518 32
0.685207 29
0.495073 60
0.028674 30
0.030877 57
0.030562 29
0.028008 29
0.030175 29
0.030910 72
0.032316 29
0.029286 62
0.029123 73
0.029799 29
0.029332 66
0.203876 29
0.189528 29
0.169480 29
0.540599 29
0.970811 30
8.906591 30
0.131024 30
0.148136 30
0.144198 30
1.389757 45
1.109356 45
0.512097 51
0.143454 29
1.205630 1659
0.678486 1977
0.003418 533
0.583499 52
1.041426 54
2.614887 54
0.179834 54
0.166517 54
0.212843 54
0.064462 54
0.705864 54
0.147673 54
0.210851 55
0.220322 54
0.119127 54
0.258233 54
0.887944 54
0.159346 54
0.244666 54
0.150328 54
0.444340 54
0.265363 54
0.239959 55
0.149349 54
0.110013 54
0.472736 54
0.134742 54
0.189958 54
0.230556 54
0.551993 54
0.147593 54
0.133555 54
4.591209 55
0.158167 54
0.145815 54
0.228976 54
0.251776 54
1.421251 54
0.499534 54
0.262909 54
0.475139 65
0.305258 54
0.757821 54
0.155375 54
0.302112 55
0.237001 54
0.195664 54
0.103336 54
0.168747 129
0.099908 82
0.586849 53
0.152536 53
0.116388 53
0.215730 53
0.184648 56
0.146303 54
1.516434 113
0.945442 29
0.789969 104
6.451009 1989
0.000807 262
2.190798 31
0.201573 30
0.197154 58
0.790684 29
0.239225 31
0.252147 42
0.434549 44
6.129363 318
0.003314 239
0.012866 211
0.007243 271
0.008322 178
0.005142 205
0.007131 304
0.008234 327
0.005031 181
0.008401 155
0.005409 247
0.009639 305
0.006253 420
0.005562 425
0.040280 139
0.016856 258
0.013491 217
0.018976 262
0.038799 452
0.038175 226
0.081219 299
0.007473 409
0.005973 247
0.007110 223
0.007277 459
0.006354 247
0.007074 305
0.010703 255
0.003282 150
0.006793 243
0.014635 137
0.246378 180
0.022533 333
0.020194 436
0.095787 148
0.012910 243
0.016548 137
0.012605 307
0.019904 398
0.034297 402
0.074935 402
0.021000 396
0.032095 450
1.388943 68
1.584957 48
1.001096 24
0.000455 35
0.550207 24
0.000012 25
1.039719 25
0.000284 42
0.198812 25
0.000242 42
0.169203 25
0.000229 42
0.166465 25
0.000240 42
0.165981 25
0.000217 42
0.788160 25
0.000026 37
0.000905 196
0.234703 25
0.000024 37
0.000825 187
0.209804 25
0.000022 37
0.000814 186
0.212540 25
0.000020 37
0.000809 185
0.445792 25
0.000022 37
0.000803 184
0.581262 25
0.000023 37
0.000842 183
3.922264 23
0.000013 25
0.372395 1
0.145830 1
0.165752 1
0.000051 41
0.000068 12
0.000880 20
0.002508 41
0.000009 29
0.002819 8
0.000024 96
0.733501 14
0.400645 28
0.425515 18
0.638513 11
0.003238 60
0.093315 93
0.143175 104
1.605239 1
0.114838 1
0.608958 1
0.224353 1
0.156815 6
0.931311 2
0.000012 9
0.002547 5
0.000112 44
0.000009 22
0.000019 37
0.000009 10
0.000017 63
0.000080 57
0.000008 20
0.000020 39
0.000009 72
0.000009 13
3.106928 1
1.592594 3
0.905863 1
0.131772 1
0.618821 2
0.000034 9
0.000011 5
0.000009 6
0.000009 6
0.000011 10
0.000019 12
0.000009 5
0.000010 9
0.000008 4
0.000553 8
0.000027 96
22.496017 1
0.129986 1
0.107464 1
0.103729 1
1.462417 1
0.138198 1
0.077035 1
0.157397 1
1.436269 1
1.995503 3
0.173489 3
0.179026 3
0.197057 3
0.663624 1
0.136285 1
0.138252 1
0.126845 1
1.621953 1
0.322734 1
0.991526 1
0.237593 3
0.699487 2
0.000015 9
0.001678 215
0.000013 106
0.000359 8
0.000029 96
20.639264 1
0.266836 1
0.159594 1
0.112941 1
0.228536 1
0.254943 2
0.000012 9
0.002050 11
0.000278 8
0.000027 96
2.202210 1
0.018524 5
0.189699 17
0.548404 20
0.175868 8
0.156548 1
0.444975 1
0.152991 1
0.100545 1
0.106716 1
0.107520 1
0.134037 1
0.138670 1
0.364186 4
0.510749 2
0.000012 9
0.002953 37
0.001112 8
0.000028 96
0.814721 11
0.325178 20
0.690434 17
0.575252 28
0.489863 24
0.162551 20
0.153145 16
0.157821 14
0.161968 1
0.878441 1
0.154237 1
0.134027 1
0.137190 1
0.204322 2
0.000012 9
0.003592 60
0.091507 93
0.141427 104
3.750076 1
0.086000 1
0.448828 1
0.352964 1
0.184458 6
1.734037 2
0.000016 9
0.003344 5
0.000195 44
0.000013 24
0.000021 45
0.000024 55
0.000010 8
0.000124 77
0.000034 124
6.873411 1
1.147518 2
0.000037 5
0.000011 5
0.000011 4
0.000008 6
0.000009 5
0.000009 5
0.000010 5
0.000010 5
0.000021 8
0.000010 6
0.000009 3
0.000009 7
0.000016 2
0.000494 8
0.000025 96
15.679511 1
0.236777 1
0.370568 2
0.000015 9
0.002283 83
0.000040 88
0.000380 8
0.000039 96
5.643340 1
0.129192 1
0.189362 1
0.179983 1
1.537329 1
0.127358 1
0.210877 10
0.801927 2
0.000012 9
0.001632 72
0.000345 8
0.000027 96
5.203898 1
0.126009 1
0.129646 1
0.103090 1
0.318125 1
0.173033 1
0.186204 9
0.454252 2
0.000021 9
0.001370 20
0.000272 8
0.000031 96
76.756502 1
0.248526 1
0.163482 1
0.860620 1
0.190467 8
0.403000 2
0.000022 9
0.039638 101
0.004210 48
0.000029 9
0.001984 63
0.000010 18
0.000662 1988
0.000102 1995
0.000014 565
0.007406 7
0.000027 162
0.000010 36
0.642786 23
0.000299 42
0.173618 23
0.000140 42
0.223024 47
0.359420 23
0.000314 42
0.158124 23
0.000232 42
0.498336 24
0.000205 42
0.023891 24
0.000124 42
0.031575 24
0.000111 42
0.027411 24
0.000210 43
0.030860 24
0.000213 43
0.029377 24
0.000206 43
0.028441 24
0.000260 44
0.034217 24
0.000228 43
0.027509 24
0.000211 43
0.027864 24
0.000226 43
0.031320 24
0.000222 43
5.720708 24
0.000296 43
0.280851 24
0.000277 46
0.298237 24
0.000266 42
0.623928 23
0.000287 44
0.556335 24
0.000274 42
0.980960 23
0.000012 24
0.463546 23
0.000277 44
0.469593 24
0.000356 40
0.477495 24
0.000214 40
0.029577 24
0.000246 40
0.029029 24
0.000212 40
0.031408 24
0.000228 40
0.029043 24
0.000212 40
0.030521 24
0.000208 41
0.030487 24
0.000207 40
0.030093 24
0.000269 40
0.029657 24
0.000282 40
0.029662 24
0.000222 38
0.029705 23
0.000213 38
0.029596 23
0.000205 38
0.029444 23
0.000201 38
0.030281 23
0.000196 38
1.313467 21
0.000314 162
0.349445 23
0.000603 197
0.770842 21
0.000368 182
0.310121 23
0.000284 42
0.219978 23
0.000282 42
0.777202 21
0.000909 260
0.740790 23
0.000274 38
0.327295 23
0.000262 38
1.175435 23
0.000287 38
0.200692 23
0.000224 38
0.164442 23
0.000219 38
0.175065 23
0.000210 38
0.163701 23
0.000252 40
0.657182 22
0.000367 85
0.476812 54
1.175325 54
0.196678 54
0.681077 55
0.153107 54
0.610788 28
0.499001 28
0.027790 28
0.029638 28
0.030407 28
0.032859 28
0.029503 28
0.028428 28
0.029684 29
0.029890 28
0.320200 28
0.347020 44
0.209472 43
0.161629 43
0.166820 43
0.159555 43
0.154148 43
0.171035 43
0.547265 33
0.215887 33
0.273761 33
1.985190 33
0.138901 33
0.141744 33
0.901031 34
0.285655 31
0.604524 31
0.409500 94
0.209682 94
0.177659 94
0.163341 94
0.151690 94
0.157761 94
0.166654 95
0.954814 85
0.129083 84
0.194595 84
0.474979 84
0.237280 84
0.153934 84
0.577422 31
0.504403 31
0.025956 31
0.029266 31
0.029666 32
0.030855 31
0.031552 31
0.033037 31
0.031358 31
0.026728 31
0.029052 31
0.029860 31
0.033984 31
0.029129 31
0.027888 32
0.029239 31
0.030473 31
0.030838 31
0.030691 31
0.028562 31
0.030396 31
4.103490 46
1.001097 23
0.000471 35
2.897868 22
0.000012 25
0.677002 1
0.125362 1
0.151461 1
0.000054 41
0.000059 10
0.000862 17
0.002504 41
0.000010 29
0.002977 8
0.000034 96
6.227477 1
0.185741 1
0.240397 1
0.159711 1
0.204048 1
0.358730 1
0.542629 3
0.221477 1
0.237910 1
0.196697 4
0.360561 2
0.000022 9
0.002878 37
0.001745 8
0.000021 96
1.109060 1
0.152342 1
0.105975 2
0.000021 9
0.002265 59
0.000009 59
0.000408 8
0.000023 96
3.728505 2
0.203980 13
0.430469 23
0.543195 11
0.040114 101
0.004251 48
0.000032 9
0.002013 63
0.000013 4
0.000013 14
0.000834 2015
0.000021 1995
0.000015 460
0.006630 7
0.000031 162
0.000185 36
0.000234 162
0.000220 186
0.000180 36
0.637636 23
0.000181 42
0.497754 24
0.000273 42
0.030526 24
0.000226 42
0.029411 24
0.000148 42
0.029135 24
0.000126 43
0.030514 24
0.000242 43
0.030117 24
0.000238 43
0.029961 24
0.000220 44
0.031688 24
0.000243 43
0.026336 24
0.000251 43
0.034242 24
0.000305 43
0.027280 24
0.000252 43
0.028583 24
0.000247 43
0.029535 24
0.000248 43
0.030038 24
0.000256 43
0.032978 24
0.000279 43
0.027906 24
0.000181 43
0.029811 24
0.000153 44
0.029541 24
0.000164 43
0.030225 24
0.000190 43
0.031470 24
0.000165 43
0.030798 24
0.000148 43
0.027879 24
0.000270 43
0.029640 24
0.000308 43
0.028805 24
0.000316 43
0.030900 24
0.000294 43
0.031206 24
0.000260 43
0.030370 24
0.000263 44
0.027677 24
0.000252 43
0.029594 24
0.000298 43
0.029974 24
0.000256 43
0.030036 24
0.000277 43
0.030147 24
0.000265 43
0.029787 24
0.000287 43
0.029655 24
0.000300 43
0.460025 24
0.000297 43
0.492901 24
0.000305 43
0.304930 22
0.000080 88
0.421764 70
0.183827 70
0.172242 70
0.162628 70
0.162285 70
0.164208 70
0.135807 70
0.699822 60
0.180193 60
0.159304 60
0.385178 70
0.156841 60
0.602348 60
0.221016 60
0.116122 60
0.422978 31
0.497074 32
0.030740 31
0.030060 31
0.030197 31
0.028086 31
0.030422 31
0.036182 31
0.023913 31
0.032932 31
0.026199 31
0.031290 32
0.028920 31
0.031184 31
0.031817 31
0.028084 31
0.029226 31
0.030260 31
0.186517 31
0.194809 31
0.410191 41
0.203622 41
0.164913 41
0.162467 41
0.163757 41
0.170276 41
0.282792 41
1.071359 40
0.179563 40
0.122928 40
0.341823 40
0.177000 40
0.113984 40
2.003953 46
0.812381 23
0.000554 57
0.000015 25
1.132290 1
0.118115 1
0.181404 1
0.000050 41
0.000054 10
0.000717 17
0.002525 41
0.000010 29
0.002896 8
0.000014 96
1.249072 12
0.305610 11
0.039809 101
0.004298 48
0.000028 9
0.001990 63
0.000010 18
0.000777 2013
0.000078 1995
0.000013 460
0.009310 7
0.000023 162
0.000689 186
0.001337 36
0.439240 54
0.000116 42
0.391304 23
0.000214 42
0.362250 23
0.000262 42
0.204768 23
0.000303 42
0.163039 23
0.000277 42
0.165495 23
0.000245 42
0.167616 23
0.000235 42
0.309371 23
0.000281 42
0.201016 23
0.000316 42
0.296398 23
0.000312 42
0.495754 23
0.000313 42
0.203886 23
0.000237 40
0.497908 24
0.000275 40
0.029663 24
0.000227 40
0.026461 24
0.000217 40
0.028789 24
0.000210 41
0.029701 24
0.000021 25
0.792564 22
0.000067 86
0.427263 28
0.242051 28
0.436584 29
0.142451 29
0.198683 29
0.898574 29
0.130602 29
1.331761 29
0.539102 29
0.182498 30
0.124918 29
0.308883 29
0.813029 30
0.500741 31
0.025979 34
0.376364 33
0.309612 31
0.325113 34
0.338017 34
1.710444 46
0.449313 23
0.000377 56
0.000160 44
0.955260 22
0.000017 6
0.171744 22
0.000023 23
0.371950 24
0.000021 25
0.320078 24
0.000297 42
0.503962 24
0.000204 42
0.022171 24
0.000332 43
0.029181 24
0.000288 43
0.028217 24
0.000273 43
0.030615 24
0.000273 44
0.029799 24
0.000260 43
0.029862 24
0.000261 43
0.028922 24
0.000245 43
0.030986 24
0.000349 43
0.028790 24
0.000231 43
0.030151 24
0.000268 43
0.028809 24
0.000265 43
0.032112 24
0.000296 43
0.027921 24
0.000266 43
0.031883 24
0.000246 44
0.036959 24
0.000247 43
0.022202 24
0.000282 43
0.029806 24
0.000264 43
0.034750 24
0.000277 43
0.024914 24
0.000271 43
0.029555 24
0.000246 43
0.030163 24
0.000275 43
0.029408 24
0.000250 43
0.029869 24
0.000280 43
0.030706 24
0.000273 44
0.031552 24
0.000367 43
0.026519 24
0.000295 43
0.029917 24
0.000271 43
0.029848 24
0.000279 43
0.031162 24
0.000282 43
0.028853 24
0.000283 43
0.029207 24
0.000022 25
0.032211 24
0.000023 24
0.030330 24
0.000018 24
0.032699 24
0.000017 24
0.492615 22
0.000793 115
0.691621 24
0.000317 44
0.501909 25
0.000299 44
0.027224 25
0.000251 44
0.030772 25
0.000255 44
0.028607 25
0.000288 45
0.029110 25
0.000228 45
0.030158 25
0.000228 45
0.031032 25
0.000225 46
0.029974 25
0.000236 45
0.029180 25
0.000238 45
0.028735 25
0.000247 45
0.033193 25
0.000230 45
0.545952 25
0.000293 45
5.856437 25
0.000294 45
1.498232 23
0.000023 25
0.512428 1
0.163625 1
0.197032 1
0.000058 41
0.000069 10
0.000813 18
0.002514 70
0.002734 8
0.000019 96
0.907362 12
0.471073 15
0.511824 1
0.134461 1
0.120361 1
0.116182 1
0.174674 2
0.000020 9
0.003085 60
0.090885 93
0.143316 57
0.378463 8
0.000015 96
1.353095 1
0.179651 1
0.582067 2
0.000014 9
0.001524 107
0.000009 101
0.000281 8
0.000028 96
3.595513 2
0.592863 6
0.365362 16
0.465273 2
0.000012 9
0.040613 101
0.004378 48
0.000030 10
0.002000 63
0.000010 18
0.000810 1980
0.000031 1995
0.000030 462
0.006378 7
0.000040 172
0.002412 197
0.000018 37
0.568724 24
0.000144 43
0.253062 23
0.000223 42
0.174465 24
0.000254 47
0.259044 25
0.000224 44
0.507486 25
0.000228 44
0.022016 25
0.000208 44
0.029744 25
0.000134 45
0.035081 25
0.000135 45
0.024947 25
0.000118 45
0.031129 25
0.000146 46
0.029726 25
0.000212 45
0.031328 25
0.000109 45
0.027374 25
0.000208 45
0.033597 25
0.000107 45
0.201830 25
0.000102 45
0.090613 25
0.000261 45
0.550015 25
0.000184 45
0.896279 23
0.000068 93
0.279600 74
0.161101 74
0.169902 74
0.149837 74
0.153162 74
0.158073 75
0.224841 74
0.642813 63
0.168297 64
0.241767 63
0.307033 63
0.173555 63
0.105242 63
0.562062 32
0.512344 32
0.014806 32
0.028122 32
0.031085 32
0.029166 33
0.032161 32
0.028612 32
0.029526 32
0.029777 32
0.031491 32
0.029597 32
0.028839 32
0.361483 32
0.337846 62
0.195897 62
0.176454 62
0.152961 62
0.163539 62
0.168091 62
0.170553 63
0.712899 52
0.167174 51
0.192858 51
1.070984 51
0.143781 51
0.123815 51
0.567973 32
0.169405 32
0.164189 32
0.162727 32
0.151959 33
0.142278 32
0.143129 32
0.166069 32
0.135851 32
0.460458 32
0.364145 43
0.220405 43
0.164583 43
0.169324 43
0.150392 43
0.166622 44
0.199794 43
0.777390 41
0.239746 42
0.189056 41
0.332611 41
0.146186 41
0.131918 41
1.526556 48
1.001119 24
0.000491 39
0.258287 23
0.000021 25
0.255063 1
0.113211 1
0.151359 1
0.000049 41
0.000053 10
0.000784 18
0.002482 41
0.000009 29
0.002976 8
0.000033 96
0.715528 1
0.118412 1
0.102334 1
0.140774 1
0.172545 1
0.271453 1
0.165496 1
0.247074 1
0.206793 3
0.317897 2
0.000018 9
0.003017 37
0.000899 34
0.001340 8
0.000026 96
1.222903 1
0.144866 1
0.127264 1
0.139172 1
0.153640 2
0.000011 9
0.003564 60
0.090988 93
0.146584 57
0.386020 104
0.708806 1
0.105751 1
0.851884 1
0.180446 1
0.303771 5
1.513451 2
0.000017 9
0.004149 44
0.000053 2
0.000024 38
0.000010 19
0.000009 2
0.000031 63
0.000010 21
0.000028 31
0.000010 5
0.000029 16
0.000011 34
0.000008 19
0.000009 2
0.000020 36
0.000011 23
0.000032 45
0.000009 19
0.000008 2
0.000024 36
0.000027 38
0.000009 2
0.000023 56
0.000010 23
0.000028 38
0.000009 21
0.000043 36
0.000022 58
0.000009 21
0.000017 16
0.000009 55
0.000021 82
0.000008 5
0.000010 42
0.000008 21
0.000008 2
0.000021 50
0.000020 59
0.000008 5
0.000017 41
0.000008 2
0.000016 40
0.000021 28
0.000009 21
0.000017 43
0.000009 21
0.000022 38
0.000009 21
0.000018 61
0.000008 5
0.000016 64
0.000009 21
0.000019 58
0.000009 5
0.000020 41
0.000008 23
0.000022 60
0.000009 5
0.000018 43
0.000009 21
0.000009 45
0.000009 28
0.000023 42
0.000009 21
0.000023 58
0.000008 5
0.000017 38
0.000008 2
0.000017 40
0.000036 41
0.000036 40
0.000025 63
0.000009 19
0.000009 2
0.000009 61
0.000008 23
0.000059 42
0.000012 122
0.000009 5
0.000019 39
0.000008 2
0.000009 35
0.000009 5
0.000021 62
0.000009 2
0.000008 36
0.000008 5
0.000023 43
0.000008 21
0.000020 39
0.000009 2
0.000021 62
0.000009 2
0.000017 84
0.000008 5
0.000019 43
0.000009 21
0.000018 34
0.000008 2
0.000019 16
0.000008 8
0.000008 44
0.000009 5
0.000021 80
0.000008 5
0.000019 49
0.000009 23
0.000024 54
0.000008 5
0.000017 59
0.000009 5
0.000022 28
0.000009 21
0.000017 28
0.000008 21
0.000020 60
0.000008 5
0.000018 49
0.000009 23
0.000022 64
0.000009 21
0.000020 48
0.000009 21
0.000021 49
0.000009 23
0.000010 32
0.000008 66
0.000009 23
0.000021 51
0.000009 21
0.000018 41
0.000009 2
0.000016 41
0.000021 28
0.000008 21
0.000020 58
0.000008 5
0.000019 60
0.000008 5
0.000020 16
0.000010 36
0.000008 5
0.000017 42
0.000008 21
0.000019 61
0.000008 5
0.000017 63
0.000009 21
0.000021 44
0.000009 21
0.000021 58
0.000008 5
0.000019 44
0.000009 21
0.000018 17
0.000009 55
0.000021 61
0.000009 2
0.000018 39
0.000008 2
0.000019 59
0.000016 5
0.000008 41
0.000009 23
0.000023 43
0.000008 21
0.000017 18
0.010647 8
0.000023 96
38.249978 1
1.099352 3
0.571516 1
0.112970 1
0.093474 1
0.831353 1
0.120869 1
0.337940 1
0.414270 3
0.338253 1
0.195989 4
0.500768 2
0.000011 9
0.040804 101
0.004243 46
0.000165 20
0.001440 63
0.000009 4
0.000009 14
0.000579 1972
0.000124 2047
0.000145 1970
0.000142 2047
0.000020 183
0.006749 7
0.000025 162
0.000215 186
0.000521 36
0.928152 21
0.000011 24
0.384559 1
0.428473 1
0.002537 41
0.000010 14
0.000009 69
0.002698 8
0.000025 96
0.832189 9
0.693724 1
0.337395 1
1.009615 1
0.738119 1
0.214999 2
0.874884 2
0.000055 9
0.050919 101
0.004273 50
0.000051 12
0.007939 63
0.000013 18
0.001990 1970
0.000930 1155
0.006696 7
0.000024 182
0.000974 208
0.000015 38
0.000045 182
0.000020 208
0.000301 38
1.637501 190
0.029532 180
0.025412 496
0.031754 380
0.031575 204
0.880695 239
0.041913 195
0.040344 250
0.414379 311
0.019782 289
0.013501 151
0.023038 170
0.033360 272
0.378522 212
0.019629 239
0.023224 318
0.025712 262
0.351377 364
0.022980 459
0.019721 418
0.025612 229
0.342428 203
0.017465 255
0.019636 347
0.041031 316
1.027844 324
0.047498 373
0.406186 264
0.027533 328
0.028044 242
0.055322 331
33.696302 23
0.000013 25
0.580506 1
0.177912 1
0.002581 55
0.000017 69
0.002261 8
0.000010 96
434.924493 1
0.087618 1
0.201418 1
1.277852 1
0.149331 1
4.542970 1
0.100861 1
0.201908 1
0.117276 1
0.186522 2
0.000030 9
0.000890 36
0.000770 8
0.000030 96
0.613082 11
0.000104 8
0.000024 96
0.355043 11
0.000086 8
0.000024 96
1.269463 9
0.145174 1
0.479530 23
0.081744 1
0.043936 1
4.495566 1
20.730243 1
0.136726 1
0.156320 1
0.247350 1
0.409277 3
0.167624 3
0.590557 1
0.217467 1
0.182146 1
0.012554 1
1.311909 1
0.081986 1
0.144719 1
0.182211 1
6.219997 1
0.571915 3
0.498642 3
0.028702 3
0.031777 3
0.029939 3
0.029927 3
0.029834 3
0.029219 3
0.029264 3
0.030522 3
0.033213 3
0.030491 3
0.025379 3
0.030610 3
0.031273 3
0.031362 3
0.027312 3
0.030363 3
0.031918 3
0.028547 3
0.033101 3
0.027539 3
0.031989 3
0.028509 3
0.029904 3
0.030245 3
0.028882 1
2.821139 1
0.149137 1
0.643931 2
0.000124 9
0.001910 208
0.000317 8
0.000028 96
1.007296 1
0.100758 1
1.228046 1
0.474970 1
0.252514 2
0.000012 9
0.000080 6
