0.027906 95
0.001441 8
0.000015 96
1.092739 103
5.663030 72
1.727683 128
0.000026 9
0.004096 8
0.000014 96
1.660422 103
2.170496 1
0.208926 1
0.120977 1
0.145284 1
0.189000 1
0.200017 1
0.159740 1
0.786016 2
0.000022 9
0.004989 122
0.000041 5
1.239029 1
0.299697 1
0.227235 1
0.237542 1
0.179960 1
0.136276 1
0.258993 1
0.160971 1
0.765800 3
0.162403 3
0.181263 3
1.301039 1
0.117965 1
0.965105 3
0.000013 6
0.107883 6
0.000010 3
0.580021 2
0.007252 73
0.003197 98
0.002463 14
0.000034 5
3.680415 1
0.110182 1
0.128770 1
0.256701 1
0.072742 1
0.107237 1
0.201735 1
0.950791 1
1.318838 2
0.000226 56
0.000012 2
0.000050 25
0.000037 28
0.000035 27
0.000035 21
0.000035 21
0.000034 28
0.000034 28
0.000034 24
0.000034 20
0.000034 27
0.000042 18
0.000033 15
0.000034 20
0.000033 20
0.000040 16
0.000034 17
0.000033 12
0.000034 12
0.000034 16
0.000034 14
0.000009 2
0.000030 39
0.000019 18
0.000040 33
0.000010 11
0.000009 2
0.000037 30
0.000010 30
0.000009 26
0.000009 2
0.000041 34
0.000009 27
0.000015 2
0.000030 40
0.000040 40
0.000042 41
0.000009 2
0.000036 35
0.000044 35
0.000009 20
0.000043 33
0.000008 16
0.000009 19
0.000038 33
0.000019 2
0.000027 22
0.000009 8
0.000009 2
0.000032 33
0.000017 61
0.000043 34
0.000020 60
0.000036 28
0.000016 62
0.000040 37
0.000042 7
0.000009 67
0.000046 2
0.000009 12
0.000039 5
2.058064 1
0.102706 1
0.136756 1
0.152736 1
0.138268 1
0.212760 1
1.672563 1
0.673661 1
0.095744 1
0.117716 1
0.149267 1
0.105006 1
0.143982 1
0.364270 1
0.860781 4
0.000011 3
0.000011 3
0.900949 7
0.000011 2
0.869261 1
0.147965 2
0.000096 7
0.000038 5
2.960267 1
0.137129 1
0.151232 1
0.142007 1
0.179751 1
0.166261 1
1.542811 1
0.581469 1
0.547752 1
1.507819 1
0.103646 1
0.082766 1
0.354741 1
0.324770 3
0.190048 1
0.138250 1
0.193692 1
0.859035 1
2.095305 4
0.000014 6
0.000010 2
0.724725 6
0.000012 5
0.000010 1
0.250432 2
0.000101 2
0.000010 14
2.181985 9
0.000044 5
13.425716 1
0.132424 1
0.800761 1
0.126485 2
0.000057 23
0.000050 7
0.000040 5
1.496141 1
0.111952 1
0.450071 1
0.147988 2
0.000063 33
0.000043 7
0.000033 5
1.585871 1
0.207714 1
0.196250 1
0.144736 2
0.000065 10
0.000010 16
0.000018 16
0.000039 7
0.000034 5
1.891184 1
0.168182 1
0.150501 1
0.845025 1
0.149228 1
0.474046 2
0.000641 8
0.000025 96
6.062179 1
0.111686 1
0.122946 1
0.197244 1
0.157012 1
0.168831 4
0.937010 1
0.335034 1
0.193188 1
0.491000 2
0.000013 9
0.073934 101
0.004310 48
0.000039 11
0.002275 63
0.000022 18
0.001270 1978
0.000105 256
0.034490 7
0.000026 162
0.000421 186
0.000493 36
1.123660 217
0.054992 165
0.067449 242
9.653098 23
0.000377 38
0.379517 23
0.000300 38
0.175243 23
0.000323 42
0.179894 23
0.000301 42
0.670247 743
0.010630 396
0.013654 396
0.013860 397
0.014717 396
0.012988 396
0.019996 397
0.023020 397
0.031727 396
0.061510 397
0.033795 396
0.041218 397
0.671227 224
0.019490 157
0.022035 205
0.019704 170
0.021077 175
4.927545 193
0.020377 187
0.013437 152
0.014153 263
0.013099 267
0.013715 201
0.014009 259
0.015514 309
0.018804 282
0.095472 277
0.850691 168
0.011966 244
0.028746 348
0.060376 398
0.103188 398
0.041720 398
0.046760 398
0.101509 398
2.087929 34
1.377449 25
0.000339 45
0.495866 25
0.000193 45
0.029482 25
0.000162 44
0.029826 24
0.000177 46
0.032088 25
0.000164 44
0.026548 24
0.000149 46
0.029870 25
0.000137 44
0.030621 24
0.000162 46
0.028597 25
0.000154 45
0.030111 24
0.000155 46
0.028311 25
0.000252 44
0.031754 24
0.000169 46
0.028333 25
0.000280 44
0.029227 24
0.000380 46
0.029644 25
0.000293 44
0.030177 24
0.000277 46
3.976326 152
0.013981 263
0.013559 267
0.013197 201
0.015269 259
0.018285 309
0.035211 282
0.193543 277
0.222809 168
0.020782 244
0.020734 348
1.097179 33
2.647229 24
0.000346 46
0.454356 25
0.000329 42
44.573153 309
0.063026 282
0.081861 277
0.068623 196
0.053594 12
0.266492 220
0.021142 168
0.020552 244
0.020510 348
0.026072 398
0.042240 12
3.794015 32
8.689651 24
0.000374 46
0.495557 25
0.000304 45
0.414721 25
0.000340 45
0.212587 25
0.000154 44
1.170905 22
0.000066 86
4.613884 51
11.534852 37
0.289280 37
1.716174 29
0.871640 30
0.881589 29
0.511301 48
0.116531 35
0.360618 30
0.670226 47
0.159521 29
0.932067 30
0.165116 30
0.575299 30
0.167238 30
0.377001 30
0.127925 30
1.956959 30
2.927349 30
1.370708 30
0.418848 56
1.443341 919
0.607408 28
0.423976 29
4.334250 51
0.112237 37
1.034319 37
0.473640 29
0.755620 30
0.436900 29
0.511391 48
0.547103 35
1.298648 30
0.401487 47
0.218437 29
1.893641 30
0.105831 30
0.139840 30
1.205692 30
1.345136 30
0.481726 30
0.511436 48
0.507549 37
0.118233 29
0.213955 31
0.280708 30
0.206463 30
0.076034 30
1.141858 30
0.760351 30
0.479821 30
0.511564 48
0.818619 63
2.029948 29
0.275300 31
1.173905 32
0.679505 29
0.429071 845
0.438396 28
0.239871 28
1.731982 51
0.344074 37
0.145251 37
0.877165 29
2.094297 30
1.883729 29
0.511295 48
1.260842 35
0.703591 30
1.163863 47
0.143238 29
1.406439 30
0.145847 30
0.186266 30
0.230983 30
0.170203 30
1.408046 30
0.687824 30
0.317214 30
0.511381 48
1.173144 38
3.566172 29
0.753616 30
0.128168 30
0.118999 30
0.650432 30
0.475159 30
0.167261 30
0.511492 48
1.919844 63
0.932273 773
0.631341 28
0.652077 28
4.193580 51
0.121871 37
0.469789 37
0.722521 29
0.945497 30
0.167752 29
0.511230 48
0.436113 48
0.319526 38
1.020018 30
0.196889 29
0.511297 48
0.423525 35
0.838968 30
0.528574 47
0.092754 29
5.687256 30
0.319200 30
7.251130 40
0.801736 40
1.042177 30
0.279031 30
0.162055 30
0.798917 30
1.075929 30
0.195538 30
0.511352 48
0.467065 63
0.499305 52
0.497913 29
0.015419 29
0.027491 29
0.029175 32
0.031572 29
0.029723 29
0.028991 29
0.029516 30
0.030727 29
0.032015 52
0.212862 29
0.527836 28
0.175590 28
0.686418 111
0.184474 111
0.483173 111
0.505689 100
0.432976 111
0.322517 113
0.296686 113
0.209195 113
0.667606 113
0.270228 114
1.491902 29
0.507319 29
0.021089 29
0.028154 36
0.029324 29
0.031237 29
0.030491 29
0.029247 29
0.028582 29
0.031982 49
0.030980 29
0.147565 29
0.185498 29
0.180707 36
0.409208 719
0.886167 28
0.166428 28
0.937069 574
0.522009 29
2.489715 51
0.118700 37
0.130267 37
0.147172 37
0.519645 38
0.131400 37
0.670753 30
0.571357 30
0.217706 29
0.511233 48
0.071818 35
0.485929 31
0.084441 29
0.368785 29
0.424642 46
0.094786 29
1.634309 30
0.215508 30
0.264373 30
1.438618 30
0.163567 30
0.126940 30
0.083701 30
0.298783 31
1.239843 30
1.233542 30
0.151731 30
0.511362 48
0.547885 63
3.420905 32
0.184447 32
0.471795 31
0.649380 419
0.513854 28
0.266327 28
0.237795 28
3.631722 51
0.158986 37
0.126309 37
0.825586 29
0.852300 30
0.155402 29
0.510868 48
0.150628 35
0.380203 30
0.513251 47
0.077044 29
2.577778 30
0.163725 30
0.140854 30
0.317526 30
2.083983 30
0.136782 30
0.046725 30
0.759260 40
0.335394 30
0.178105 30
0.160460 31
0.136160 30
1.208688 30
0.558634 30
0.821522 30
0.511372 48
0.766183 37
0.179536 29
0.788500 30
0.162507 30
0.135514 30
0.385022 40
0.162577 40
0.229886 30
0.181780 30
0.658353 31
0.435047 30
0.629910 40
0.273469 30
0.174789 31
0.511430 49
0.754652 63
2.744819 52
0.311592 29
0.265483 36
0.196271 32
0.478500 31
0.497165 269
0.669697 28
0.165076 28
0.241569 188
0.426940 28
0.206566 28
0.182176 28
0.385082 28
9.558432 51
0.161261 37
0.236684 37
0.782655 37
0.168159 38
2.570284 30
1.032217 30
0.380287 30
0.411507 31
0.975124 31
0.289453 30
0.374209 30
0.573125 46
0.082106 29
22.540777 30
0.275344 30
0.121893 30
0.466735 30
1.251185 31
1.140546 31
0.511380 49
1.962279 37
0.144601 29
0.839057 30
0.453461 30
0.166834 30
0.308573 30
0.167136 30
0.843282 30
0.708233 31
0.537133 41
0.283055 31
0.906073 31
0.511461 49
1.011823 63
0.782887 31
0.200120 32
0.380156 31
3.933800 51
0.137634 37
0.191480 37
0.163171 37
0.152004 38
0.850695 30
0.568727 30
0.589765 30
1.167918 31
0.947559 31
0.511281 51
3.003363 39
0.504126 30
0.529067 46
0.081283 29
1.831665 30
0.452589 30
0.344964 30
0.742415 30
0.658608 31
0.421431 31
0.510743 49
0.271462 37
0.134478 29
1.095147 30
0.127023 30
0.180319 30
0.181067 30
0.590906 40
0.195540 40
0.159951 40
0.158424 40
0.720634 30
0.115199 30
0.236939 30
0.135742 30
0.719594 30
0.497036 30
0.543119 30
0.511466 49
0.830863 63
7.722523 31
0.175164 33
0.183077 31
0.508662 44
0.710367 28
0.862257 37
0.144251 37
0.186259 37
0.148167 37
0.153800 38
0.864069 30
1.973812 30
0.309563 30
0.473108 31
0.839330 31
0.488153 30
0.468899 30
0.141460 29
0.567841 29
0.291108 46
0.092124 29
1.019712 30
0.164153 30
0.430712 30
0.856952 30
0.489224 31
0.150603 31
0.511246 49
0.343313 37
0.108356 29
1.190858 30
0.289384 30
0.252293 30
0.473889 30
1.004812 30
1.179685 30
0.511343 48
0.035361 38
0.415036 68
0.313270 38
1.052043 244
0.017774 348
0.080049 398
29.060055 31
0.458176 32
0.196916 31
0.206997 32
0.372166 30
0.498939 29
0.008525 29
0.029538 29
0.031019 29
0.028941 29
0.031227 29
0.029506 29
0.031237 29
0.031512 29
0.028492 30
0.030984 29
0.029517 29
0.031004 29
0.029550 29
0.030239 29
0.028948 29
0.030283 29
0.031498 29
0.030220 29
0.029306 30
0.028951 29
0.030267 29
0.029987 29
0.030483 28
0.030000 28
0.029243 28
0.030255 28
0.030248 28
0.027398 28
0.228949 28
1.071402 137
0.973810 129
1.021882 28
0.565678 132
1.288587 28
0.952335 28
0.489554 28
0.018252 28
0.029472 28
0.031052 28
0.029231 28
0.458501 262
0.012701 266
0.006620 200
0.007597 258
0.006220 308
0.006741 281
0.006185 276
0.006143 195
0.006319 50
0.014716 50
0.013496 50
0.020016 50
2.348888 360
0.004318 225
0.006507 228
0.007223 226
0.008056 243
0.005750 273
0.006831 397
0.008114 397
0.005353 397
0.007271 397
0.007715 397
0.031252 396
0.026082 396
0.017409 396
0.016745 396
0.017771 396
0.017706 396
0.016494 396
0.017981 396
0.026732 396
0.024974 396
0.018487 185
0.016134 49
0.016494 49
0.018247 49
0.018020 49
0.025726 49
0.016248 49
0.017512 49
0.024991 49
0.018512 49
0.015503 49
0.052752 49
0.041001 49
0.082062 280
0.013317 176
0.013782 217
0.012502 219
0.014017 216
0.013781 227
0.020912 202
0.012979 190
0.021040 216
0.020266 217
0.027237 224
0.034427 170
0.041023 184
1.143732 46
1.001097 23
0.000252 33
1.203169 22
0.000022 25
0.675644 1
0.118936 1
0.780041 1
0.000055 41
0.000069 10
0.000721 19
0.002573 41
0.000009 29
0.002694 8
0.000022 96
3.819671 1
0.043650 11
0.314841 22
0.737256 11
0.004959 122
0.000381 5
1.544378 1
0.186687 1
0.505289 3
0.168249 3
0.613750 1
0.464752 1
0.277263 1
0.143946 1
1.866105 1
1.108452 1
0.634781 1
0.000011 4
0.000006 2
0.000016 1
0.900977 7
0.662984 2
2.236041 1
0.154440 2
0.006449 72
0.001840 96
0.001504 7
0.000034 4
0.000009 1
1.901481 1
0.183156 1
0.134007 1
0.219490 1
0.098238 1
0.107278 1
0.198748 1
0.589782 2
0.693249 1
0.484305 2
0.000225 55
0.000010 2
0.000045 16
0.000029 18
0.000029 17
0.000032 17
0.000033 18
0.000032 21
0.000031 21
0.000036 26
0.000040 21
0.000009 13
0.000034 33
0.000009 2
0.000030 25
0.000036 27
0.000009 2
0.000028 38
0.000009 2
0.000036 38
0.000037 37
0.000037 36
0.000009 2
0.000032 33
0.000010 2
0.000035 66
0.000009 2
0.000032 30
0.000046 7
0.000032 5
3.898753 1
0.181426 1
1.223046 1
0.149705 2
0.000059 2
0.000011 26
0.000010 15
0.000048 7
0.000033 5
6.526705 1
0.149412 1
0.160517 1
0.163001 1
0.508004 1
0.971032 2
0.000678 8
0.000027 96
1.924831 103
2.631284 1
0.123398 1
0.109300 1
0.169787 1
0.150159 1
0.161621 4
1.289445 1
0.258198 1
0.240683 2
0.914137 2
0.000012 9
0.046914 101
0.004204 48
0.000038 11
0.002218 63
0.000020 18
0.001664 1994
0.000012 151
0.023121 7
0.000023 172
0.000158 37
0.001554 172
0.000229 37
4.107226 396
0.016106 397
0.041970 397
13.797801 32
2.862612 22
0.000072 86
0.182887 132
1.266105 132
0.572765 28
1.666580 47
0.109751 37
1.645502 28
0.258623 29
0.490211 46
0.091895 29
2.756191 30
0.250830 30
0.315032 31
0.177436 30
0.140690 46
1.880922 30
1.668716 85
0.548429 38
0.407134 38
0.414752 38
0.147955 38
1.805362 38
0.346905 39
0.126179 38
0.153769 38
1.033559 38
0.252559 38
0.161382 38
0.160576 38
0.095527 38
0.896952 38
0.621325 38
1.125061 39
1.483607 107
1.993296 31
0.511606 44
1.027980 45
1.035290 127
0.693604 28
0.863231 29
1.080558 31
0.153721 30
0.095484 30
0.196252 30
0.539092 30
0.192152 30
0.201798 50
0.642121 30
0.795240 30
0.511269 39
1.783371 58
0.430168 42
0.373468 29
0.770326 29
1.201642 29
2.385102 53
2.317015 53
0.116055 54
2.215978 62
0.082859 35
0.511640 56
0.165444 50
1.220635 55
0.156411 55
0.214125 55
0.282776 55
0.541654 65
0.185474 55
0.149574 55
2.739529 63
0.086743 35
0.511737 60
0.145679 54
1.316556 70
0.210384 57
0.713000 58
3.286018 66
1.374036 55
0.151921 55
0.885064 55
0.088556 55
0.142243 55
0.112406 55
0.188781 55
0.262628 55
0.635047 65
0.091806 36
0.512486 63
0.723879 55
0.498116 55
0.415708 29
3.147060 123
1.635913 77
0.590274 77
3.845631 140
2.440654 59
0.139495 59
1.091115 59
0.355932 59
0.577603 43
0.510899 41
5.620991 30
0.350530 67
0.787503 65
0.709757 65
1.818347 53
1.685500 53
3.015909 48
1.001121 24
0.000699 49
1.128306 23
0.000012 25
0.380220 1
0.230959 1
0.000082 16
0.000946 19
0.000162 39
0.000019 34
4.262121 2029
0.000019 567
0.011715 2028
0.000014 562
0.064695 2021
0.000033 527
0.067932 2018
0.000016 512
0.052832 2017
0.000013 507
0.300379 2014
0.000014 492
0.007924 2011
0.000013 477
0.013846 2009
0.000013 467
0.016113 2008
0.000016 462
0.014553 2007
0.000012 457
0.066685 2006
0.000015 452
0.050714 2005
0.000012 447
0.016434 2004
0.000014 442
0.051230 2003
0.000014 437
5.944619 29
0.813211 23
0.002119 100
0.235389 47
0.360729 136
0.408187 132
1.204385 28
0.313745 28
0.178267 28
0.195000 28
0.561292 46
0.968389 23
0.000339 56
0.000628 133
3.025350 109
0.069657 12
5.629991 66
0.810984 133
0.000270 96
0.000630 194
0.001111 110
0.000233 16
0.000490 34
1.794540 33
0.864057 23
0.002171 100
0.118770 47
0.338180 350
0.821524 28
0.170824 28
0.152508 30
0.148025 28
0.457227 28
0.403797 29
0.230474 29
0.256027 38
0.184689 38
0.178106 175
0.195686 175
8.592392 186
0.002194 151
0.013867 266
0.011823 299
0.014344 210
0.013829 261
0.013299 346
0.020820 285
0.027713 320
0.212558 195
1.936525 33
1.890764 480
1.854492 46
1.001132 23
0.000631 43
0.414859 24
0.000297 42
1.607505 24
0.000336 42
0.360376 22
0.000017 6
0.158454 22
0.001159 434
0.613130 24
0.000319 40
0.021904 24
0.000278 40
0.492244 24
0.000302 40
0.878259 22
0.000015 6
0.231959 22
0.000029 23
0.495486 24
0.000369 40
0.503648 24
0.000364 40
1.077391 24
0.000319 40
0.795613 22
0.001121 469
2.273415 22
0.000052 56
0.001051 406
0.000014 33
0.389110 24
0.000325 40
0.134643 24
0.000236 40
0.518892 24
0.000319 40
0.009550 24
0.000269 40
0.026723 24
0.000228 40
0.029305 24
0.000245 42
0.030031 25
0.000318 42
0.031665 25
0.000247 42
0.027734 25
0.000224 42
0.030258 25
0.000223 43
0.029277 25
0.000232 42
0.030539 25
0.000224 42
0.033258 25
0.000216 42
0.028783 25
0.000219 42
0.029026 25
0.000211 42
0.061596 54
0.000201 42
0.028735 25
0.000223 42
0.029538 25
0.000214 42
0.029295 25
0.000984 62
0.028509 25
0.000388 55
0.030605 25
0.000233 42
0.030276 25
0.000876 64
0.029629 25
0.000387 58
0.029865 25
0.000025 26
0.029461 25
0.000013 25
0.031008 25
0.000025 25
0.027732 25
0.000026 25
0.028957 25
0.000013 25
0.690786 23
0.001241 508
0.476538 24
0.000286 40
0.564164 24
0.000250 40
0.181246 24
0.000282 40
0.437991 24
0.000015 25
0.347732 24
0.000196 40
0.125771 24
0.000259 40
0.514107 24
0.000327 40
0.010121 24
0.000268 40
0.029271 24
0.000235 40
0.029955 24
0.000168 42
0.030564 25
0.000179 42
0.031036 25
0.000161 42
0.028349 25
0.000151 42
0.029972 25
0.000147 43
0.029487 25
0.000237 42
0.030723 25
0.000134 42
0.030889 25
0.000228 42
0.028249 25
0.000214 42
0.031800 25
0.000203 42
0.031802 25
0.000221 42
0.027539 25
0.000219 42
0.029025 25
0.000206 42
0.028792 25
0.000205 42
0.031812 25
0.000899 62
0.029360 25
0.000381 55
0.028847 25
0.000234 42
0.028761 25
0.000871 64
0.029639 25
0.000381 58
0.029132 25
0.000019 26
0.030993 25
0.000018 25
0.028456 25
0.000009 25
0.031230 25
0.000009 25
0.399542 23
0.001163 459
0.741479 24
0.000320 40
0.486571 24
0.000268 40
0.519375 24
0.000321 40
0.006252 24
0.000228 40
0.028487 24
0.000222 42
0.031530 25
0.000254 42
0.030000 25
0.000209 42
0.030290 25
0.000207 42
0.029576 25
0.000214 43
0.028753 25
0.000207 42
0.030540 25
0.000211 42
0.029792 25
0.000202 42
0.028289 25
0.000205 42
0.031301 25
0.000206 42
0.029046 25
0.000203 42
0.030787 25
0.000200 42
0.029302 25
0.000201 42
0.029298 25
0.000204 42
0.030549 25
0.000900 62
0.029604 25
0.000384 55
0.028361 25
0.000229 42
1.016598 23
0.000318 88
0.199858 50
1.295483 95
0.133823 71
0.432691 76
0.494442 95
0.621989 71
0.427360 95
0.163306 71
6.162127 213
0.013045 294
0.014724 310
0.011776 300
0.014528 288
0.014386 232
0.015851 353
0.010776 283
0.013337 288
0.013759 246
0.013635 322
0.020722 322
0.586326 170
0.015175 184
1.113438 32
1.128672 707
0.214343 621
0.289230 609
6.099860 1971
0.000112 216
0.017461 1971
0.000149 216
0.020357 1971
0.000128 216
0.028367 1971
0.000143 216
0.033420 1971
0.000117 216
0.019854 1971
0.000125 216
0.028069 1971
0.000144 216
0.033622 1971
0.000128 216
0.168911 1971
0.000143 216
0.043103 1971
0.000121 216
0.056139 1971
0.000142 216
0.029345 1971
0.000118 216
0.142891 1971
0.000142 216
0.059606 1971
0.000121 216
0.295386 1971
0.000147 216
7.822183 28
1.370947 28
3.237317 37
2.576074 37
0.976749 37
0.096190 37
0.452327 38
0.143104 38
0.791222 529
1.178208 38
1.276561 38
7.551493 274
0.086562 394
92.211474 30
1.058845 42
0.111897 42
0.262998 42
0.500516 53
0.198728 53
0.180226 53
1.939700 42
0.516173 53
0.471279 42
0.281674 42
1.211815 42
0.977737 30
0.586795 30
0.609256 28
0.223173 28
0.262883 28
0.358718 45
0.399555 30
0.562168 30
0.182277 28
0.672776 44
0.303151 45
0.216291 45
1.075040 56
0.434196 29
0.173510 44
0.623741 29
0.721785 44
0.982314 31
0.574624 28
0.289553 28
0.595055 28
4.350230 46
0.490760 37
1.020006 37
0.643553 29
2.532355 28
1.223608 38
1.752459 29
1.831284 30
1.006681 30
0.880270 30
0.791493 31
2.590119 30
1.192531 30
0.511296 53
2.052210 43
0.481295 30
2.602062 46
0.107807 29
0.697119 30
2.688352 38
0.786565 38
0.964224 29
0.178694 29
0.444820 40
0.335711 29
0.252039 30
0.278694 1
0.933174 29
0.442708 30
1.660402 30
0.149862 29
0.363438 30
1.336799 29
0.242299 30
0.124873 40
0.162188 29
7.734989 31
6.764577 703
1.082431 29
0.174788 29
0.256838 29
0.707064 29
0.793568 30
0.118872 29
0.510555 39
0.209764 29
4.054673 51
1.099032 51
0.199110 51
0.611453 38
0.193415 29
0.863501 33
0.205250 29
0.192461 33
0.380683 57
0.311259 29
0.756932 43
0.406703 30
0.584731 46
0.099693 29
1.026078 29
0.409298 30
0.132858 29
0.495008 29
0.031461 29
0.030019 29
0.027076 30
0.029453 29
0.037740 29
0.026465 29
0.030252 29
0.029516 29
0.029492 29
0.029982 29
0.031259 29
0.029251 29
0.142008 30
0.750031 49
0.478108 33
4.647629 30
0.342369 29
0.614539 38
0.564459 30
0.390622 30
1.612745 30
0.095173 29
0.817389 30
0.443388 29
0.254141 30
0.108480 40
0.160004 29
1.354487 30
0.889397 48
1.362771 710
0.274356 707
1.366392 46
0.174381 37
0.267583 37
1.360883 37
0.786882 30
0.068280 29
0.511137 39
0.272821 29
2.149246 51
0.118570 51
0.274171 51
1.823160 52
0.778929 41
0.208226 29
0.176402 29
1.587890 34
0.169163 29
0.234026 34
0.151931 29
0.208292 32
0.520438 50
0.181998 29
0.566653 42
0.306656 30
0.477792 46
0.125763 29
1.459549 30
0.303162 31
0.342985 30
1.826872 30
0.406125 30
0.098336 30
0.511315 39
0.395883 29
2.798775 51
0.326728 51
2.140765 51
0.403683 38
0.202316 29
1.877943 33
0.172037 29
0.538193 32
0.374759 57
0.989829 29
4.282328 46
0.143667 29
6.684420 30
0.292151 30
1.000505 30
0.650486 30
0.562545 30
0.129033 30
0.511434 39
0.313738 29
4.030516 51
1.819308 51
0.466620 51
1.353891 52
1.319784 51
0.479923 29
0.971231 62
5.311134 31
0.509962 32
0.015878 29
0.030206 31
0.030017 32
0.030486 31
0.030235 31
0.034525 33
0.517870 32
0.689203 32
0.421525 31
0.331291 33
0.443339 32
0.747241 33
0.443790 32
0.212161 1
0.457794 33
0.389630 52
0.480662 29
0.029014 44
0.028515 30
0.031388 56
0.029261 29
0.030080 50
0.029996 29
0.030734 29
0.028991 29
0.031457 50
0.030243 29
0.029571 44
0.028493 30
0.030994 29
0.031395 46
0.034244 29
0.026108 36
0.029185 29
0.031142 29
0.031042 29
0.028403 29
0.031247 29
0.027489 30
0.029228 29
0.030273 29
0.031586 29
0.030432 28
0.030039 28
0.028948 28
0.031252 28
0.027994 28
0.031023 1
1.854018 102
2.440192 29
0.587249 29
1.316286 135
0.217168 134
0.186554 134
0.196499 134
0.193463 134
0.191702 131
0.194739 287
1.672731 89
0.468218 29
0.497787 57
0.026020 29
0.030110 52
0.030971 29
0.031875 56
0.030731 29
0.028211 50
0.029011 29
0.030203 30
0.030486 29
0.032089 50
0.029493 29
0.028673 44
0.027797 29
0.029470 29
0.030098 51
0.030977 29
0.029664 44
0.031021 30
0.030009 29
0.030967 29
0.028010 29
0.030819 29
0.031431 29
0.030749 29
0.029988 29
0.029743 29
0.030266 29
0.027989 30
0.031260 29
0.029094 29
0.029428 29
0.030030 28
0.673287 133
0.375697 133
0.195897 133
0.221488 133
0.550456 317
0.963274 28
0.211465 28
0.512966 28
0.014438 28
0.030058 28
0.029958 29
0.031224 29
0.028486 29
0.276877 29
0.474738 124
0.188994 114
0.195505 114
0.198954 113
0.196299 113
0.199931 113
0.169668 113
0.188870 110
0.554013 398
1.493756 29
0.504585 29
0.012623 29
0.028728 29
0.031741 29
0.030250 29
0.028144 49
0.031941 29
0.028541 37
0.027395 29
0.032650 45
0.031051 29
0.028726 37
0.030096 29
0.028636 29
0.030350 29
0.031876 45
0.031071 29
0.031193 36
0.027942 29
0.028842 46
0.029500 29
0.030663 40
0.029839 29
0.029056 29
0.030036 29
0.030746 30
0.030218 29
0.031216 29
0.031512 44
0.031082 29
0.027912 36
0.031400 29
0.029391 29
0.027226 29
0.049752 29
0.497120 29
0.031166 29
0.031676 45
0.028696 29
0.028220 35
0.029395 29
0.029978 29
0.029998 30
0.029989 29
0.030247 29
0.029515 29
0.031431 49
0.030224 29
0.031992 39
0.030876 29
0.029400 45
0.029971 29
0.028490 36
0.029163 29
0.029959 29
0.031254 29
0.031212 46
0.028940 29
0.029959 36
0.028664 29
0.031731 46
0.031586 29
0.027279 37
0.032653 29
0.029973 29
0.029753 29
0.028240 29
0.269783 29
0.170227 29
0.338836 100
0.171661 29
2.129994 30
0.485206 245
4.089556 28
0.663907 28
0.510317 28
1.154667 174
2.061669 168
0.438569 30
0.553256 30
0.359953 28
0.179951 28
0.437755 28
0.303269 210
0.598114 28
0.319734 28
2.879362 116
3.101757 30
0.848456 46
0.752170 23
0.000303 56
0.000010 25
0.713674 1
0.169469 1
0.177241 1
0.000046 41
0.000057 10
0.000740 19
0.002508 41
0.000009 29
0.002213 8
0.000015 96
1.021700 12
0.194236 23
1.223273 11
0.003986 122
0.000036 4
0.000005 1
1.561008 1
1.090948 1
0.144214 1
0.264245 1
0.886283 1
0.255250 1
0.461494 5
0.000011 3
0.900951 7
0.608652 1
0.189414 1
0.549040 3
0.766962 2
0.006964 72
0.002293 96
0.002000 14
0.000032 5
2.737012 1
0.264218 1
0.198224 1
0.229258 1
0.117008 1
0.095491 1
0.133734 1
1.320346 1
0.115174 2
0.000243 55
0.000014 2
0.000048 16
0.000026 18
0.000028 17
0.000035 17
0.000032 18
0.000032 21
0.000030 21
0.000034 26
0.000040 32
0.000013 2
0.000029 35
0.000041 25
0.000036 29
0.000035 40
0.000061 38
0.000037 37
0.000036 38
0.000042 35
0.000043 38
0.000040 37
0.000013 2
0.000030 55
0.000012 2
0.000034 68
0.000043 38
0.000013 61
0.000039 30
0.000047 14
0.000035 5
3.561079 1
0.636465 1
1.086553 2
1.047701 1
0.218221 2
0.000047 2
0.000014 16
0.000059 7
0.000027 5
12.211946 1
0.173981 1
0.116990 1
2.344074 1
0.275166 2
0.000048 3
0.000631 8
0.000015 96
6.733685 103
1.900022 7
0.276633 19
0.999526 11
0.046411 101
0.004230 48
0.000041 11
0.002218 63
0.000013 18
0.001594 1973
0.000090 176
0.028663 7
0.000703 172
0.000495 197
0.000596 197
0.000437 197
0.000973 37
0.764080 24
0.000685 273
0.499815 24
0.000501 105
0.026732 24
0.000542 168
0.028915 24
0.000014 25
0.202284 24
0.000288 44
0.214457 24
0.000275 45
0.188963 24
0.000265 44
0.252476 24
0.000262 44
0.688025 24
0.000027 35
0.000737 182
1.227071 22
0.000334 86
0.217102 28
0.245229 28
0.157742 28
0.196758 28
0.367582 587
0.195150 575
0.192306 398
0.493743 28
5.726370 46
0.194950 37
0.543247 37
0.106115 37
0.354511 38
1.241608 30
0.099525 30
0.511240 39
0.659409 29
37.479475 51
2.800098 51
2.823232 52
1.111389 40
1.771847 37
1.730241 37
0.201053 37
0.142737 37
0.365861 38
0.233830 38
0.132748 38
1.467949 38
0.093050 38
0.511124 45
0.257384 30
0.660545 70
1.101032 69
0.383706 69
0.577546 29
0.654299 49
0.121516 38
1.015288 38
2.305000 38
1.083879 38
0.845738 38
9.396519 40
0.201701 40
0.199932 40
0.699159 38
0.148615 38
0.132216 38
0.138827 39
4.849195 38
0.155073 38
0.121038 38
0.192019 38
0.120414 38
1.533997 38
0.153097 38
0.846245 38
10.040783 348
0.010427 395
0.019723 395
0.027248 395
0.034269 395
18.604360 38
0.184944 39
0.089228 38
0.173779 38
134.442458 38
0.700895 38
0.594670 38
0.096743 38
0.114012 38
2.135946 38
0.116846 38
0.191748 39
0.094906 38
0.307505 38
45.795075 61
4.592287 29
0.344113 39
0.288982 29
1.604198 52
0.181800 29
0.234802 33
0.177861 28
0.173767 28
0.179739 28
0.171205 28
0.589212 700
1.037232 28
0.716911 28
0.212463 28
0.317995 1
0.427620 28
0.325222 28
0.524008 28
0.117286 54
0.000415 34
0.095620 54
0.000292 1
0.915715 60
0.427132 31
0.940541 49
0.185642 37
0.241737 37
0.162718 37
0.227808 38
0.982910 30
1.170006 38
0.224957 30
0.147710 39
1.653178 31
0.511322 44
2.342544 64
11.178325 56
0.299373 48
0.474024 59
0.800699 46
0.293152 29
0.137404 51
0.519023 29
0.008322 42
0.028841 29
0.029975 28
0.029997 28
0.030998 28
0.031295 28
0.029714 28
0.028532 1
1.623324 106
0.498282 93
0.005420 92
0.029242 91
0.030725 90
0.029506 89
0.030712 123
0.028971 100
0.030820 78
0.031502 77
0.037705 76
0.021164 75
0.028425 94
0.031201 81
0.030763 72
0.030474 88
0.029737 77
0.030000 69
0.031032 68
0.029477 67
0.030003 66
0.031725 65
0.028504 64
0.030451 72
0.031260 57
0.028135 53
0.029672 64
0.030142 68
0.029942 57
0.032953 58
0.282197 43
0.156550 59
0.511389 46
0.016339 45
0.033772 44
0.025969 43
0.173027 41
0.192995 40
0.196822 39
0.200192 38
0.353277 46
4.488646 31
5.593037 28
0.338402 28
0.500707 28
0.014942 28
0.029715 28
0.031662 54
0.030242 29
0.030442 35
0.030774 29
0.326301 54
0.146093 29
0.166422 39
1.961740 56
0.710911 44
0.571825 31
0.457590 47
0.550180 31
17.364416 33
0.586770 48
0.751148 24
0.000514 57
0.000019 25
1.418456 1
1.303700 1
0.291183 1
0.000060 41
0.000060 10
0.000673 19
0.002498 70
0.003030 8
0.000027 96
6.200988 1
0.138153 1
0.194025 1
0.577805 1
0.268266 1
0.831514 1
0.113659 1
0.855835 1
0.141907 3
0.640101 2
0.000012 9
0.045122 101
0.004238 47
0.000041 11
0.002202 63
0.000019 18
0.001597 2036
0.000242 721
0.024270 7
0.000023 162
0.000419 186
0.000201 36
0.000507 162
0.000282 36
15.710459 33
4.600799 286
2.458641 231
0.018590 204
0.032993 213
0.232313 159
0.807395 440
0.110574 143
0.163299 248
1.902679 284
0.034024 172
0.933883 224
0.038796 320
0.061064 155
5.124882 387
0.144792 394
0.303531 394
126.118537 261
0.013873 209
0.028527 394
0.021659 326
0.024913 386
0.028352 264
0.987862 225
0.001157 477
0.002073 387
0.015651 394
0.004738 394
0.014714 394
0.014757 394
4.016616 239
1.456287 229
1.972159 262
7.124055 210
0.053403 394
0.495278 326
0.003769 386
0.020982 264
0.485884 259
0.465902 254
0.020042 188
0.020124 235
0.021105 258
0.020584 146
0.022088 240
0.395626 262
0.019610 216
0.025929 174
0.015383 12
0.022477 12
0.318858 24
0.000391 12
0.006755 12
0.006760 12
0.006723 12
0.007255 12
0.007267 12
0.006986 12
0.007259 12
0.013733 12
0.328103 12
0.006173 12
0.007231 12
0.006498 12
0.008000 12
0.006012 12
0.007248 12
0.006739 12
0.007007 12
0.006495 12
0.007026 12
0.013218 12
6.902260 33
0.583068 23
0.000022 25
0.404225 1
0.246451 1
0.002535 41
0.000010 14
0.000009 69
0.002684 8
0.000014 96
1.672337 1
0.058183 1
0.102747 1
0.136985 1
0.251759 1
0.221955 4
1.017366 1
0.225240 1
0.440247 2
0.843295 2
0.000012 9
0.045664 101
0.004254 48
0.000038 11
0.002238 63
0.000010 4
0.000009 14
0.001654 1979
0.000110 356
0.023957 7
0.000026 172
0.000134 37
0.001024 172
0.000232 37
1.171872 24
0.000313 44
0.516398 24
0.000278 44
0.013955 24
0.000212 44
0.031279 24
0.000268 44
0.028241 24
0.000269 44
0.029508 24
0.000271 45
0.029430 24
0.000263 40
0.264525 24
0.000274 44
0.179500 24
0.000277 44
0.203463 24
0.000241 40
0.516044 24
0.000290 40
0.014393 24
0.000251 40
0.029014 24
0.000252 40
0.028969 24
0.000938 63
0.029320 25
0.000352 48
0.029407 25
0.000255 42
0.030763 25
0.000256 42
0.029214 25
0.000944 68
0.030311 25
0.000354 52
0.028648 25
0.000250 42
0.235520 25
0.000259 42
0.154022 25
0.000265 42
0.160971 25
0.000289 42
1.620737 23
0.000069 88
2.347626 31
1.199728 39
1.382917 29
0.253479 40
0.235710 29
0.922648 31
0.161418 40
0.570335 29
0.543154 29
1.105085 31
0.099882 31
4.350121 31
1.068022 31
0.617205 31
0.191005 31
0.159967 41
0.134779 31
0.849002 31
0.538151 32
0.699195 39
0.421638 29
0.203493 30
0.175044 42
0.134881 29
0.135318 40
0.548215 29
3.023916 31
0.133426 31
1.629367 31
0.147878 31
5.134655 31
0.127120 31
0.124743 32
0.835065 31
1.088810 31
0.777768 31
0.820451 31
0.231377 31
0.483086 31
0.345744 31
1.727254 29
0.201963 29
0.402515 44
0.517522 29
0.220631 29
0.689699 31
0.511723 52
0.595632 46
0.100731 31
1.593664 32
1.227851 31
0.203618 31
0.107989 41
0.098218 31
2.125619 31
0.414187 31
1.443549 31
6.021823 31
111.675644 31
3.397508 40
9.060444 31
0.494393 46
0.677686 23
0.000282 56
0.000019 25
1.737448 1
0.098192 1
2.377017 1
0.000050 41
0.000057 10
0.000659 19
0.002618 41
0.000015 29
0.002810 8
0.000024 96
0.708339 12
0.199962 21
0.382059 21
0.429996 23
0.625928 11
0.003384 122
0.000033 5
1.371339 1
1.324971 1
0.564999 1
0.148483 1
0.834774 1
0.535241 1
0.211491 1
0.503305 4
0.000021 4
0.408723 6
0.000012 2
0.235250 2
0.007912 72
0.002695 96
0.002243 14
0.000037 5
2.999646 1
2.660490 1
0.865260 1
0.326707 2
0.000071 19
0.000043 7
0.000034 5
22.563229 1
0.072175 1
0.207005 1
0.229008 1
1.619546 3
0.156207 3
0.152484 3
0.755046 1
0.176709 1
0.225289 1
0.233971 2
0.000056 3
0.000739 8
0.000015 96
1.668517 1
0.081705 1
0.119992 1
0.616024 1
0.109694 1
0.132795 1
0.436498 3
0.158510 3
0.164021 3
0.388031 1
0.166692 1
0.179782 1
0.177431 3
0.846071 1
0.194229 3
0.712227 2
0.000012 9
0.047562 101
0.004232 48
0.000031 11
0.002282 81
0.001856 1992
0.022628 7
0.000914 172
0.000210 37
1.327396 24
0.000427 138
0.382529 24
0.000643 234
0.509859 24
0.000567 105
0.014631 24
0.000622 169
0.027642 24
0.000651 200
0.029078 24
0.000527 105
0.029987 24
0.000714 245
0.029533 24
0.000532 105
0.032459 24
0.000706 274
0.027814 24
0.000536 105
0.031214 24
0.000591 168
0.029418 24
0.000027 25
3.165804 24
0.000341 44
2.454676 24
0.000342 44
0.284094 24
0.000341 44
0.555702 24
0.000358 44
0.250088 24
0.000301 44
0.132730 24
0.000315 45
0.327445 24
0.000338 40
0.499905 24
0.000328 44
0.455668 24
0.000301 44
0.647985 24
0.000294 40
0.477967 24
0.000291 40
0.030643 24
0.000307 40
0.030679 24
0.000248 40
0.029497 24
0.001161 63
0.027081 25
0.000454 48
0.029791 25
0.000271 42
0.029725 25
0.000234 42
0.029255 25
0.001088 68
0.029182 25
0.000454 52
0.028290 25
0.000255 42
0.040022 25
0.000256 42
0.020472 25
0.000236 42
0.029781 25
0.000235 42
0.032250 25
0.000232 42
0.030262 25
0.000237 42
0.028789 25
0.000231 42
0.028012 25
0.000244 42
0.030738 25
0.000230 43
0.030510 25
0.000222 42
0.027781 25
0.000236 42
0.029760 25
0.000222 42
0.029320 25
0.000232 42
0.030263 25
0.000258 42
0.031231 25
0.000264 42
0.027988 25
0.000243 42
0.030757 25
0.000256 42
0.029500 25
0.000232 42
0.030990 25
0.000232 43
0.030066 25
0.000294 42
0.029169 25
0.000253 42
0.030503 25
0.000249 42
0.028733 25
0.000235 42
0.029513 25
0.000236 42
0.029529 25
0.000236 42
0.031023 25
0.000232 42
0.028765 25
0.000226 42
0.030266 25
0.000254 42
0.028986 25
0.001261 66
0.029498 25
0.000460 50
0.029039 25
0.000256 42
0.029481 25
0.000239 42
0.031268 25
0.000242 42
0.029542 25
0.000289 42
0.031714 25
0.001298 71
0.026988 25
0.000492 57
0.028468 25
0.000261 42
0.030714 25
0.000247 42
0.030245 25
0.000254 43
0.030000 25
0.000243 42
0.029000 25
0.000245 42
0.028509 25
0.000249 42
0.030812 25
0.000421 42
0.030571 25
0.000263 42
0.030299 25
0.000258 42
0.029375 25
0.000262 42
0.028985 25
0.000256 42
0.030514 25
0.000269 42
10.471607 25
0.000322 42
7.284682 23
0.000072 88
0.514432 41
0.431450 42
1.680079 41
0.582296 29
0.177871 42
0.201674 29
0.170391 30
0.164258 29
0.201211 45
0.858320 48
0.599168 24
0.000528 57
0.000010 25
0.492947 1
0.080242 1
0.147456 1
0.000026 41
0.000030 10
0.000589 19
0.001422 70
0.003107 8
0.000026 96
0.643366 12
0.197761 23
0.604713 11
0.004113 69
0.000009 53
0.000034 5
1.286894 1
0.523735 1
0.124199 1
0.239510 1
1.223551 1
0.385250 1
0.618743 3
0.000012 5
0.336258 6
0.000013 2
0.582445 2
0.007596 72
0.002806 96
0.002230 7
0.000036 5
1.996358 1
0.355504 1
1.099509 1
0.292443 2
0.000071 20
0.000047 7
0.000035 5
2.988161 1
0.171436 1
0.163022 1
0.754536 1
0.165190 2
0.000050 3
0.000637 8
0.000030 96
2.887388 1
0.087441 1
0.184738 1
0.133501 1
1.126025 3
0.073723 3
0.505496 3
0.020230 3
0.029501 1
0.029752 1
0.033257 1
0.432522 1
0.095246 1
0.117737 1
0.194516 1
0.896312 1
0.140695 1
0.158010 1
0.646771 3
0.284987 3
0.880562 1
0.131080 3
0.409611 2
0.000012 9
0.046822 101
0.004297 48
0.000037 11
0.002275 63
0.000023 18
0.001674 1973
0.000011 141
0.025814 7
0.000042 172
0.000708 197
0.000982 37
0.000762 172
0.001789 197
0.000720 37
0.672822 24
0.000528 104
0.190971 24
0.000310 44
0.513260 24
0.000400 40
0.013005 24
0.000328 44
0.029418 24
0.000308 40
0.027940 24
0.000300 44
0.031453 24
0.000298 44
0.028204 24
0.000291 44
0.030951 24
0.000293 41
0.030969 24
0.000291 44
0.028446 24
0.000255 44
0.030259 24
0.000298 44
0.030702 24
0.000301 44
0.028467 24
0.000340 44
0.030902 24
0.000310 44
0.028694 24
0.000353 40
0.402854 368
0.010540 261
0.013756 280
0.012907 191
0.007065 242
0.006798 308
0.007989 249
0.005984 282
0.006551 195
0.006485 12
0.053712 12
0.015739 12
0.025512 12
0.025347 12
0.039989 12
0.099966 12
1.830686 29
8.288083 24
0.000213 40
0.829591 24
0.000336 40
1.526170 24
0.000026 35
0.000736 78
0.476980 24
0.000386 40
0.329122 24
0.000035 35
0.000693 78
0.383993 24
0.000373 40
0.280092 24
0.000034 35
0.000596 78
0.230371 24
0.000318 40
0.232054 24
0.000017 35
0.000669 79
1.282274 24
0.000371 40
0.245049 24
0.000296 40
0.229721 24
0.000239 40
1.126534 24
0.000330 40
0.169861 24
0.000244 40
0.510805 24
0.000281 40
0.013420 24
0.000232 40
0.032768 24
0.000226 40
0.028033 24
0.000214 42
0.029513 25
0.000210 42
0.030545 25
0.000207 42
0.030292 25
0.000205 42
0.030055 25
0.000231 43
0.028506 25
0.000212 42
0.030801 25
0.000210 42
0.029306 25
0.000229 42
0.030259 25
0.000210 42
0.029280 25
0.000224 42
0.029794 25
0.000203 42
0.029529 25
0.000209 42
0.030544 25
0.000221 42
0.030773 25
0.000221 42
0.029786 25
0.000220 43
0.029028 25
0.000207 42
0.032311 25
0.000208 42
0.029037 25
0.000223 42
0.031285 25
0.000210 42
0.027785 25
0.000285 42
0.028706 25
0.000236 42
0.029834 25
0.000225 42
0.029475 25
0.000218 42
0.030028 25
0.000210 42
0.029518 25
0.000238 43
0.029791 25
0.000219 42
0.029989 25
0.000211 42
0.029541 25
0.000211 42
0.030054 25
0.000216 42
0.031542 25
0.000218 42
0.030259 25
0.000209 42
0.029052 25
0.000212 42
0.029289 25
0.000230 42
0.031762 25
0.000224 42
0.030526 25
0.000211 43
0.030804 25
0.000207 42
0.026550 25
0.000211 42
0.029553 25
0.000226 42
0.029009 25
0.000231 42
0.033040 25
0.000228 42
0.029011 25
0.000230 42
0.026750 25
0.000234 42
0.031017 25
0.000213 42
0.029538 25
0.000214 42
0.294830 25
0.000359 44
1.591651 22
0.000012 25
0.648718 1
0.147712 1
3.250875 1
0.000059 41
0.000064 10
0.000691 19
0.002499 41
0.000009 29
0.003045 8
0.000027 96
1.382576 1
0.364197 1
0.290009 1
0.227974 1
0.591522 1
0.905782 1
0.204217 1
0.162468 1
0.000011 3
0.890797 1
0.154886 3
0.613644 2
0.000012 9
0.000817 31
0.000758 8
0.000028 96
2.252153 14
0.641222 30
0.447729 11
0.046768 101
0.004203 48
0.000039 11
0.002220 63
0.000011 4
0.000009 14
0.001129 1970
0.000218 400
0.024928 7
3.819101 22
0.000013 24
0.830677 1
0.213937 1
0.001975 55
0.000028 69
0.002403 8
0.000023 96
0.873104 12
0.588033 30
0.374938 1
0.514771 1
0.010199 1
0.031997 1
0.032321 1
0.029715 1
0.027211 1
0.030259 1
0.030265 1
0.303784 1
0.408014 5
0.611483 2
0.000028 9
0.000842 32
0.000669 8
0.000024 96
2.801509 15
0.256209 31
0.453955 11
0.047463 101
0.004271 48
0.000039 11
0.002207 63
0.000021 18
0.001158 1970
0.000173 400
0.025647 7
0.000069 172
0.000684 37
1.386088 22
0.000012 24
1.056986 1
0.243462 1
0.002121 41
0.000010 54
0.000009 29
0.002712 8
0.000026 96
0.961421 12
0.459489 1
0.540273 30
0.216935 1
0.499266 1
0.028457 1
0.031512 1
0.027977 1
0.030040 1
0.031219 1
0.030013 1
0.029758 1
0.029788 1
0.030689 1
0.029743 1
0.029998 1
0.422314 5
1.039507 2
0.000034 9
0.084552 8
0.000013 96
0.964681 1
0.090200 1
0.576011 1
0.093095 5
1.130725 2
0.000014 9
0.005310 28
0.000020 52
0.000416 8
0.000028 96
5.417232 7
0.199934 21
0.476055 30
0.582689 11
0.046736 101
0.004190 48
0.000039 11
0.002295 63
0.000021 18
0.001185 1970
0.000176 400
0.025377 7
0.000193 172
0.000491 37
0.463866 24
0.000213 44
0.503692 197
0.012889 219
0.015845 218
0.011725 221
0.014803 218
0.052193 228
0.058695 134
0.189359 255
0.014858 176
0.005870 290
0.008025 281
0.005374 423
0.005945 270
0.007391 394
0.006988 394
0.008006 394
0.011749 394
0.014031 394
0.021253 394
4.030097 29
5.777673 34
1.532031 31
1.206809 23
0.000012 6
0.325474 23
0.001068 574
4.224255 630
0.000423 326
0.000653 416
0.000315 37
0.000046 19
0.000481 34
0.634993 33
1.564842 23
0.001302 100
0.497940 48
0.124951 29
0.519811 29
0.011207 45
0.032733 29
0.025797 37
0.028657 30
0.030309 29
0.030448 29
0.029500 29
0.029999 29
0.029987 29
0.030623 29
0.030117 29
0.032348 51
0.029473 29
0.030797 36
0.030423 29
0.029977 53
0.030791 65
0.028300 67
0.031440 29
0.028833 44
0.034769 52
0.270014 29
0.200495 44
0.289541 489
0.569927 46
0.495255 23
0.000706 56
0.000019 25
0.265761 1
0.093205 1
0.170256 1
0.000030 41
0.000030 10
0.000467 19
0.001331 70
0.002192 8
0.000010 96
0.879266 12
0.541954 23
0.370227 21
0.546974 11
0.081748 8
0.000014 96
0.529029 14
0.346736 30
0.776765 23
0.557483 11
0.005227 18
0.000010 41
0.000025 39
0.000427 8
0.000026 96
4.945855 1
0.084151 1
0.137012 1
0.137020 1
0.216474 2
0.000012 9
0.000097 6
