0.028579 95
0.001461 8
0.000011 96
2.127621 103
0.991950 1
0.112230 1
0.187492 2
0.000007 9
0.001508 34
0.000199 8
0.000013 96
10.511625 75
1.060674 171
0.000015 9
0.003489 8
0.000026 99
0.920030 1
0.124181 1
0.122755 2
0.000017 9
0.002183 160
0.000336 8
0.000025 96
1.281975 1
0.112461 1
0.115502 1
0.111505 1
0.145225 2
0.000011 9
0.003386 16
0.204733 16
0.209066 16
0.212177 16
0.204089 16
0.201391 16
0.199246 16
0.214105 14
0.049798 121
0.000237 120
0.000054 120
0.000022 118
0.000230 44
0.004083 40
0.000417 8
0.000030 96
4.148043 103
1.700441 101
0.363007 101
0.107479 101
0.402750 101
0.206759 101
0.211740 101
1.843886 1
0.127869 1
0.119751 1
1.568292 1
0.180207 1
0.167287 4
1.136516 1
0.188428 3
0.783068 2
0.000021 9
0.068471 101
0.004298 48
0.000039 11
0.004176 63
0.000010 4
0.000008 14
0.004032 1974
0.001993 1243
0.046462 107
0.000031 172
0.000018 37
3.885321 191
0.162305 200
0.599543 693
0.696134 1906
0.020683 812
0.024226 812
0.107353 812
0.831886 198
0.023048 239
5.645389 1975
0.001608 2047
0.000016 622
2.501526 1975
0.001705 1525
12.797786 59
0.809037 213
1.526728 77
1.047607 131
0.836922 192
0.177419 696
0.128874 280
0.150175 288
0.023939 295
1.758877 33
1.013779 26
0.001910 47
1.254344 24
0.000075 91
11.624547 1166
0.784447 48
1.958976 30
1.576839 32
0.230422 31
0.140425 31
0.292569 31
0.147680 31
1.137093 30
0.259194 39
0.023215 30
2.143724 31
0.029343 41
2.003229 36
0.208327 31
0.375739 31
0.348479 31
0.104529 31
1.563342 31
0.028551 1050
0.776222 32
0.118967 31
0.139400 31
0.300598 31
0.112159 31
0.131853 31
0.902548 30
0.448350 39
0.516388 31
0.121439 42
0.500961 35
0.137547 31
0.111943 31
0.529805 31
0.133926 31
0.129278 31
1.348561 31
3.930000 59
0.396168 382
2.318139 32
0.258908 31
0.497231 31
0.395337 41
0.332002 31
0.292531 31
0.286683 31
0.144235 31
0.965482 30
0.322777 39
0.115404 30
1.145471 31
0.119330 42
0.431814 35
0.255986 31
0.395338 32
1.073166 31
0.140952 347
1.463125 32
0.203356 31
1.341104 31
0.306445 31
0.176760 31
0.143751 31
0.122928 31
0.120780 31
0.936653 30
0.881739 40
0.768742 31
0.125674 41
0.367048 35
0.240409 31
0.140704 31
0.187495 31
0.127881 31
0.123633 31
1.083389 31
3.342569 279
0.466872 193
0.799158 183
5.865653 59
0.390340 155
1.181232 32
0.299913 31
0.502962 31
0.476026 31
0.240175 31
0.216276 31
0.647562 30
0.263747 39
0.116728 30
0.554927 31
0.136818 42
0.712267 35
0.399852 31
0.704838 31
0.172781 31
0.199579 31
0.158503 31
11.021106 39
0.799283 41
0.336586 49
1.001127 25
0.000443 35
0.005627 26
0.000022 27
0.631784 24
0.000072 91
0.247743 30
0.760325 31
0.596132 49
0.619761 25
0.000523 59
0.000020 26
0.279609 1
0.109230 1
0.108727 1
0.000031 41
0.000028 10
0.000556 19
0.001303 70
0.002215 8
0.000028 96
1.001129 1
0.143959 1
0.134798 1
0.108217 1
0.176512 2
0.000012 9
0.003575 16
0.204152 16
0.210928 16
0.211623 16
0.205221 16
0.201215 16
0.203131 16
0.211969 14
0.049828 121
0.000223 120
0.000058 120
0.000024 118
0.000222 44
0.004130 40
0.000438 8
0.000025 96
12.129070 103
0.716240 1
0.275460 4
0.196540 16
0.654967 11
0.043591 101
0.004217 48
0.000039 11
0.003972 63
0.000010 18
0.004942 1976
0.001931 1202
0.046076 100
0.000010 7
0.000032 192
0.000009 39
3.022336 278
0.225877 763
0.324350 165
2.868465 181
0.023052 184
0.276265 277
102.406522 502
0.241897 175
0.638852 349
14.702045 35
0.894873 55
1.029321 26
0.000012 27
0.991734 24
0.000073 91
0.135718 30
0.309607 221
1.930911 32
0.127139 31
0.116977 31
2.335214 30
0.454644 65
1.125470 31
0.501798 51
0.828193 52
0.024480 52
0.370420 55
0.193491 52
0.206592 84
1.317262 52
0.210764 52
0.213179 52
0.256056 52
0.272350 52
0.118649 52
0.156509 52
1.730201 52
1.387535 52
0.409393 31
1.008088 31
1.040955 31
0.635250 31
0.425932 60
0.478293 30
0.312397 154
0.815742 32
0.026235 31
0.264243 31
0.587355 30
0.588076 65
0.116209 31
0.512195 51
0.212904 30
0.615455 55
0.493427 52
0.144162 52
0.115332 52
0.171996 84
0.753797 52
0.199252 52
0.275759 52
0.228257 52
0.279837 52
0.183948 52
0.179878 52
0.548464 60
0.111638 60
0.152687 60
0.187667 60
0.196865 60
0.187480 60
0.897203 52
0.150468 52
0.215535 52
1.617179 52
0.158859 81
0.175691 62
0.507420 45
0.502679 30
0.023376 30
0.024235 30
0.025262 30
0.107089 31
0.023880 30
0.023481 30
0.305019 30
0.151322 30
0.177757 30
0.163221 30
0.155280 31
0.532869 61
0.184368 50
0.179359 50
0.164020 50
0.176146 50
0.254205 72
0.705979 61
0.111188 39
0.172410 39
0.202398 39
0.205348 39
0.189292 40
0.162967 39
0.672275 50
0.171688 51
0.183979 50
0.172429 50
0.163076 50
0.168563 50
0.348688 39
0.247000 39
0.645387 39
0.110960 39
0.132146 40
1.735952 39
0.115825 47
0.580708 30
0.482585 30
0.101177 30
0.212053 53
0.505522 78
0.850039 52
13.190187 630
0.712488 479
0.970513 495
0.016272 134
0.619716 226
0.000286 73
0.102286 52
5.807949 34
1.676866 30
0.851714 30
0.505041 30
2.067997 30
0.378906 30
1.952152 30
0.427667 30
0.207893 31
0.163837 30
0.139189 30
0.160539 30
0.985426 100
0.512749 97
0.023858 96
0.025496 95
0.245780 94
0.199580 93
0.171550 92
0.188431 91
0.169167 90
0.527810 89
0.451450 89
0.291112 92
0.120417 89
0.108213 90
0.223907 89
0.124160 92
0.195906 89
0.207617 89
0.172471 92
2.084447 89
0.191452 89
0.275748 89
0.392880 89
0.123222 90
0.183557 89
0.601545 100
0.174691 101
0.168689 100
0.167555 100
0.160965 100
0.155265 100
0.511108 89
2.433517 89
0.315979 89
0.475729 89
0.128144 90
0.540342 101
0.138698 100
0.236322 89
0.184406 90
0.025480 89
2.214217 92
0.200446 89
0.095412 89
0.632908 92
0.536504 98
0.522778 30
1.786412 53
0.462451 30
0.154898 30
0.200707 30
0.171378 45
0.198862 30
0.172436 30
0.429537 86
0.199414 70
2.076179 58
1.063630 58
2.585061 57
2.232728 33
0.337986 71
0.204491 82
0.204984 71
0.247227 47
0.887700 49
0.731440 25
0.000478 59
0.000020 26
0.983487 1
0.024475 1
0.887799 1
0.000063 41
0.000054 10
0.000683 19
0.002522 15
0.000019 55
0.002841 104
2.733364 12
0.489486 20
0.482420 16
0.480313 20
0.444682 11
0.003239 16
0.203471 16
0.207369 16
0.211149 16
0.202297 16
0.201709 16
0.199920 16
0.215300 14
0.049443 121
0.000227 120
0.000159 118
0.000242 44
0.003985 40
0.000359 8
0.000015 96
27.472522 4
0.367471 16
0.657999 11
0.044003 101
0.004254 48
0.000040 11
0.004101 63
0.000010 18
0.004227 1970
0.001864 1253
0.044518 100
0.000010 7
0.000027 192
0.000020 39
0.879209 26
0.000282 44
0.324167 26
0.000200 44
0.182083 26
0.005819 68
19.288755 75
2.668761 24
0.000071 90
0.203211 30
0.788257 30
0.397174 675
0.481518 48
0.597409 30
1.680384 32
0.158460 31
0.103245 31
2.165126 30
0.802075 32
0.508604 40
1.654022 52
0.024768 52
0.239549 52
0.024380 52
0.188224 52
0.024773 84
1.592010 52
0.291226 52
0.210554 52
0.177592 52
0.395307 60
0.108909 52
0.222563 55
0.654304 52
0.799669 65
0.028884 52
1.693635 53
0.153692 52
0.119393 52
0.139783 52
0.117096 52
0.107431 52
1.080708 52
1.438358 52
1.253604 60
1.167576 82
0.234009 49
0.413738 60
1.082005 598
23.767488 31
0.507691 31
0.132224 31
0.163724 31
0.117671 31
0.186592 31
0.184079 31
0.697451 31
1.528261 31
0.263426 32
0.186454 31
0.144549 31
0.127756 31
0.877286 31
0.119431 31
0.127794 31
0.195741 31
0.482899 41
0.790137 31
3.781807 31
0.021476 31
0.512162 40
0.379788 30
0.908499 70
0.529168 71
1.391818 65
0.483982 40
0.820214 41
0.644088 41
0.621670 52
1.393405 52
0.534971 53
0.776504 42
0.514552 41
0.451723 41
0.148235 41
0.220009 41
0.184281 41
1.007477 41
0.119958 41
0.228416 41
0.377632 41
0.275323 42
0.146739 41
0.556936 41
0.477582 41
0.685219 41
1.408846 41
0.247678 41
0.307457 41
0.188858 41
0.864549 52
0.154817 52
0.188535 52
0.643648 52
1.717241 41
0.155601 41
0.450767 41
0.025462 41
3.183073 30
0.487537 30
0.024072 30
0.099243 30
0.023444 31
0.101368 30
0.023646 30
0.260207 30
0.159535 30
0.168018 30
0.466470 68
0.363441 57
0.778015 30
0.196128 30
0.525557 30
0.102465 31
0.024907 30
0.024510 30
0.104269 30
0.023707 30
0.025502 30
0.094911 55
0.357381 31
0.277883 45
0.171316 30
0.406394 30
0.839177 41
0.126690 42
0.116714 41
0.135009 41
6.865228 41
0.251154 41
0.268002 41
0.224209 41
0.252226 41
0.123734 41
4.252798 30
0.913880 30
2.658951 41
0.427484 28
0.512125 46
0.279686 30
0.809694 82
0.534851 30
0.765759 58
0.334262 41
0.154966 41
0.155977 41
0.362814 41
0.229712 41
0.152774 41
0.114292 42
0.132167 41
0.120148 41
0.115786 41
1.811694 41
0.325175 75
0.496374 63
0.430839 41
0.512476 49
1.088561 58
0.115880 41
0.552667 52
1.696773 79
0.551160 76
0.883208 52
0.121955 53
0.903893 52
0.186385 52
1.386931 52
0.267891 52
0.156301 52
1.239610 52
0.118838 52
0.720372 52
0.131925 52
0.184829 53
0.847278 52
0.116976 52
0.143204 52
1.298346 30
0.786471 46
2.303507 173
0.108294 176
0.208007 195
0.717325 541
0.021582 267
7.040294 58
0.812603 741
2.830042 33
0.159025 31
1.777164 63
0.021554 31
0.512059 51
0.353544 30
1.487099 52
0.158760 52
0.120502 52
0.194520 52
0.112711 52
0.111983 52
0.147733 84
0.200188 52
1.767279 65
0.097030 52
0.219390 75
1.477363 52
0.723734 65
0.315216 52
0.216260 52
0.225145 52
0.387487 53
0.131224 52
0.203313 52
0.121226 52
0.423598 60
0.183380 60
0.179695 60
4.305481 81
0.244566 42
0.189582 57
0.272564 50
2.706224 30
0.515005 30
0.024089 30
0.023978 30
0.024987 30
0.098864 31
0.022887 30
0.294906 30
0.178671 30
0.167284 30
0.165437 30
0.166739 30
0.197340 30
0.704807 67
0.479009 30
0.311900 30
4.220252 30
0.411618 30
1.093059 56
0.588783 58
0.231035 48
0.407254 33
0.324085 30
0.324663 30
0.518531 33
0.232490 30
0.499582 31
0.023870 30
0.116021 30
0.038497 30
0.101914 30
0.023751 54
0.889250 61
0.563359 53
0.378638 52
0.492117 52
0.131932 52
1.732657 52
0.407807 65
0.122815 52
0.617979 52
0.218390 52
0.361605 52
0.222440 53
0.144486 52
0.161369 52
0.139109 52
0.115241 52
1.225494 52
1.403524 52
1.502253 81
0.214860 48
0.340161 58
0.695184 610
3.356595 47
0.374408 25
0.001060 70
0.838691 24
0.000015 6
0.228713 24
0.000023 25
1.382746 59
0.964247 42
0.780760 23
0.003012 625
0.674240 26
0.000307 47
0.850451 23
0.000011 6
0.188458 23
0.003130 702
0.469916 26
0.002034 71
0.189197 25
0.000573 65
0.198457 26
0.000185 44
0.496404 86
0.000198 44
0.022925 26
0.000208 44
0.096519 86
0.000205 44
0.092036 87
0.000181 44
0.022834 26
0.000195 44
0.097014 86
0.000188 44
0.023105 26
0.000219 44
0.099024 109
0.000239 44
0.021022 26
0.000262 45
0.095008 26
0.000251 44
1.189923 26
0.000326 44
0.186063 26
0.000282 44
0.183180 26
0.000245 44
0.300033 26
0.000324 44
1.568204 26
0.000021 39
0.001118 111
0.151026 26
0.000023 39
0.001022 110
0.146470 26
0.000020 39
0.001013 109
0.158972 26
0.000021 39
0.001006 108
0.158957 26
0.000021 39
0.001013 107
0.146752 26
0.000024 39
0.001076 106
0.158878 26
0.000025 39
0.001062 105
0.155161 26
0.000021 39
0.000999 104
0.334993 26
0.000022 39
0.001015 103
1.134300 24
0.000371 91
2.116070 90
0.103160 90
0.246332 90
0.202528 90
0.132705 91
0.236164 90
0.224612 90
0.156203 90
1.663014 30
0.504276 30
0.022849 30
0.025966 30
0.023799 31
0.024207 30
0.258274 30
0.164534 30
0.168035 30
0.224468 30
0.172254 30
0.195346 30
0.417237 87
0.179436 87
0.175473 87
0.155988 87
0.144705 87
0.596369 76
0.146954 76
1.120362 76
0.135821 76
1.158065 53
0.491444 31
0.023988 44
0.025177 30
0.100841 30
0.023908 30
0.340075 30
0.448570 30
0.023852 30
0.024216 31
0.024019 30
0.104620 53
0.023630 30
0.099863 44
0.315318 30
0.215924 30
0.187931 30
0.163513 31
0.158211 30
0.157552 30
0.189179 30
0.171638 30
0.176401 31
0.148041 30
0.757084 46
0.151215 47
0.716016 45
0.172191 44
0.175826 43
0.163941 42
0.172246 41
1.118363 41
0.168336 41
0.149342 41
0.632372 52
0.160147 52
0.179082 52
0.738171 41
0.290268 41
0.255027 41
0.180850 41
0.495188 30
0.183601 30
0.713193 39
0.191972 39
0.352073 50
0.187922 39
0.868781 38
0.327362 38
4.921885 49
0.105609 38
0.334460 30
0.269249 30
0.176210 30
0.163767 30
0.143431 30
0.180397 30
0.167945 30
0.171963 30
0.572405 57
0.292437 46
0.426035 58
0.221576 42
0.286275 57
0.722958 48
0.477637 57
0.432526 1
0.385538 73
0.711344 30
0.243141 45
0.512865 30
0.025036 30
0.023715 30
0.024066 31
0.094807 30
0.501280 30
0.188479 30
0.217995 30
0.412614 50
0.520532 39
0.119931 30
0.495235 30
0.023072 30
0.025999 30
0.106372 30
0.024611 31
0.547441 31
0.713865 68
0.143647 57
0.216026 58
0.248046 42
0.200922 57
0.509665 50
0.564793 30
0.545319 30
0.023844 30
0.023195 30
0.024738 30
0.094073 31
0.024067 30
0.223734 30
0.192692 30
0.179795 30
0.183955 30
0.175544 30
0.881177 67
0.128051 56
0.290875 30
0.750362 63
0.142885 52
0.735297 30
0.496916 30
0.025333 53
0.026541 81
0.024974 48
0.024497 33
0.105365 33
0.023971 33
0.116002 30
1.061856 18
0.000013 31
0.595391 25
0.000483 59
0.000024 26
1.115518 1
0.467195 1
0.000089 16
0.000986 19
0.000173 41
0.000013 35
0.700034 26
0.007759 70
0.543447 140
0.000289 44
0.019461 26
0.000294 44
0.023721 26
0.002060 71
0.021943 25
0.000901 63
0.022581 25
0.000326 48
0.101083 303
0.004726 136
0.017627 25
0.001289 120
0.096257 25
0.000764 161
0.665522 26
0.002490 132
0.514907 283
0.002462 132
0.020072 25
0.000907 120
0.023085 25
0.000795 183
0.022443 26
0.000672 110
0.093059 215
0.000709 136
0.023315 26
0.000015 27
0.095570 26
0.000012 26
0.460679 26
0.000320 46
0.218932 25
0.000283 42
0.190728 25
0.000299 46
0.207694 25
0.000281 47
0.212457 26
0.000269 46
0.207968 25
0.001506 71
1.029532 23
0.001520 89
0.187560 178
1.996976 47
0.530954 24
0.001365 85
0.826156 24
0.000013 6
0.273746 24
0.000032 25
0.338480 26
0.003885 71
0.332822 25
0.001153 63
0.464444 90
0.007538 70
0.016589 25
0.003054 63
0.091101 90
0.000281 44
0.024059 26
0.000282 44
0.097365 133
0.002770 65
0.230604 26
0.001113 61
0.174383 26
0.000344 44
0.172392 26
0.002826 70
0.176922 25
0.001088 63
0.171226 25
0.001430 65
0.174071 26
0.001508 45
0.146489 25
0.000737 63
0.183501 25
0.000335 49
0.367906 26
0.000322 45
0.820167 23
0.001673 260
0.585362 26
0.000338 45
0.824436 23
0.000015 6
0.175689 23
0.001717 278
1.573339 24
0.000375 91
0.204415 30
5.399845 31
0.751436 98
1.487099 110
0.102336 109
0.169456 109
0.421644 97
0.224653 96
0.155728 95
0.151987 94
0.176814 93
0.171497 92
0.660769 92
0.155238 92
0.139515 92
0.196240 92
0.127716 93
0.148739 92
1.351316 30
0.505260 30
0.023869 30
0.025716 30
0.101068 31
0.023945 30
0.104510 30
0.469180 30
0.218187 30
0.463278 90
0.197770 90
0.175580 90
0.601183 90
0.239955 79
0.188692 79
0.258023 79
0.465788 79
0.215261 79
0.205206 79
2.305396 53
0.213769 30
0.200988 30
0.174835 31
0.770860 74
0.488425 71
0.024987 70
0.026455 69
0.027739 68
0.026409 67
0.112943 65
0.203978 64
0.195473 93
0.184962 108
0.199937 96
0.526870 90
1.298932 39
0.618568 30
0.203993 30
0.368998 48
0.480254 45
0.023884 44
0.219564 43
0.184202 42
0.177042 41
0.175955 40
0.179252 39
0.175747 38
0.177074 37
0.166566 36
0.160148 35
0.184531 34
0.771081 46
0.231591 49
0.212320 54
0.239641 54
0.167827 54
0.167763 54
0.108736 54
1.450723 81
0.266106 43
0.653401 57
0.582361 1
0.604666 29
0.436432 334
0.402187 46
0.336310 30
1.678245 32
0.134057 31
0.024213 31
1.249826 63
0.026305 31
0.512094 51
0.348536 30
0.268465 52
1.556545 52
0.024795 52
0.343684 52
0.127549 52
0.460348 52
0.114261 84
1.069691 52
1.001126 65
0.167630 52
0.139831 75
0.359333 65
1.076436 52
0.468369 65
0.119203 52
0.523338 52
0.169292 53
0.240223 52
0.147172 52
0.168585 52
0.191694 52
0.545232 52
0.398924 65
0.264268 52
0.247847 52
0.216128 52
0.264026 53
0.183982 52
1.032140 52
0.110986 52
2.732911 52
0.119280 52
9.805790 873
0.014717 242
0.010903 280
0.014957 288
0.117751 320
0.348035 477
0.000302 75
0.020219 53
9.864414 57
0.542197 17
0.000013 30
0.710199 24
0.018408 57
0.000011 26
0.308797 1
0.136191 1
0.135997 1
0.000064 41
0.000049 10
0.000677 19
0.002493 15
0.000022 55
0.002728 8
0.000032 96
1.021467 12
0.212506 20
0.657729 2
0.000007 9
0.003111 16
0.211210 16
0.211641 16
0.215542 16
0.204058 16
0.202354 16
0.202019 16
0.216032 14
0.176045 187
0.000127 187
0.000147 187
0.002099 44
0.011964 40
0.000356 8
0.000020 96
9.205832 4
0.440719 16
0.783003 2
0.000011 9
0.044896 101
0.004307 48
0.000038 11
0.009078 63
0.000021 18
0.007284 1971
0.002385 1415
0.022511 100
0.000009 7
4.086282 50
1.200532 26
0.000029 39
0.001240 123
0.265647 24
0.000211 90
0.777744 110
0.510518 59
0.481172 51
0.030011 57
0.039028 50
0.023887 30
0.024215 30
0.296298 475
0.038301 114
0.024534 114
0.106131 291
0.013639 114
0.107005 351
0.023080 125
0.027325 114
0.307344 54
0.326725 30
0.166947 30
0.176791 30
0.155489 32
0.181277 56
0.149492 50
0.161014 30
0.139934 32
0.159809 57
0.173469 51
1.084310 122
0.310905 111
0.639789 59
0.517431 50
0.030577 57
0.026443 48
0.024032 33
0.023919 30
0.024003 30
0.024744 30
0.097928 156
0.022870 135
0.101033 177
0.024335 147
0.095485 210
0.267524 53
0.238366 58
0.218472 111
0.152858 159
0.163882 181
0.150303 114
0.513467 53
0.739333 97
0.440219 86
0.673513 18
0.000012 31
0.746922 25
0.000476 59
0.000020 26
0.517982 1
0.119739 1
0.135231 1
0.000056 41
0.000051 10
0.000705 19
0.002520 15
0.000020 55
0.002937 8
0.000021 96
0.654496 12
0.393491 20
0.477693 11
0.003645 16
0.204448 16
0.208842 16
0.212395 16
0.207232 16
0.197856 16
0.200187 16
0.217709 14
0.209445 8
0.000010 96
1.536301 1
0.266694 1
0.131999 1
0.180295 1
1.195762 1
0.983256 2
0.300686 1
0.255764 1
0.485098 1
0.000011 3
1.276190 1
0.250500 1
0.164041 3
0.620177 2
0.000011 9
0.030634 27
0.000606 47
0.000187 46
0.000057 43
0.000091 52
0.000075 50
0.000135 33
0.003292 8
0.000027 96
42.649298 1
0.139960 1
0.132023 1
0.176239 1
1.224291 2
0.000012 9
0.000087 6
